******************************************************************************
                  TI ARM Linker PC v18.1.2                     
******************************************************************************
>> Linked Wed Apr  3 11:05:47 2019

OUTPUT FILE NAME:   <ece3849_lab2_mrhagan_doates.out>
ENTRY POINT SYMBOL: "_c_int00"  address: 000033a1


MEMORY CONFIGURATION

         name            origin    length      used     unused   attr    fill
----------------------  --------  ---------  --------  --------  ----  --------
  FLASH                 00000000   00100000  00007024  000f8fdc  R  X
  SRAM                  20000000   00040000  000027c8  0003d838  RW X


SEGMENT ALLOCATION MAP

run origin  load origin   length   init length attrs members
----------  ----------- ---------- ----------- ----- -------
00000000    00000000    00007030   00007030    r-x
  00000000    00000000    0000003c   0000003c    r-- .resetVecs
  00000040    00000040    00004d1a   00004d1a    r-x .text
  00004d5c    00004d5c    000020b6   000020b6    r-- .const
  00006e18    00006e18    00000218   00000218    r-- .cinit
20000000    20000000    000027c8   00000000    rw-
  20000000    20000000    00000360   00000000    rw- .vecs
  20000360    20000360    00001d08   00000000    rw- .bss
  20002068    20002068    00000460   00000000    rw- .data
  200024c8    200024c8    00000300   00000000    rw- .stack


SECTION ALLOCATION MAP

 output                                  attributes/
section   page    origin      length       input sections
--------  ----  ----------  ----------   ----------------
.text      0    00000040    00004d1a     
                  00000040    00000430     sysbios.aem4f : BIOS.obj (.text:ti_sysbios_family_arm_m3_Hwi_excDumpRegs__I)
                  00000470    0000034c     ti.targets.arm.rtsarm.aem4f : System.oem4f (.text:xdc_runtime_System_doPrint__I)
                  000007bc    00000004     rtsv7M4_T_le_v4SPD16_eabi.lib : exit.c.obj (.text:abort:abort)
                  000007c0    000002a4     sysbios.aem4f : BIOS.obj (.text:ti_sysbios_knl_Semaphore_pend__E)
                  00000a64    00000004                   : BIOS.obj (.text:ti_sysbios_family_arm_lm4_Timer_masterEnable__I)
                  00000a68    0000026c                   : BIOS.obj (.text:ti_sysbios_heaps_HeapMem_free__E)
                  00000cd4    00000004     ti.targets.arm.rtsarm.aem4f : Error.oem4f (.text:xdc_runtime_Error_getSite__E)
                  00000cd8    00000250     sysbios.aem4f : BIOS.obj (.text:ti_sysbios_heaps_HeapMem_alloc__E)
                  00000f28    00000204     Boot.aem4f : Boot_sysctl.oem4f (.text:ti_catalog_arm_cortexm4_tiva_ce_Boot_sysCtlClockFreqSetI__I)
                  0000112c    00000004     ti.targets.arm.rtsarm.aem4f : System.oem4f (.text:xdc_runtime_System_aprintf_va__F)
                  00001130    000001fc     sysbios.aem4f : BIOS.obj (.text:ti_sysbios_family_arm_m3_Hwi_excHandlerMax__I)
                  0000132c    00000004     ti.targets.arm.rtsarm.aem4f : System.oem4f (.text:xdc_runtime_System_printf_va__F)
                  00001330    00000174     sysbios.aem4f : BIOS.obj (.text:ti_sysbios_family_arm_m3_Hwi_excBusFault__I)
                  000014a4    00000002     rtsv7M4_T_le_v4SPD16_eabi.lib : _lock.c.obj (.text:_nop)
                  000014a6    00000002                                   : div0.asm.obj (.text)
                  000014a8    00000164     sysbios.aem4f : BIOS.obj (.text:ti_sysbios_family_arm_m3_Hwi_excUsageFault__I)
                  0000160c    00000004     --HOLE-- [fill = 0]
                  00001610    00000148                   : BIOS.obj (.text:ti_sysbios_family_arm_m3_Hwi_excMemFault__I)
                  00001758    0000013c                   : BIOS.obj (.text:ti_sysbios_heaps_HeapMem_Instance_init__E)
                  00001894    00000130     driverlib.lib : gpio.obj (.text:GPIOPadConfigSet)
                  000019c4    00000118     ti.targets.arm.rtsarm.aem4f : Error.oem4f (.text:xdc_runtime_Error_policyDefault__E)
                  00001adc    00000004     --HOLE-- [fill = 0]
                  00001ae0    00000108     sysbios.aem4f : BIOS.obj (.text:ti_sysbios_family_arm_lm4_Timer_start__E)
                  00001be8    00000100     ti.targets.arm.rtsarm.aem4f : Core-mem.oem4f (.text:xdc_runtime_Core_createObject__I)
                  00001ce8    000000fc     rtos_pem4f.oem4f (.text:xdc_runtime_System_printfExtend__I)
                  00001de4    000000f8     ti.targets.arm.rtsarm.aem4f : Startup.oem4f (.text:xdc_runtime_Startup_startMods__I)
                  00001edc    000000f4     sysbios.aem4f : m3_Hwi_asm.obj (.text:ti_sysbios_family_arm_m3_Hwi_dispatch__I)
                  00001fd0    000000ec                   : BIOS.obj (.text:ti_sysbios_knl_Semaphore_post__E)
                  000020bc    000000cc     ti.targets.arm.rtsarm.aem4f : Core-smem.oem4f (.text:xdc_runtime_Core_constructObject__I)
                  00002188    000000bc     sysbios.aem4f : BIOS.obj (.text:ti_sysbios_family_arm_m3_Hwi_excDebugMon__I)
                  00002244    00000004     --HOLE-- [fill = 0]
                  00002248    000000bc                   : BIOS.obj (.text:ti_sysbios_family_arm_m3_Hwi_excHardFault__I)
                  00002304    00000004     --HOLE-- [fill = 0]
                  00002308    000000b4                   : BIOS.obj (.text:ti_sysbios_gates_GateMutex_enter__E)
                  000023bc    00000004     --HOLE-- [fill = 0]
                  000023c0    000000b4                   : BIOS.obj (.text:ti_sysbios_knl_Task_checkStacks__E)
                  00002474    00000004     --HOLE-- [fill = 0]
                  00002478    000000ac                   : BIOS.obj (.text:ti_sysbios_family_arm_lm4_Timer_enableTiva__I)
                  00002524    000000a0     auto_init.aem4f : auto_init.oem4f (.text)
                  000025c4    000000a0     ti.targets.arm.rtsarm.aem4f : Text.oem4f (.text:xdc_runtime_Text_putMod__E)
                  00002664    0000009c     rtsv7M4_T_le_v4SPD16_eabi.lib : memcpy_t2.asm.obj (.text)
                  00002700    0000009c     sysbios.aem4f : BIOS.obj (.text:ti_sysbios_knl_Semaphore_Instance_init__E)
                  0000279c    0000009a     ti.targets.arm.rtsarm.aem4f : Text.oem4f (.text:xdc_runtime_Text_putSite__E)
                  00002836    00000002     --HOLE-- [fill = 0]
                  00002838    00000098     Boot.aem4f : Boot.oem4f (.text:ti_catalog_arm_cortexm4_tiva_ce_Boot_sysCtlClockFreqSet__E)
                  000028d0    00000094     sysbios.aem4f : BIOS.obj (.text:ti_sysbios_family_arm_m3_Hwi_initNVIC__E)
                  00002964    0000008c                   : m3_TaskSupport_asm.obj (.text:ti_sysbios_family_arm_m3_TaskSupport_buildTaskStack)
                  000029f0    0000008c                   : BIOS.obj (.text:ti_sysbios_knl_Task_postInit__I)
                  00002a7c    00000004     --HOLE-- [fill = 0]
                  00002a80    00000084                   : BIOS.obj (.text:ti_sysbios_family_arm_m3_Hwi_postInit__I)
                  00002b04    0000007a     driverlib.lib : adc.obj (.text:ADCSequenceStepConfigure)
                  00002b7e    0000007a     rtsv7M4_T_le_v4SPD16_eabi.lib : memset_t2.asm.obj (.text)
                  00002bf8    00000070     sysbios.aem4f : BIOS.obj (.text:ti_sysbios_knl_Clock_workFunc__E)
                  00002c68    00000070                   : BIOS.obj (.text:ti_sysbios_knl_Task_exit__E)
                  00002cd8    0000006d     ti.targets.arm.rtsarm.aem4f : System.oem4f (.text:xdc_runtime_System_formatNum__I)
                  00002d45    00000003     --HOLE-- [fill = 0]
                  00002d48    0000006c     sysbios.aem4f : BIOS.obj (.text:ti_sysbios_knl_Swi_restoreHwi__E)
                  00002db4    0000006c     ti.targets.arm.rtsarm.aem4f : Error.oem4f (.text:xdc_runtime_Error_print__E)
                  00002e20    0000006c                                 : Memory.oem4f (.text:xdc_runtime_Memory_alloc__E)
                  00002e8c    00000068     driverlib.lib : interrupt.obj (.text:IntEnable)
                  00002ef4    00000068     rtsv7M4_T_le_v4SPD16_eabi.lib : copy_decompress_lzss.c.obj (.text:decompress:lzss:__TI_decompress_lzss)
                  00002f5c    00000004     --HOLE-- [fill = 0]
                  00002f60    00000068     main.obj (.text:main)
                  00002fc8    00000068     sysbios.aem4f : BIOS.obj (.text:ti_sysbios_family_arm_lm4_TimestampProvider_initTimerHandle__I)
                  00003030    00000066     ti.targets.arm.rtsarm.aem4f : Core-mem.oem4f (.text:xdc_runtime_Core_deleteObject__I)
                  00003096    00000002     --HOLE-- [fill = 0]
                  00003098    00000064     sysbios.aem4f : BIOS.obj (.text:ti_sysbios_family_arm_lm4_Timer_Module_startup__E)
                  000030fc    00000004     --HOLE-- [fill = 0]
                  00003100    00000064                   : BIOS.obj (.text:ti_sysbios_family_arm_m3_Hwi_dispatchC__I)
                  00003164    00000004     --HOLE-- [fill = 0]
                  00003168    00000060                   : BIOS.obj (.text:ti_sysbios_knl_Task_schedule__I)
                  000031c8    0000005c                   : BIOS.obj (.text:ti_sysbios_knl_Swi_run__I)
                  00003224    00000004     --HOLE-- [fill = 0]
                  00003228    0000005c                   : BIOS.obj (.text:ti_sysbios_knl_Swi_schedule__I)
                  00003284    00000004     --HOLE-- [fill = 0]
                  00003288    0000005c                   : BIOS.obj (.text:ti_sysbios_knl_Task_Module_startup__E)
                  000032e4    00000004     --HOLE-- [fill = 0]
                  000032e8    0000005c                   : BIOS.obj (.text:ti_sysbios_knl_Task_startCore__E)
                  00003344    0000005b     ti.targets.arm.rtsarm.aem4f : Text.oem4f (.text:xdc_runtime_Text_putLab__E)
                  0000339f    00000001     --HOLE-- [fill = 0]
                  000033a0    00000058     boot.aem4f : boot.oem4f (.text)
                  000033f8    00000058     rtsv7M4_T_le_v4SPD16_eabi.lib : hostwrite.c.obj (.text:HOSTwrite)
                  00003450    00000058     sysbios.aem4f : m3_Hwi_asm_switch.obj (.text:ti_sysbios_family_arm_m3_Hwi_initStacks__E)
                  000034a8    00000054     main.obj (.text:m3Hwi0_func)
                  000034fc    00000004     --HOLE-- [fill = 0]
                  00003500    00000054     sysbios.aem4f : BIOS.obj (.text:ti_sysbios_family_arm_lm4_Timer_initDevice__I)
                  00003554    00000054     ti.targets.arm.rtsarm.aem4f : Assert.oem4f (.text:xdc_runtime_Assert_raise__I)
                  000035a8    00000050     Boot.aem4f : Boot_sysctl.oem4f (.text:_SysCtlFrequencyGet)
                  000035f8    00000050     sysbios.aem4f : BIOS.obj (.text:ti_sysbios_family_arm_m3_Hwi_Module_startup__E)
                  00003648    00000050     ti.targets.arm.rtsarm.aem4f : Startup.oem4f (.text:xdc_runtime_Startup_exec__E)
                  00003698    00000050                                 : Text.oem4f (.text:xdc_runtime_Text_visitRope2__I)
                  000036e8    0000004c     rtsv7M4_T_le_v4SPD16_eabi.lib : cpy_tbl.c.obj (.text:copy_in)
                  00003734    00000004     --HOLE-- [fill = 0]
                  00003738    0000004c     sysbios.aem4f : BIOS.obj (.text:ti_sysbios_heaps_HeapMem_getStats__E)
                  00003784    00000004     --HOLE-- [fill = 0]
                  00003788    0000004c                   : BIOS.obj (.text:ti_sysbios_knl_Swi_runLoop__I)
                  000037d4    00000004     --HOLE-- [fill = 0]
                  000037d8    0000004c                   : BIOS.obj (.text:ti_sysbios_knl_Task_allBlockedFunction__I)
                  00003824    00000004     --HOLE-- [fill = 0]
                  00003828    00000048                   : BIOS.obj (.text:ti_sysbios_family_arm_lm4_Timer_enableTimers__I)
                  00003870    00000048                   : BIOS.obj (.text:ti_sysbios_family_arm_m3_Hwi_disableInterrupt__E)
                  000038b8    00000048                   : BIOS.obj (.text:ti_sysbios_family_arm_m3_Hwi_enableInterrupt__E)
                  00003900    00000048                   : BIOS.obj (.text:ti_sysbios_family_arm_m3_Hwi_excReserved__I)
                  00003948    00000048                   : BIOS.obj (.text:ti_sysbios_knl_Mailbox_Module_startup__E)
                  00003990    00000046     ti.targets.arm.rtsarm.aem4f : Core-params.oem4f (.text:xdc_runtime_Core_assignParams__I)
                  000039d6    00000002     --HOLE-- [fill = 0]
                  000039d8    00000044     sysbios.aem4f : BIOS.obj (.text:ti_sysbios_family_arm_lm4_Timer_isrStub__E)
                  00003a1c    00000004     --HOLE-- [fill = 0]
                  00003a20    00000044                   : BIOS.obj (.text:ti_sysbios_family_arm_m3_Hwi_getStackInfo__E)
                  00003a64    00000004     --HOLE-- [fill = 0]
                  00003a68    00000044                   : BIOS.obj (.text:ti_sysbios_knl_Swi_post__E)
                  00003aac    00000044     ti.targets.arm.rtsarm.aem4f : Error.oem4f (.text:xdc_runtime_Error_setX__E)
                  00003af0    00000044                                 : SysMin.oem4f (.text:xdc_runtime_SysMin_flush__E)
                  00003b34    00000044                                 : Text.oem4f (.text:xdc_runtime_Text_xprintf__I)
                  00003b78    00000040     rtsv7M4_T_le_v4SPD16_eabi.lib : u_divt2.asm.obj (.text)
                  00003bb8    00000040     sysbios.aem4f : BIOS.obj (.text:ti_sysbios_family_arm_lm4_Timer_startup__E)
                  00003bf8    0000003e     driverlib.lib : adc.obj (.text:ADCSequenceConfigure)
                  00003c36    00000002     --HOLE-- [fill = 0]
                  00003c38    0000003c     sysbios.aem4f : BIOS.obj (.text:ti_sysbios_family_arm_m3_Hwi_excSvCall__I)
                  00003c74    00000004     --HOLE-- [fill = 0]
                  00003c78    0000003c                   : BIOS.obj (.text:ti_sysbios_heaps_HeapMem_init__I)
                  00003cb4    00000004     --HOLE-- [fill = 0]
                  00003cb8    0000003c                   : BIOS.obj (.text:ti_sysbios_knl_Swi_restore__E)
                  00003cf4    00000038     rtsv7M4_T_le_v4SPD16_eabi.lib : trgmsg.c.obj (.text:__TI_writemsg)
                  00003d2c    00000004     --HOLE-- [fill = 0]
                  00003d30    00000038     sysbios.aem4f : BIOS.obj (.text:ti_sysbios_family_arm_m3_Hwi_excNoIsr__I)
                  00003d68    00000038                   : BIOS.obj (.text:ti_sysbios_knl_Task_processVitalTaskFlag__I)
                  00003da0    00000038     ti.targets.arm.rtsarm.aem4f : SysMin.oem4f (.text:xdc_runtime_SysMin_putch__E)
                  00003dd8    00000038                                 : System.oem4f (.text:xdc_runtime_System_atexit__E)
                  00003e10    00000034     driverlib.lib : sysctl.obj (.text:SysCtlPeripheralEnable)
                  00003e44    00000034     rtsv7M4_T_le_v4SPD16_eabi.lib : trgmsg.c.obj (.text:__TI_readmsg)
                  00003e78    00000034     sysbios.aem4f : BIOS.obj (.text:ti_sysbios_family_arm_m3_Hwi_excNmi__I)
                  00003eac    00000004     --HOLE-- [fill = 0]
                  00003eb0    00000034                   : BIOS.obj (.text:ti_sysbios_hal_Hwi_checkStack)
                  00003ee4    00000034     ti.targets.arm.rtsarm.aem4f : Core-label.oem4f (.text:xdc_runtime_Core_assignLabel__I)
                  00003f18    00000033                                 : Text.oem4f (.text:xdc_runtime_Text_printVisFxn__I)
                  00003f4b    00000005     --HOLE-- [fill = 0]
                  00003f50    00000032     sysbios.aem4f : BIOS.obj (.text:ti_sysbios_hal_Hwi_initStack)
                  00003f82    00000006     ti.targets.arm.rtsarm.aem4f : System.oem4f (.text:xdc_runtime_System_Module_startup__E)
                  00003f88    00000030     rtos_pem4f.oem4f (.text:ti_sysbios_BIOS_atExitFunc__I)
                  00003fb8    00000030     sysbios.aem4f : BIOS.obj (.text:ti_sysbios_family_arm_lm4_Timer_stop__E)
                  00003fe8    00000030                   : BIOS.obj (.text:ti_sysbios_family_arm_m3_TaskSupport_start__E)
                  00004018    00000030     rtos_pem4f.oem4f (.text:ti_sysbios_gates_GateHwi_Object__create__S)
                  00004048    00000030     rtos_pem4f.oem4f (.text:ti_sysbios_gates_GateMutex_Object__create__S)
                  00004078    00000030     rtos_pem4f.oem4f (.text:ti_sysbios_heaps_HeapMem_Object__create__S)
                  000040a8    00000030     sysbios.aem4f : BIOS.obj (.text:ti_sysbios_knl_Mailbox_postInit__I)
                  000040d8    00000030     rtos_pem4f.oem4f (.text:ti_sysbios_knl_Semaphore_construct)
                  00004108    00000030     sysbios.aem4f : BIOS.obj (.text:ti_sysbios_knl_Semaphore_pendTimeout__I)
                  00004138    00000030                   : BIOS.obj (.text:ti_sysbios_knl_Task_unblockI__E)
                  00004168    00000030     ti.targets.arm.rtsarm.aem4f : SysMin.oem4f (.text:xdc_runtime_SysMin_abort__E)
                  00004198    00000030                                 : System.oem4f (.text:xdc_runtime_System_processAtExit__E)
                  000041c8    0000002c     rtos_pem4f.oem4f (.text:ti_sysbios_knl_Clock_doTick__I)
                  000041f4    00000004     --HOLE-- [fill = 0]
                  000041f8    0000002c     rtos_pem4f.oem4f (.text:ti_sysbios_knl_Queue_construct)
                  00004224    00000004     --HOLE-- [fill = 0]
                  00004228    0000002c     sysbios.aem4f : BIOS.obj (.text:ti_sysbios_knl_Task_restore__E)
                  00004254    0000002c     ti.targets.arm.rtsarm.aem4f : Text.oem4f (.text:xdc_runtime_Text_cordText__E)
                  00004280    0000002a     driverlib.lib : gpio.obj (.text:GPIODirModeSet)
                  000042aa    0000002a     ti.targets.arm.rtsarm.aem4f : System.oem4f (.text:xdc_runtime_System_putchar__I)
                  000042d4    00000004     --HOLE-- [fill = 0]
                  000042d8    00000028     sysbios.aem4f : BIOS.obj (.text:ti_sysbios_knl_Clock_addI__E)
                  00004300    00000028                   : BIOS.obj (.text:ti_sysbios_knl_Swi_Module_startup__E)
                  00004328    00000026                   : m3_Hwi_asm.obj (.text:ti_sysbios_family_arm_m3_Hwi_pendSV__I)
                  0000434e    00000026     ti.targets.arm.rtsarm.aem4f : System.oem4f (.text:xdc_runtime_System_avprintf__E)
                  00004374    00000024     driverlib.lib : interrupt.obj (.text:IntPrioritySet)
                  00004398    00000024     rtos_pem4f.oem4f (.text:ti_sysbios_BIOS_errorRaiseHook__I)
                  000043bc    00000004     --HOLE-- [fill = 0]
                  000043c0    00000024     rtos_pem4f.oem4f (.text:ti_sysbios_BIOS_registerRTSLock__I)
                  000043e4    00000004     --HOLE-- [fill = 0]
                  000043e8    00000024     rtos_pem4f.oem4f (.text:ti_sysbios_BIOS_removeRTSLock__I)
                  0000440c    00000004     --HOLE-- [fill = 0]
                  00004410    00000024     rtos_pem4f.oem4f (.text:ti_sysbios_BIOS_startFunc__I)
                  00004434    00000004     --HOLE-- [fill = 0]
                  00004438    00000024     rtos_pem4f.oem4f (.text:ti_sysbios_gates_GateMutex_Object__delete__S)
                  0000445c    00000004     --HOLE-- [fill = 0]
                  00004460    00000024     sysbios.aem4f : BIOS.obj (.text:ti_sysbios_knl_Clock_Module_startup__E)
                  00004484    00000004     --HOLE-- [fill = 0]
                  00004488    00000024                   : BIOS.obj (.text:ti_sysbios_knl_Task_restoreHwi__E)
                  000044ac    00000024     ti.targets.arm.rtsarm.aem4f : System.oem4f (.text:xdc_runtime_System_vprintf__E)
                  000044d0    00000022     sysbios.aem4f : BIOS.obj (.text:ti_sysbios_family_arm_lm4_Timer_write__I)
                  000044f2    00000006     --HOLE-- [fill = 0]
                  000044f8    00000022     rtos_pem4f.oem4f (.text:xdc_runtime_SysMin_output__I)
                  0000451a    00000002     --HOLE-- [fill = 0]
                  0000451c    00000020     Boot.aem4f : Boot_sysctl.oem4f (.text:_SysCtlMemTimingGet)
                  0000453c    00000004     --HOLE-- [fill = 0]
                  00004540    00000020     rtos_pem4f.oem4f (.text:ti_sysbios_BIOS_rtsLock__I)
                  00004560    00000020     sysbios.aem4f : m3_Hwi_asm.obj (.text:ti_sysbios_family_arm_m3_Hwi_excHandlerAsm__I)
                  00004580    00000020                   : BIOS.obj (.text:ti_sysbios_family_arm_m3_Hwi_excHandler__I)
                  000045a0    00000020     rtos_pem4f.oem4f (.text:ti_sysbios_gates_GateHwi_Object__delete__S)
                  000045c0    00000020     rtos_pem4f.oem4f (.text:ti_sysbios_heaps_HeapMem_Object__delete__S)
                  000045e0    00000020     sysbios.aem4f : BIOS.obj (.text:ti_sysbios_knl_Idle_run__E)
                  00004600    00000020     rtos_pem4f.oem4f (.text:ti_sysbios_knl_Semaphore_Object__destruct__S)
                  00004620    00000020     ti.targets.arm.rtsarm.aem4f : Registry.oem4f (.text:xdc_runtime_Registry_findById__E)
                  00004640    00000020                                 : SysMin.oem4f (.text:xdc_runtime_SysMin_Module_startup__E)
                  00004660    0000001e     sysbios.aem4f : m3_Hwi_asm_switch.obj (.text:ti_sysbios_family_xxx_Hwi_switchAndRunFunc)
                  0000467e    00000002     --HOLE-- [fill = 0]
                  00004680    0000001c                   : BIOS.obj (.text:ti_sysbios_gates_GateMutex_Instance_init__E)
                  0000469c    00000004     --HOLE-- [fill = 0]
                  000046a0    0000001c     rtos_pem4f.oem4f (.text:ti_sysbios_knl_Queue_Object__destruct__S)
                  000046bc    00000004     --HOLE-- [fill = 0]
                  000046c0    0000001c     sysbios.aem4f : BIOS.obj (.text:ti_sysbios_knl_Queue_put__E)
                  000046dc    00000004     --HOLE-- [fill = 0]
                  000046e0    0000001c                   : BIOS.obj (.text:ti_sysbios_knl_Task_enter__I)
                  000046fc    0000001c     ti.targets.arm.rtsarm.aem4f : Error.oem4f (.text:xdc_runtime_Error_raiseX__E)
                  00004718    0000001c                                 : Memory.oem4f (.text:xdc_runtime_Memory_valloc__E)
                  00004734    0000001c                                 : SysMin.oem4f (.text:xdc_runtime_SysMin_exit__E)
                  00004750    0000001c                                 : System.oem4f (.text:xdc_runtime_System_abort__E)
                  0000476c    00000004     --HOLE-- [fill = 0]
                  00004770    0000001a     rtos_pem4f.oem4f (.text:ti_sysbios_family_arm_m3_Hwi_Handle__label__S)
                  0000478a    00000006     --HOLE-- [fill = 0]
                  00004790    0000001a     rtos_pem4f.oem4f (.text:ti_sysbios_gates_GateHwi_Handle__label__S)
                  000047aa    00000006     --HOLE-- [fill = 0]
                  000047b0    0000001a     rtos_pem4f.oem4f (.text:ti_sysbios_gates_GateMutex_Handle__label__S)
                  000047ca    00000006     --HOLE-- [fill = 0]
                  000047d0    0000001a     rtos_pem4f.oem4f (.text:ti_sysbios_heaps_HeapMem_Handle__label__S)
                  000047ea    00000006     --HOLE-- [fill = 0]
                  000047f0    0000001a     rtos_pem4f.oem4f (.text:ti_sysbios_knl_Swi_Handle__label__S)
                  0000480a    00000006     --HOLE-- [fill = 0]
                  00004810    0000001a     rtos_pem4f.oem4f (.text:ti_sysbios_knl_Task_Handle__label__S)
                  0000482a    00000006     --HOLE-- [fill = 0]
                  00004830    0000001a     rtos_pem4f.oem4f (.text:xdc_runtime_System_aprintf__E)
                  0000484a    00000006     --HOLE-- [fill = 0]
                  00004850    0000001a     rtos_pem4f.oem4f (.text:xdc_runtime_System_printf__E)
                  0000486a    00000002     --HOLE-- [fill = 0]
                  0000486c    00000018     rtsv7M4_T_le_v4SPD16_eabi.lib : args_main.c.obj (.text:_args_main)
                  00004884    00000004     --HOLE-- [fill = 0]
                  00004888    00000018     rtos_pem4f.oem4f (.text:ti_sysbios_BIOS_rtsUnlock__I)
                  000048a0    00000018     rtos_pem4f.oem4f (.text:ti_sysbios_family_arm_lm4_Timer_Module__startupDone__F)
                  000048b8    00000018     rtos_pem4f.oem4f (.text:ti_sysbios_family_arm_m3_Hwi_Module__startupDone__F)
                  000048d0    00000018     sysbios.aem4f : m3_TaskSupport_asm.obj (.text:ti_sysbios_family_arm_m3_TaskSupport_swap__E)
                  000048e8    00000018                   : BIOS.obj (.text:ti_sysbios_gates_GateMutex_leave__E)
                  00004900    00000018     ti.targets.arm.rtsarm.aem4f : Error.oem4f (.text:xdc_runtime_Error_check__E)
                  00004918    00000018                                 : System.oem4f (.text:xdc_runtime_System_exit__E)
                  00004930    00000018                                 : Text.oem4f (.text:xdc_runtime_Text_ropeText__E)
                  00004948    00000016     rtos_pem4f.oem4f (.text:ti_sysbios_BIOS_exitFunc__I)
                  0000495e    00000002     --HOLE-- [fill = 0]
                  00004960    00000016     sysbios.aem4f : BIOS.obj (.text:ti_sysbios_knl_Task_unblock__E)
                  00004976    00000014     rtsv7M4_T_le_v4SPD16_eabi.lib : strlen.c.obj (.text:strlen)
                  0000498a    00000006     --HOLE-- [fill = 0]
                  00004990    00000014     rtos_pem4f.oem4f (.text:ti_sysbios_family_arm_m3_Hwi_Object__get__S)
                  000049a4    00000004     --HOLE-- [fill = 0]
                  000049a8    00000014     sysbios.aem4f : BIOS.obj (.text:ti_sysbios_family_arm_m3_Hwi_switchFromBootStack__E)
                  000049bc    00000004     --HOLE-- [fill = 0]
                  000049c0    00000014     rtos_pem4f.oem4f (.text:ti_sysbios_heaps_HeapMem_Object__get__S)
                  000049d4    00000004     --HOLE-- [fill = 0]
                  000049d8    00000014     rtos_pem4f.oem4f (.text:ti_sysbios_knl_Swi_Object__get__S)
                  000049ec    00000012     driverlib.lib : gpio.obj (.text:GPIOPinTypeADC)
                  000049fe    00000002     --HOLE-- [fill = 0]
                  00004a00    00000012     sysbios.aem4f : BIOS.obj (.text:ti_sysbios_hal_Hwi_Module_startup__E)
                  00004a12    00000006     --HOLE-- [fill = 0]
                  00004a18    00000012     rtos_pem4f.oem4f (.text:xdc_runtime_Startup_exec__I)
                  00004a2a    00000006     --HOLE-- [fill = 0]
                  00004a30    00000010     rtos_pem4f.oem4f (.text:.bootCodeSection:ti_catalog_arm_cortexm4_tiva_ce_Boot_init__I)
                  00004a40    00000010     driverlib.lib : adc.obj (.text:ADCIntEnable)
                  00004a50    00000010                   : interrupt.obj (.text:IntMasterDisable)
                  00004a60    00000010                   : interrupt.obj (.text:IntMasterEnable)
                  00004a70    00000010     sysbios.aem4f : BIOS.obj (.text:ti_sysbios_BIOS_setThreadType__E)
                  00004a80    00000010                   : BIOS.obj (.text:ti_sysbios_BIOS_start__E)
                  00004a90    00000010                   : m3_TaskSupport_asm.obj (.text:ti_sysbios_family_arm_m3_TaskSupport_glue)
                  00004aa0    00000010                   : BIOS.obj (.text:ti_sysbios_gates_GateMutex_Instance_finalize__E)
                  00004ab0    00000010     rtos_pem4f.oem4f (.text:ti_sysbios_knl_Mailbox_Object__get__S)
                  00004ac0    00000010     sysbios.aem4f : BIOS.obj (.text:ti_sysbios_knl_Semaphore_Instance_finalize__E)
                  00004ad0    00000010                   : BIOS.obj (.text:ti_sysbios_knl_Swi_disable__E)
                  00004ae0    00000010     rtos_pem4f.oem4f (.text:ti_sysbios_knl_Task_Object__get__S)
                  00004af0    00000010     sysbios.aem4f : BIOS.obj (.text:ti_sysbios_knl_Task_disable__E)
                  00004b00    00000010     ti.targets.arm.rtsarm.aem4f : Gate.oem4f (.text:xdc_runtime_Gate_leaveSystem__E)
                  00004b10    00000010                                 : Memory.oem4f (.text:xdc_runtime_Memory_free__E)
                  00004b20    00000010                                 : SysMin.oem4f (.text:xdc_runtime_SysMin_ready__E)
                  00004b30    00000010                                 : System.oem4f (.text:xdc_runtime_System_vsnprintf__E)
                  00004b40    00000010     rtos_pem4f.oem4f (.text:xdc_runtime_Text_visitRope__I)
                  00004b50    0000000e     driverlib.lib : adc.obj (.text:ADCSequenceDisable)
                  00004b5e    0000000e                   : adc.obj (.text:ADCSequenceEnable)
                  00004b6c    0000000e     rtsv7M4_T_le_v4SPD16_eabi.lib : copy_decompress_none.c.obj (.text:decompress:none:__TI_decompress_none)
                  00004b7a    00000006     --HOLE-- [fill = 0]
                  00004b80    0000000e     sysbios.aem4f : BIOS.obj (.text:ti_sysbios_knl_Idle_loop__E)
                  00004b8e    00000002     --HOLE-- [fill = 0]
                  00004b90    0000000e                   : BIOS.obj (.text:ti_sysbios_knl_Queue_empty__E)
                  00004b9e    0000000c     driverlib.lib : cpu.obj (.text:CPUcpsid)
                  00004baa    0000000c                   : cpu.obj (.text:CPUcpsie)
                  00004bb6    00000002     --HOLE-- [fill = 0]
                  00004bb8    0000000c     rtsv7M4_T_le_v4SPD16_eabi.lib : _lock.c.obj (.text:_register_lock)
                  00004bc4    0000000c                                   : _lock.c.obj (.text:_register_unlock)
                  00004bd0    0000000c                                   : copy_zero_init.c.obj (.text:decompress:ZI:__TI_zero_init)
                  00004bdc    00000004     --HOLE-- [fill = 0]
                  00004be0    0000000c     sysbios.aem4f : BIOS.obj (.text:ti_sysbios_family_arm_lm4_Timer_getMaxTicks__E)
                  00004bec    00000004     --HOLE-- [fill = 0]
                  00004bf0    0000000c                   : BIOS.obj (.text:ti_sysbios_family_arm_m3_TaskSupport_checkStack__E)
                  00004bfc    00000004     --HOLE-- [fill = 0]
                  00004c00    0000000c                   : BIOS.obj (.text:ti_sysbios_gates_GateHwi_enter__E)
                  00004c0c    00000004     --HOLE-- [fill = 0]
                  00004c10    0000000c     rtos_pem4f.oem4f (.text:ti_sysbios_knl_Queue_Object__get__S)
                  00004c1c    0000000c     ti.targets.arm.rtsarm.aem4f : Error.oem4f (.text:xdc_runtime_Error_init__E)
                  00004c28    0000000c                                 : Gate.oem4f (.text:xdc_runtime_Gate_enterSystem__E)
                  00004c34    0000000c                                 : Memory.oem4f (.text:xdc_runtime_Memory_calloc__E)
                  00004c40    0000000c                                 : Memory.oem4f (.text:xdc_runtime_Memory_getMaxDefaultTypeAlign__E)
                  00004c4c    00000004     --HOLE-- [fill = 0]
                  00004c50    0000000a     main.obj (.text:ADCIndexWrap)
                  00004c5a    00000006     --HOLE-- [fill = 0]
                  00004c60    0000000a     main.obj (.text:task0_func)
                  00004c6a    00000006     --HOLE-- [fill = 0]
                  00004c70    0000000a     rtos_pem4f.oem4f (.text:xdc_runtime_IHeap_alloc)
                  00004c7a    00000006     --HOLE-- [fill = 0]
                  00004c80    0000000a     rtos_pem4f.oem4f (.text:xdc_runtime_IHeap_free)
                  00004c8a    00000008     sysbios.aem4f : BIOS.obj (.text:ti_sysbios_family_arm_lm4_Timer_masterDisable__I)
                  00004c92    00000006     --HOLE-- [fill = 0]
                  00004c98    00000008                   : BIOS.obj (.text:ti_sysbios_family_arm_m3_Hwi_doSwiRestore__I)
                  00004ca0    00000008                   : BIOS.obj (.text:ti_sysbios_family_arm_m3_Hwi_startup__E)
                  00004ca8    00000006                   : BIOS.obj (.text:ti_sysbios_family_arm_lm4_TimestampProvider_Module_startup__E)
                  00004cae    00000002     --HOLE-- [fill = 0]
                  00004cb0    00000006                   : BIOS.obj (.text:ti_sysbios_family_arm_m3_Hwi_doTaskRestore__I)
                  00004cb6    00000002     --HOLE-- [fill = 0]
                  00004cb8    00000006                   : BIOS.obj (.text:ti_sysbios_gates_GateHwi_leave__E)
                  00004cbe    00000002     --HOLE-- [fill = 0]
                  00004cc0    00000006                   : BIOS.obj (.text:ti_sysbios_heaps_HeapMem_isBlocking__E)
                  00004cc6    00000002     --HOLE-- [fill = 0]
                  00004cc8    00000006                   : BIOS.obj (.text:ti_sysbios_knl_Queue_Instance_init__E)
                  00004cce    00000002     --HOLE-- [fill = 0]
                  00004cd0    00000006                   : BIOS.obj (.text:ti_sysbios_knl_Swi_startup__E)
                  00004cd6    00000002     --HOLE-- [fill = 0]
                  00004cd8    00000004     rtos_pem4f.oem4f (.text:ti_sysbios_BIOS_RtsGateProxy_enter__E)
                  00004cdc    00000004     --HOLE-- [fill = 0]
                  00004ce0    00000004     rtos_pem4f.oem4f (.text:ti_sysbios_BIOS_RtsGateProxy_leave__E)
                  00004ce4    00000004     --HOLE-- [fill = 0]
                  00004ce8    00000004     rtos_pem4f.oem4f (.text:ti_sysbios_family_arm_m3_TaskSupport_Module__startupDone__S)
                  00004cec    00000004     --HOLE-- [fill = 0]
                  00004cf0    00000004     sysbios.aem4f : BIOS.obj (.text:ti_sysbios_gates_GateHwi_query__E)
                  00004cf4    00000004     --HOLE-- [fill = 0]
                  00004cf8    00000004                   : BIOS.obj (.text:ti_sysbios_gates_GateMutex_query__E)
                  00004cfc    00000004     --HOLE-- [fill = 0]
                  00004d00    00000004     rtos_pem4f.oem4f (.text:ti_sysbios_heaps_HeapMem_Module_GateProxy_enter__E)
                  00004d04    00000004     --HOLE-- [fill = 0]
                  00004d08    00000004     rtos_pem4f.oem4f (.text:ti_sysbios_heaps_HeapMem_Module_GateProxy_leave__E)
                  00004d0c    00000004     --HOLE-- [fill = 0]
                  00004d10    00000004     rtos_pem4f.oem4f (.text:ti_sysbios_knl_Clock_TimerProxy_getMaxTicks__E)
                  00004d14    00000004     --HOLE-- [fill = 0]
                  00004d18    00000004     rtos_pem4f.oem4f (.text:ti_sysbios_knl_Queue_destruct)
                  00004d1c    00000004     --HOLE-- [fill = 0]
                  00004d20    00000004     rtos_pem4f.oem4f (.text:ti_sysbios_knl_Semaphore_destruct)
                  00004d24    00000004     --HOLE-- [fill = 0]
                  00004d28    00000004     sysbios.aem4f : BIOS.obj (.text:ti_sysbios_knl_Task_startup__E)
                  00004d2c    00000004     --HOLE-- [fill = 0]
                  00004d30    00000004     rtos_pem4f.oem4f (.text:xdc_runtime_System_Module_GateProxy_enter__E)
                  00004d34    00000004     --HOLE-- [fill = 0]
                  00004d38    00000004     rtos_pem4f.oem4f (.text:xdc_runtime_System_Module_GateProxy_leave__E)
                  00004d3c    00000004     --HOLE-- [fill = 0]
                  00004d40    00000002     rtos_pem4f.oem4f (.text:ti_sysbios_BIOS_nullFunc__I)
                  00004d42    00000006     --HOLE-- [fill = 0]
                  00004d48    00000002     sysbios.aem4f : BIOS.obj (.text:ti_sysbios_gates_GateHwi_Instance_init__E)
                  00004d4a    00000006     --HOLE-- [fill = 0]
                  00004d50    00000002                   : BIOS.obj (.text:ti_sysbios_knl_Clock_logTick__E)
                  00004d52    00000006     --HOLE-- [fill = 0]
                  00004d58    00000002     rtos_pem4f.oem4f (.text:xdc_runtime_Startup_reset__I)

.const     0    00004d5c    000020b6     
                  00004d5c    00001915     rtos_pem4f.oem4f (.const:xdc_runtime_Text_charTab__A)
                  00006671    00000001     rtos_pem4f.oem4f (.const:xdc_runtime_Error_policy__C)
                  00006672    00000002     rtos_pem4f.oem4f (.const:ti_catalog_arm_cortexm4_tiva_ce_Boot_Module__id__C)
                  00006674    00000120     Boot.aem4f : Boot_sysctl.oem4f (.const:g_pppui32XTALtoVCO)
                  00006794    000000c8     rtos_pem4f.oem4f (.const:xdc_runtime_Text_nodeTab__A)
                  0000685c    0000009c     driverlib.lib : interrupt.obj (.const:g_pui32Regs)
                  000068f8    00000070                   : interrupt.obj (.const)
                  00006968    0000006c     Boot.aem4f : Boot_sysctl.oem4f (.const:g_pui32Xtals)
                  000069d4    00000048     rtos_pem4f.oem4f (.const:.string)
                  00006a1c    00000030     Boot.aem4f : Boot_sysctl.oem4f (.const:g_sXTALtoMEMTIM)
                  00006a4c    00000028     rtos_pem4f.oem4f (.const:ti_sysbios_heaps_HeapMem_Module__FXNS__C)
                  00006a74    00000028     rtos_pem4f.oem4f (.const:xdc_runtime_Startup_sfxnTab__A)
                  00006a9c    00000024     rtos_pem4f.oem4f (.const:ti_sysbios_gates_GateHwi_Module__FXNS__C)
                  00006ac0    00000024     rtos_pem4f.oem4f (.const:ti_sysbios_gates_GateMutex_Module__FXNS__C)
                  00006ae4    00000024     rtos_pem4f.oem4f (.const:ti_sysbios_heaps_HeapMem_Object__PARAMS__C)
                  00006b08    00000024     rtos_pem4f.oem4f (.const:ti_sysbios_knl_Semaphore_Object__PARAMS__C)
                  00006b2c    00000020     rtos_pem4f.oem4f (.const:ti_sysbios_gates_GateHwi_Object__DESC__C)
                  00006b4c    00000020     rtos_pem4f.oem4f (.const:ti_sysbios_gates_GateMutex_Object__DESC__C)
                  00006b6c    00000020     rtos_pem4f.oem4f (.const:ti_sysbios_heaps_HeapMem_Object__DESC__C)
                  00006b8c    00000020     rtos_pem4f.oem4f (.const:ti_sysbios_knl_Queue_Object__DESC__C)
                  00006bac    00000020     rtos_pem4f.oem4f (.const:ti_sysbios_knl_Semaphore_Object__DESC__C)
                  00006bcc    00000018     rtos_pem4f.oem4f (.const:ti_sysbios_gates_GateHwi_Object__PARAMS__C)
                  00006be4    00000018     rtos_pem4f.oem4f (.const:ti_sysbios_gates_GateMutex_Object__PARAMS__C)
                  00006bfc    00000018     rtos_pem4f.oem4f (.const:ti_sysbios_knl_Queue_Object__PARAMS__C)
                  00006c14    00000018     rtos_pem4f.oem4f (.const:xdc_runtime_Startup_firstFxns__A)
                  00006c2c    00000014     rtos_pem4f.oem4f (.const:xdc_runtime_Startup_sfxnRts__A)
                  00006c40    00000008     Boot.aem4f : Boot_sysctl.oem4f (.const)
                  00006c48    00000008     rtos_pem4f.oem4f (.const:ti_sysbios_family_arm_m3_Hwi_excHookFuncs__A)
                  00006c50    00000008     rtos_pem4f.oem4f (.const:ti_sysbios_knl_Idle_funcList__C)
                  00006c58    00000008     rtos_pem4f.oem4f (.const:xdc_runtime_Startup_firstFxns__C)
                  00006c60    00000008     rtos_pem4f.oem4f (.const:xdc_runtime_Startup_lastFxns__C)
                  00006c68    00000004     rtos_pem4f.oem4f (.const:ti_catalog_arm_cortexm4_tiva_ce_Boot_A_mustNotUseEnhancedClockMode__C)
                  00006c6c    00000004     rtos_pem4f.oem4f (.const:ti_catalog_arm_cortexm4_tiva_ce_Boot_Module__diagsEnabled__C)
                  00006c70    00000004     rtos_pem4f.oem4f (.const:ti_catalog_arm_cortexm4_tiva_ce_Boot_Module__diagsIncluded__C)
                  00006c74    00000004     rtos_pem4f.oem4f (.const:ti_catalog_arm_cortexm4_tiva_ce_Boot_Module__diagsMask__C)
                  00006c78    00000004     rtos_pem4f.oem4f (.const:ti_sysbios_family_arm_lm4_Timer_enableFunc__C)
                  00006c7c    00000004     rtos_pem4f.oem4f (.const:ti_sysbios_family_arm_lm4_Timer_numTimerDevices__C)
                  00006c80    00000004     rtos_pem4f.oem4f (.const:ti_sysbios_family_arm_lm4_Timer_startupNeeded__C)
                  00006c84    00000004     rtos_pem4f.oem4f (.const:ti_sysbios_family_arm_lm4_TimestampProvider_Module__diagsEnabled__C)
                  00006c88    00000004     rtos_pem4f.oem4f (.const:ti_sysbios_family_arm_lm4_TimestampProvider_Module__diagsIncluded__C)
                  00006c8c    00000004     rtos_pem4f.oem4f (.const:ti_sysbios_family_arm_lm4_TimestampProvider_Module__diagsMask__C)
                  00006c90    00000004     rtos_pem4f.oem4f (.const:ti_sysbios_family_arm_m3_Hwi_E_NMI__C)
                  00006c94    00000004     rtos_pem4f.oem4f (.const:ti_sysbios_family_arm_m3_Hwi_E_busFault__C)
                  00006c98    00000004     rtos_pem4f.oem4f (.const:ti_sysbios_family_arm_m3_Hwi_E_debugMon__C)
                  00006c9c    00000004     rtos_pem4f.oem4f (.const:ti_sysbios_family_arm_m3_Hwi_E_hardFault__C)
                  00006ca0    00000004     rtos_pem4f.oem4f (.const:ti_sysbios_family_arm_m3_Hwi_E_memFault__C)
                  00006ca4    00000004     rtos_pem4f.oem4f (.const:ti_sysbios_family_arm_m3_Hwi_E_noIsr__C)
                  00006ca8    00000004     rtos_pem4f.oem4f (.const:ti_sysbios_family_arm_m3_Hwi_E_reserved__C)
                  00006cac    00000004     rtos_pem4f.oem4f (.const:ti_sysbios_family_arm_m3_Hwi_E_svCall__C)
                  00006cb0    00000004     rtos_pem4f.oem4f (.const:ti_sysbios_family_arm_m3_Hwi_E_usageFault__C)
                  00006cb4    00000004     rtos_pem4f.oem4f (.const:ti_sysbios_family_arm_m3_Hwi_NUM_INTERRUPTS__C)
                  00006cb8    00000004     rtos_pem4f.oem4f (.const:ti_sysbios_family_arm_m3_Hwi_Object__count__C)
                  00006cbc    00000004     rtos_pem4f.oem4f (.const:ti_sysbios_family_arm_m3_Hwi_ccr__C)
                  00006cc0    00000004     rtos_pem4f.oem4f (.const:ti_sysbios_family_arm_m3_Hwi_excHandlerFunc__C)
                  00006cc4    00000004     rtos_pem4f.oem4f (.const:ti_sysbios_family_arm_m3_Hwi_excHookFuncs__C)
                  00006cc8    00000004     rtos_pem4f.oem4f (.const:ti_sysbios_family_arm_m3_Hwi_nullIsrFunc__C)
                  00006ccc    00000004     rtos_pem4f.oem4f (.const:ti_sysbios_family_arm_m3_Hwi_priGroup__C)
                  00006cd0    00000004     rtos_pem4f.oem4f (.const:ti_sysbios_gates_GateMutex_A_badContext__C)
                  00006cd4    00000004     rtos_pem4f.oem4f (.const:ti_sysbios_gates_GateMutex_Instance_State_sem__O)
                  00006cd8    00000004     rtos_pem4f.oem4f (.const:ti_sysbios_gates_GateMutex_Module__diagsEnabled__C)
                  00006cdc    00000004     rtos_pem4f.oem4f (.const:ti_sysbios_gates_GateMutex_Module__diagsIncluded__C)
                  00006ce0    00000004     rtos_pem4f.oem4f (.const:ti_sysbios_gates_GateMutex_Module__diagsMask__C)
                  00006ce4    00000004     rtos_pem4f.oem4f (.const:ti_sysbios_hal_Hwi_E_stackOverflow__C)
                  00006ce8    00000004     rtos_pem4f.oem4f (.const:ti_sysbios_heaps_HeapMem_A_align__C)
                  00006cec    00000004     rtos_pem4f.oem4f (.const:ti_sysbios_heaps_HeapMem_A_heapSize__C)
                  00006cf0    00000004     rtos_pem4f.oem4f (.const:ti_sysbios_heaps_HeapMem_A_invalidFree__C)
                  00006cf4    00000004     rtos_pem4f.oem4f (.const:ti_sysbios_heaps_HeapMem_A_zeroBlock__C)
                  00006cf8    00000004     rtos_pem4f.oem4f (.const:ti_sysbios_heaps_HeapMem_E_memory__C)
                  00006cfc    00000004     rtos_pem4f.oem4f (.const:ti_sysbios_heaps_HeapMem_Module__diagsEnabled__C)
                  00006d00    00000004     rtos_pem4f.oem4f (.const:ti_sysbios_heaps_HeapMem_Module__diagsIncluded__C)
                  00006d04    00000004     rtos_pem4f.oem4f (.const:ti_sysbios_heaps_HeapMem_Module__diagsMask__C)
                  00006d08    00000004     rtos_pem4f.oem4f (.const:ti_sysbios_heaps_HeapMem_Module__gateObj__C)
                  00006d0c    00000004     rtos_pem4f.oem4f (.const:ti_sysbios_heaps_HeapMem_Object__count__C)
                  00006d10    00000004     rtos_pem4f.oem4f (.const:ti_sysbios_heaps_HeapMem_reqAlign__C)
                  00006d14    00000004     rtos_pem4f.oem4f (.const:ti_sysbios_knl_Clock_Module_State_clockQ__O)
                  00006d18    00000004     rtos_pem4f.oem4f (.const:ti_sysbios_knl_Idle_funcList__A)
                  00006d1c    00000004     rtos_pem4f.oem4f (.const:ti_sysbios_knl_Mailbox_Instance_State_freeQue__O)
                  00006d20    00000004     rtos_pem4f.oem4f (.const:ti_sysbios_knl_Mailbox_Object__count__C)
                  00006d24    00000004     rtos_pem4f.oem4f (.const:ti_sysbios_knl_Mailbox_maxTypeAlign__C)
                  00006d28    00000004     rtos_pem4f.oem4f (.const:ti_sysbios_knl_Semaphore_A_badContext__C)
                  00006d2c    00000004     rtos_pem4f.oem4f (.const:ti_sysbios_knl_Semaphore_A_noEvents__C)
                  00006d30    00000004     rtos_pem4f.oem4f (.const:ti_sysbios_knl_Semaphore_A_overflow__C)
                  00006d34    00000004     rtos_pem4f.oem4f (.const:ti_sysbios_knl_Semaphore_A_pendTaskDisabled__C)
                  00006d38    00000004     rtos_pem4f.oem4f (.const:ti_sysbios_knl_Semaphore_Instance_State_pendQ__O)
                  00006d3c    00000004     rtos_pem4f.oem4f (.const:ti_sysbios_knl_Semaphore_Module__diagsEnabled__C)
                  00006d40    00000004     rtos_pem4f.oem4f (.const:ti_sysbios_knl_Semaphore_Module__diagsIncluded__C)
                  00006d44    00000004     rtos_pem4f.oem4f (.const:ti_sysbios_knl_Semaphore_Module__diagsMask__C)
                  00006d48    00000004     rtos_pem4f.oem4f (.const:ti_sysbios_knl_Swi_Object__count__C)
                  00006d4c    00000004     rtos_pem4f.oem4f (.const:ti_sysbios_knl_Task_E_spOutOfBounds__C)
                  00006d50    00000004     rtos_pem4f.oem4f (.const:ti_sysbios_knl_Task_E_stackOverflow__C)
                  00006d54    00000004     rtos_pem4f.oem4f (.const:ti_sysbios_knl_Task_Module_State_inactiveQ__O)
                  00006d58    00000004     rtos_pem4f.oem4f (.const:ti_sysbios_knl_Task_Object__count__C)
                  00006d5c    00000004     rtos_pem4f.oem4f (.const:ti_sysbios_knl_Task_allBlockedFunc__C)
                  00006d60    00000004     rtos_pem4f.oem4f (.const:ti_sysbios_knl_Task_numConstructedTasks__C)
                  00006d64    00000004     rtos_pem4f.oem4f (.const:xdc_runtime_Assert_E_assertFailed__C)
                  00006d68    00000004     rtos_pem4f.oem4f (.const:xdc_runtime_Core_A_initializedParams__C)
                  00006d6c    00000004     rtos_pem4f.oem4f (.const:xdc_runtime_Core_Module__diagsEnabled__C)
                  00006d70    00000004     rtos_pem4f.oem4f (.const:xdc_runtime_Core_Module__diagsIncluded__C)
                  00006d74    00000004     rtos_pem4f.oem4f (.const:xdc_runtime_Core_Module__diagsMask__C)
                  00006d78    00000004     rtos_pem4f.oem4f (.const:xdc_runtime_Error_E_memory__C)
                  00006d7c    00000004     rtos_pem4f.oem4f (.const:xdc_runtime_Error_Module__diagsEnabled__C)
                  00006d80    00000004     rtos_pem4f.oem4f (.const:xdc_runtime_Error_Module__diagsIncluded__C)
                  00006d84    00000004     rtos_pem4f.oem4f (.const:xdc_runtime_Error_Module__diagsMask__C)
                  00006d88    00000004     rtos_pem4f.oem4f (.const:xdc_runtime_Error_Module__loggerFxn8__C)
                  00006d8c    00000004     rtos_pem4f.oem4f (.const:xdc_runtime_Error_Module__loggerObj__C)
                  00006d90    00000004     rtos_pem4f.oem4f (.const:xdc_runtime_Error_policyFxn__C)
                  00006d94    00000004     rtos_pem4f.oem4f (.const:xdc_runtime_Error_raiseHook__C)
                  00006d98    00000004     rtos_pem4f.oem4f (.const:xdc_runtime_IGateProvider_Interface__BASE__C)
                  00006d9c    00000004     rtos_pem4f.oem4f (.const:xdc_runtime_IHeap_Interface__BASE__C)
                  00006da0    00000004     rtos_pem4f.oem4f (.const:xdc_runtime_IModule_Interface__BASE__C)
                  00006da4    00000004     rtos_pem4f.oem4f (.const:xdc_runtime_Log_L_error__C)
                  00006da8    00000004     rtos_pem4f.oem4f (.const:xdc_runtime_Memory_defaultHeapInstance__C)
                  00006dac    00000004     rtos_pem4f.oem4f (.const:xdc_runtime_Startup_execImpl__C)
                  00006db0    00000004     rtos_pem4f.oem4f (.const:xdc_runtime_Startup_maxPasses__C)
                  00006db4    00000004     rtos_pem4f.oem4f (.const:xdc_runtime_Startup_sfxnRts__C)
                  00006db8    00000004     rtos_pem4f.oem4f (.const:xdc_runtime_Startup_sfxnTab__C)
                  00006dbc    00000004     rtos_pem4f.oem4f (.const:xdc_runtime_SysMin_bufSize__C)
                  00006dc0    00000004     rtos_pem4f.oem4f (.const:xdc_runtime_SysMin_outputFunc__C)
                  00006dc4    00000004     rtos_pem4f.oem4f (.const:xdc_runtime_System_Module__gateObj__C)
                  00006dc8    00000004     rtos_pem4f.oem4f (.const:xdc_runtime_System_abortFxn__C)
                  00006dcc    00000004     rtos_pem4f.oem4f (.const:xdc_runtime_System_exitFxn__C)
                  00006dd0    00000004     rtos_pem4f.oem4f (.const:xdc_runtime_System_extendFxn__C)
                  00006dd4    00000004     rtos_pem4f.oem4f (.const:xdc_runtime_System_maxAtexitHandlers__C)
                  00006dd8    00000004     rtos_pem4f.oem4f (.const:xdc_runtime_Text_charTab__C)
                  00006ddc    00000004     rtos_pem4f.oem4f (.const:xdc_runtime_Text_nameEmpty__C)
                  00006de0    00000004     rtos_pem4f.oem4f (.const:xdc_runtime_Text_nameStatic__C)
                  00006de4    00000004     rtos_pem4f.oem4f (.const:xdc_runtime_Text_nameUnknown__C)
                  00006de8    00000004     rtos_pem4f.oem4f (.const:xdc_runtime_Text_nodeTab__C)
                  00006dec    00000004     rtos_pem4f.oem4f (.const:xdc_runtime_Text_visitRopeFxn__C)
                  00006df0    00000002     rtos_pem4f.oem4f (.const:ti_sysbios_family_arm_lm4_TimestampProvider_Module__id__C)
                  00006df2    00000002     rtos_pem4f.oem4f (.const:ti_sysbios_family_arm_lm4_TimestampProvider_useClockTimer__C)
                  00006df4    00000002     rtos_pem4f.oem4f (.const:ti_sysbios_family_arm_m3_Hwi_Module__id__C)
                  00006df6    00000002     rtos_pem4f.oem4f (.const:ti_sysbios_gates_GateMutex_Module__id__C)
                  00006df8    00000002     rtos_pem4f.oem4f (.const:ti_sysbios_hal_Hwi_Module__id__C)
                  00006dfa    00000002     rtos_pem4f.oem4f (.const:ti_sysbios_heaps_HeapMem_Module__id__C)
                  00006dfc    00000002     rtos_pem4f.oem4f (.const:ti_sysbios_knl_Semaphore_Module__id__C)
                  00006dfe    00000002     rtos_pem4f.oem4f (.const:ti_sysbios_knl_Task_Module__id__C)
                  00006e00    00000002     rtos_pem4f.oem4f (.const:xdc_runtime_Core_Module__id__C)
                  00006e02    00000002     rtos_pem4f.oem4f (.const:xdc_runtime_Error_Module__loggerDefined__C)
                  00006e04    00000002     rtos_pem4f.oem4f (.const:xdc_runtime_Error_maxDepth__C)
                  00006e06    00000002     rtos_pem4f.oem4f (.const:xdc_runtime_Memory_Module__id__C)
                  00006e08    00000002     rtos_pem4f.oem4f (.const:xdc_runtime_SysMin_flushAtExit__C)
                  00006e0a    00000002     rtos_pem4f.oem4f (.const:xdc_runtime_Text_charCnt__C)
                  00006e0c    00000002     rtos_pem4f.oem4f (.const:xdc_runtime_Text_isLoaded__C)
                  00006e0e    00000002     rtos_pem4f.oem4f (.const:xdc_runtime_Text_registryModsLastId__C)
                  00006e10    00000002     rtos_pem4f.oem4f (.const:xdc_runtime_Text_unnamedModsLastId__C)

.cinit     0    00006e18    00000218     
                  00006e18    000001e0     (.cinit..data.load) [load image, compression = lzss]
                  00006ff8    0000000c     (__TI_handler_table)
                  00007004    00000004     --HOLE-- [fill = 0]
                  00007008    00000008     (.cinit..bss.load) [load image, compression = zero_init]
                  00007010    00000008     (.cinit..vecs.load) [load image, compression = zero_init]
                  00007018    00000018     (__TI_cinit_table)

.init_array 
*          0    00000000    00000000     UNINITIALIZED

.resetVecs 
*          0    00000000    0000003c     
                  00000000    0000003c     rtos_pem4f.oem4f (.resetVecs)

.bss       0    20000360    00001d08     UNINITIALIZED
                  20000360    00001000     (.common:gADCBuffer)
                  20001360    00000400     rtos_pem4f.oem4f (.bss:taskStackSection)
                  20001760    00000400     (.common:ti_sysbios_heaps_HeapMem_Instance_State_0_buf__A)
                  20001b60    00000360     (.common:ti_sysbios_family_arm_m3_Hwi_dispatchTable)
                  20001ec0    00000120     rtsv7M4_T_le_v4SPD16_eabi.lib : trgmsg.c.obj (.bss:_CIOBUF_)
                  20001fe0    00000080     (.common:xdc_runtime_SysMin_Module_State_0_outbuf__A)
                  20002060    00000008     (.common:parmbuf)

.data      0    20002068    00000460     UNINITIALIZED
                  20002068    00000098     rtos_pem4f.oem4f (.data:ti_sysbios_knl_Task_Object__table__V)
                  20002100    00000080     rtos_pem4f.oem4f (.data:ti_sysbios_knl_Swi_Module_State_0_readyQ__A)
                  20002180    00000080     rtos_pem4f.oem4f (.data:ti_sysbios_knl_Task_Module_State_0_readyQ__A)
                  20002200    00000044     rtos_pem4f.oem4f (.data:ti_sysbios_knl_Task_Module__state__V)
                  20002244    00000040     rtos_pem4f.oem4f (.data:ti_sysbios_family_arm_lm4_Timer_Module_State_0_device__A)
                  20002284    00000040     rtos_pem4f.oem4f (.data:ti_sysbios_family_arm_lm4_Timer_Object__table__V)
                  200022c4    00000038     rtos_pem4f.oem4f (.data:ti_sysbios_gates_GateMutex_Object__table__V)
                  200022fc    00000034     rtos_pem4f.oem4f (.data:ti_sysbios_family_arm_m3_Hwi_Module__state__V)
                  20002330    00000030     rtos_pem4f.oem4f (.data:ti_sysbios_family_arm_m3_Hwi_Object__table__V)
                  20002360    00000030     rtos_pem4f.oem4f (.data:ti_sysbios_knl_Swi_Object__table__V)
                  20002390    0000002c     rtos_pem4f.oem4f (.data:ti_sysbios_knl_Clock_Module__state__V)
                  200023bc    00000024     rtos_pem4f.oem4f (.data:ti_sysbios_BIOS_Module__state__V)
                  200023e0    00000020     rtos_pem4f.oem4f (.data:ti_sysbios_family_arm_lm4_Timer_Module_State_0_handles__A)
                  20002400    0000001c     rtos_pem4f.oem4f (.data:ti_sysbios_knl_Swi_Module__state__V)
                  2000241c    00000018     rtos_pem4f.oem4f (.data:ti_sysbios_heaps_HeapMem_Object__table__V)
                  20002434    0000000c     rtos_pem4f.oem4f (.data:ti_sysbios_family_arm_lm4_Timer_Module__state__V)
                  20002440    0000000c     rtos_pem4f.oem4f (.data:xdc_runtime_SysMin_Module__state__V)
                  2000244c    00000008     rtsv7M4_T_le_v4SPD16_eabi.lib : _lock.c.obj (.data:$O1$$)
                  20002454    00000008     main.obj (.data)
                  2000245c    00000008     rtos_pem4f.oem4f (.data:ti_sysbios_family_arm_lm4_TimestampProvider_Module__state__V)
                  20002464    00000008     rtos_pem4f.oem4f (.data:ti_sysbios_gates_GateHwi_Module__root__V)
                  2000246c    00000008     rtos_pem4f.oem4f (.data:ti_sysbios_gates_GateMutex_Module__root__V)
                  20002474    00000008     rtos_pem4f.oem4f (.data:ti_sysbios_heaps_HeapMem_Module__root__V)
                  2000247c    00000008     rtos_pem4f.oem4f (.data:ti_sysbios_knl_Queue_Module__root__V)
                  20002484    00000008     rtos_pem4f.oem4f (.data:ti_sysbios_knl_Semaphore_Module__root__V)
                  2000248c    00000008     rtos_pem4f.oem4f (.data:xdc_runtime_Registry_Module__state__V)
                  20002494    00000008     rtos_pem4f.oem4f (.data:xdc_runtime_Startup_Module__state__V)
                  2000249c    00000008     rtos_pem4f.oem4f (.data:xdc_runtime_System_Module_State_0_atexitHandlers__A)
                  200024a4    00000008     rtos_pem4f.oem4f (.data:xdc_runtime_System_Module__state__V)
                  200024ac    00000004     rtsv7M4_T_le_v4SPD16_eabi.lib : stkdepth_vars.c.obj (.data)
                  200024b0    00000004     rtos_pem4f.oem4f (.data:ti_sysbios_family_arm_m3_Hwi_Module_State_0_excContext__A)
                  200024b4    00000004     rtos_pem4f.oem4f (.data:ti_sysbios_family_arm_m3_Hwi_Module_State_0_excStack__A)
                  200024b8    00000004     rtos_pem4f.oem4f (.data:ti_sysbios_gates_GateHwi_Object__table__V)
                  200024bc    00000004     rtos_pem4f.oem4f (.data:ti_sysbios_knl_Task_Module_State_0_idleTask__A)
                  200024c0    00000004     rtos_pem4f.oem4f (.data:xdc_runtime_Memory_Module__state__V)
                  200024c4    00000002     rtos_pem4f.oem4f (.data:ti_sysbios_family_arm_m3_Hwi_Module_State_0_excActive__A)
                  200024c6    00000002     rtos_pem4f.oem4f (.data:xdc_runtime_Error_Module__state__V)

.stack     0    200024c8    00000300     UNINITIALIZED
                  200024c8    00000300     --HOLE--

.bootVecs 
*          0    00000000    00000008     DSECT
                  00000000    00000008     boot.aem4f : boot.oem4f (.bootVecs)

.vecs      0    20000000    00000360     UNINITIALIZED
                  20000000    00000360     rtos_pem4f.oem4f (.vecs)

xdc.meta   0    00000000    00000101     COPY SECTION
                  00000000    00000101     rtos_pem4f.oem4f (xdc.meta)

MODULE SUMMARY

       Module                       code    ro data   rw data
       ------                       ----    -------   -------
    .\
       main.obj                     208     0         4104   
    +--+----------------------------+-------+---------+---------+
       Total:                       208     0         4104   
                                                             
    C:\Users\doate\Desktop\ECE-3849\ECE-3849-Labs\ece3849_lab2_mrhagan_doates\Debug\configPkg\package\cfg\
       rtos_pem4f.oem4f             1470    7714      5004   
    +--+----------------------------+-------+---------+---------+
       Total:                       1470    7714      5004   
                                                             
    C:/TI/tirtos_tivac_2_16_00_08/products/TivaWare_C_Series-2.1.1.71b/driverlib/ccs/Debug/driverlib.lib
       interrupt.obj                172     268       0      
       gpio.obj                     364     0         0      
       adc.obj                      228     0         0      
       sysctl.obj                   52      0         0      
       cpu.obj                      24      0         0      
    +--+----------------------------+-------+---------+---------+
       Total:                       840     268       0      
                                                             
    C:\Users\doate\Desktop\ECE-3849\ECE-3849-Labs\ece3849_lab2_mrhagan_doates\src\sysbios\sysbios.aem4f
       BIOS.obj                     10332   0         0      
       m3_Hwi_asm.obj               314     0         0      
       m3_TaskSupport_asm.obj       180     0         0      
       m3_Hwi_asm_switch.obj        118     0         0      
    +--+----------------------------+-------+---------+---------+
       Total:                       10944   0         0      
                                                             
    C:\ti\tirtos_tivac_2_16_00_08\products\bios_6_45_01_29\packages\ti\catalog\arm\cortexm4\tiva\ce\lib\Boot.aem4f
       Boot_sysctl.oem4f            628     452       0      
       Boot.oem4f                   152     0         0      
    +--+----------------------------+-------+---------+---------+
       Total:                       780     452       0      
                                                             
    C:\ti\tirtos_tivac_2_16_00_08\products\bios_6_45_01_29\packages\ti\targets\arm\rtsarm\lib\auto_init.aem4f
       auto_init.oem4f              160     0         0      
    +--+----------------------------+-------+---------+---------+
       Total:                       160     0         0      
                                                             
    C:\ti\tirtos_tivac_2_16_00_08\products\bios_6_45_01_29\packages\ti\targets\arm\rtsarm\lib\boot.aem4f
       boot.oem4f                   88      0         0      
    +--+----------------------------+-------+---------+---------+
       Total:                       88      0         0      
                                                             
    C:\ti\tirtos_tivac_2_16_00_08\products\bios_6_45_01_29\packages\ti\targets\arm\rtsarm\lib\ti.targets.arm.rtsarm.aem4f
       System.oem4f                 1255    0         0      
       Text.oem4f                   672     0         0      
       Error.oem4f                  524     0         0      
       Core-mem.oem4f               358     0         0      
       Startup.oem4f                328     0         0      
       SysMin.oem4f                 248     0         0      
       Core-smem.oem4f              204     0         0      
       Memory.oem4f                 176     0         0      
       Assert.oem4f                 84      0         0      
       Core-params.oem4f            70      0         0      
       Core-label.oem4f             52      0         0      
       Registry.oem4f               32      0         0      
       Gate.oem4f                   28      0         0      
    +--+----------------------------+-------+---------+---------+
       Total:                       4031    0         0      
                                                             
    D:\Programs\CCSv8\ccsv8\tools\compiler\ti-cgt-arm_18.1.2.LTS\lib\rtsv7M4_T_le_v4SPD16_eabi.lib
       trgmsg.c.obj                 108     0         288    
       memcpy_t2.asm.obj            156     0         0      
       memset_t2.asm.obj            122     0         0      
       copy_decompress_lzss.c.obj   104     0         0      
       hostwrite.c.obj              88      0         0      
       cpy_tbl.c.obj                76      0         0      
       u_divt2.asm.obj              64      0         0      
       _lock.c.obj                  26      0         8      
       args_main.c.obj              24      0         0      
       strlen.c.obj                 20      0         0      
       copy_decompress_none.c.obj   14      0         0      
       copy_zero_init.c.obj         12      0         0      
       hostopen.c.obj               0       0         8      
       exit.c.obj                   4       0         0      
       stkdepth_vars.c.obj          0       0         4      
       div0.asm.obj                 2       0         0      
    +--+----------------------------+-------+---------+---------+
       Total:                       820     0         308    
                                                             
       Stack:                       0       0         768    
       Linker Generated:            0       532       0      
    +--+----------------------------+-------+---------+---------+
       Grand Total:                 19341   8966      10184  


LINKER GENERATED COPY TABLES

__TI_cinit_table @ 00007018 records: 3, size/record: 8, table size: 24
	.data: load addr=00006e18, load size=000001e0 bytes, run addr=20002068, run size=00000460 bytes, compression=lzss
	.bss: load addr=00007008, load size=00000008 bytes, run addr=20000360, run size=00001d08 bytes, compression=zero_init
	.vecs: load addr=00007010, load size=00000008 bytes, run addr=20000000, run size=00000360 bytes, compression=zero_init


LINKER GENERATED HANDLER TABLE

__TI_handler_table @ 00006ff8 records: 3, size/record: 4, table size: 12
	index: 0, handler: __TI_decompress_lzss
	index: 1, handler: __TI_decompress_none
	index: 2, handler: __TI_zero_init


GLOBAL SYMBOLS: SORTED ALPHABETICALLY BY Name 

address   name                                                                 
-------   ----                                                                 
00004c51  ADCIndexWrap                                                         
00004a41  ADCIntEnable                                                         
00003bf9  ADCSequenceConfigure                                                 
00004b51  ADCSequenceDisable                                                   
00004b5f  ADCSequenceEnable                                                    
00002b05  ADCSequenceStepConfigure                                             
000007bd  C$$EXIT                                                              
00003d23  C$$IO$$                                                              
00004b9f  CPUcpsid                                                             
00004bab  CPUcpsie                                                             
00004281  GPIODirModeSet                                                       
00001895  GPIOPadConfigSet                                                     
000049ed  GPIOPinTypeADC                                                       
000033f9  HOSTwrite                                                            
00002e8d  IntEnable                                                            
00004a51  IntMasterDisable                                                     
00004a61  IntMasterEnable                                                      
00004375  IntPrioritySet                                                       
UNDEFED   SHT$$INIT_ARRAY$$Base                                                
UNDEFED   SHT$$INIT_ARRAY$$Limit                                               
00003e11  SysCtlPeripheralEnable                                               
00000000  __ASM__                                                              
20001ec0  __CIOBUF_                                                            
0000007f  __ISA__                                                              
00000092  __PLAT__                                                             
200027c8  __STACK_END                                                          
00000300  __STACK_SIZE                                                         
000000b3  __TARG__                                                             
00007018  __TI_CINIT_Base                                                      
00007030  __TI_CINIT_Limit                                                     
00006ff8  __TI_Handler_Table_Base                                              
00007004  __TI_Handler_Table_Limit                                             
00002525  __TI_auto_init                                                       
00002ef5  __TI_decompress_lzss                                                 
00004b6d  __TI_decompress_none                                                 
ffffffff  __TI_pprof_out_hndl                                                  
ffffffff  __TI_prof_data_size                                                  
ffffffff  __TI_prof_data_start                                                 
00003e45  __TI_readmsg                                                         
00006e18  __TI_static_base__                                                   
00003cf5  __TI_writemsg                                                        
00004bd1  __TI_zero_init                                                       
000000d9  __TRDR__                                                             
000014a7  __aeabi_idiv0                                                        
000014a7  __aeabi_ldiv0                                                        
00002b7f  __aeabi_memclr                                                       
00002b7f  __aeabi_memclr4                                                      
00002b7f  __aeabi_memclr8                                                      
00002665  __aeabi_memcpy                                                       
00002665  __aeabi_memcpy4                                                      
00002665  __aeabi_memcpy8                                                      
00002b81  __aeabi_memset                                                       
00002b81  __aeabi_memset4                                                      
00002b81  __aeabi_memset8                                                      
00003b79  __aeabi_uidiv                                                        
00003b79  __aeabi_uidivmod                                                     
ffffffff  __binit__                                                            
ffffffff  __c_args__                                                           
200024c8  __stack                                                              
0000486d  _args_main                                                           
000033a1  _c_int00                                                             
2000244c  _lock                                                                
000014a5  _nop                                                                 
00004bb9  _register_lock                                                       
00004bc5  _register_unlock                                                     
20002450  _unlock                                                              
000007bd  abort                                                                
ffffffff  binit                                                                
000036e9  copy_in                                                              
20000360  gADCBuffer                                                           
20002454  gADCBufferIndex                                                      
20002458  gADCErrors                                                           
000034a9  m3Hwi0_func                                                          
00002f61  main                                                                 
200024ac  main_func_sp                                                         
00002665  memcpy                                                               
00002b87  memset                                                               
20002060  parmbuf                                                              
00004977  strlen                                                               
00004c61  task0_func                                                           
00006c68  ti_catalog_arm_cortexm4_tiva_ce_Boot_A_mustNotUseEnhancedClockMode__C
00006c6c  ti_catalog_arm_cortexm4_tiva_ce_Boot_Module__diagsEnabled__C         
00006c70  ti_catalog_arm_cortexm4_tiva_ce_Boot_Module__diagsIncluded__C        
00006c74  ti_catalog_arm_cortexm4_tiva_ce_Boot_Module__diagsMask__C            
00006672  ti_catalog_arm_cortexm4_tiva_ce_Boot_Module__id__C                   
00004a31  ti_catalog_arm_cortexm4_tiva_ce_Boot_init__I                         
00000f29  ti_catalog_arm_cortexm4_tiva_ce_Boot_sysCtlClockFreqSetI__I          
00002839  ti_catalog_arm_cortexm4_tiva_ce_Boot_sysCtlClockFreqSet__E           
200023bc  ti_sysbios_BIOS_Module__state__V                                     
000047b1  ti_sysbios_BIOS_RtsGateProxy_Handle__label__S                        
00004439  ti_sysbios_BIOS_RtsGateProxy_Object__delete__S                       
00004cd9  ti_sysbios_BIOS_RtsGateProxy_enter__E                                
00004ce1  ti_sysbios_BIOS_RtsGateProxy_leave__E                                
00004cf9  ti_sysbios_BIOS_RtsGateProxy_query__E                                
00003f89  ti_sysbios_BIOS_atExitFunc__I                                        
00004399  ti_sysbios_BIOS_errorRaiseHook__I                                    
00004949  ti_sysbios_BIOS_exitFunc__I                                          
00004d41  ti_sysbios_BIOS_nullFunc__I                                          
000043c1  ti_sysbios_BIOS_registerRTSLock__I                                   
000043e9  ti_sysbios_BIOS_removeRTSLock__I                                     
00004541  ti_sysbios_BIOS_rtsLock__I                                           
00004889  ti_sysbios_BIOS_rtsUnlock__I                                         
00004a71  ti_sysbios_BIOS_setThreadType__E                                     
00004411  ti_sysbios_BIOS_startFunc__I                                         
00004a81  ti_sysbios_BIOS_start__E                                             
20002244  ti_sysbios_family_arm_lm4_Timer_Module_State_0_device__A             
200023e0  ti_sysbios_family_arm_lm4_Timer_Module_State_0_handles__A            
000048a1  ti_sysbios_family_arm_lm4_Timer_Module__startupDone__F               
000048a1  ti_sysbios_family_arm_lm4_Timer_Module__startupDone__S               
20002434  ti_sysbios_family_arm_lm4_Timer_Module__state__V                     
00003099  ti_sysbios_family_arm_lm4_Timer_Module_startup__E                    
20002284  ti_sysbios_family_arm_lm4_Timer_Object__table__V                     
00006c78  ti_sysbios_family_arm_lm4_Timer_enableFunc__C                        
00003829  ti_sysbios_family_arm_lm4_Timer_enableTimers__I                      
00002479  ti_sysbios_family_arm_lm4_Timer_enableTiva__I                        
00004be1  ti_sysbios_family_arm_lm4_Timer_getMaxTicks__E                       
00003501  ti_sysbios_family_arm_lm4_Timer_initDevice__I                        
000039d9  ti_sysbios_family_arm_lm4_Timer_isrStub__E                           
00004c8b  ti_sysbios_family_arm_lm4_Timer_masterDisable__I                     
00000a65  ti_sysbios_family_arm_lm4_Timer_masterEnable__I                      
00006c7c  ti_sysbios_family_arm_lm4_Timer_numTimerDevices__C                   
00001ae1  ti_sysbios_family_arm_lm4_Timer_start__E                             
00006c80  ti_sysbios_family_arm_lm4_Timer_startupNeeded__C                     
00003bb9  ti_sysbios_family_arm_lm4_Timer_startup__E                           
00003fb9  ti_sysbios_family_arm_lm4_Timer_stop__E                              
000044d1  ti_sysbios_family_arm_lm4_Timer_write__I                             
00006c84  ti_sysbios_family_arm_lm4_TimestampProvider_Module__diagsEnabled__C  
00006c88  ti_sysbios_family_arm_lm4_TimestampProvider_Module__diagsIncluded__C 
00006c8c  ti_sysbios_family_arm_lm4_TimestampProvider_Module__diagsMask__C     
00006df0  ti_sysbios_family_arm_lm4_TimestampProvider_Module__id__C            
2000245c  ti_sysbios_family_arm_lm4_TimestampProvider_Module__state__V         
00004ca9  ti_sysbios_family_arm_lm4_TimestampProvider_Module_startup__E        
00002fc9  ti_sysbios_family_arm_lm4_TimestampProvider_initTimerHandle__I       
00006df2  ti_sysbios_family_arm_lm4_TimestampProvider_useClockTimer__C         
00006c90  ti_sysbios_family_arm_m3_Hwi_E_NMI__C                                
00006c94  ti_sysbios_family_arm_m3_Hwi_E_busFault__C                           
00006c98  ti_sysbios_family_arm_m3_Hwi_E_debugMon__C                           
00006c9c  ti_sysbios_family_arm_m3_Hwi_E_hardFault__C                          
00006ca0  ti_sysbios_family_arm_m3_Hwi_E_memFault__C                           
00006ca4  ti_sysbios_family_arm_m3_Hwi_E_noIsr__C                              
00006ca8  ti_sysbios_family_arm_m3_Hwi_E_reserved__C                           
00006cac  ti_sysbios_family_arm_m3_Hwi_E_svCall__C                             
00006cb0  ti_sysbios_family_arm_m3_Hwi_E_usageFault__C                         
00004771  ti_sysbios_family_arm_m3_Hwi_Handle__label__S                        
200024c4  ti_sysbios_family_arm_m3_Hwi_Module_State_0_excActive__A             
200024b0  ti_sysbios_family_arm_m3_Hwi_Module_State_0_excContext__A            
200024b4  ti_sysbios_family_arm_m3_Hwi_Module_State_0_excStack__A              
00006df4  ti_sysbios_family_arm_m3_Hwi_Module__id__C                           
000048b9  ti_sysbios_family_arm_m3_Hwi_Module__startupDone__F                  
000048b9  ti_sysbios_family_arm_m3_Hwi_Module__startupDone__S                  
200022fc  ti_sysbios_family_arm_m3_Hwi_Module__state__V                        
000035f9  ti_sysbios_family_arm_m3_Hwi_Module_startup__E                       
00006cb4  ti_sysbios_family_arm_m3_Hwi_NUM_INTERRUPTS__C                       
00006cb8  ti_sysbios_family_arm_m3_Hwi_Object__count__C                        
00004991  ti_sysbios_family_arm_m3_Hwi_Object__get__S                          
20002330  ti_sysbios_family_arm_m3_Hwi_Object__table__V                        
00006cbc  ti_sysbios_family_arm_m3_Hwi_ccr__C                                  
00003871  ti_sysbios_family_arm_m3_Hwi_disableInterrupt__E                     
00003101  ti_sysbios_family_arm_m3_Hwi_dispatchC__I                            
20001b60  ti_sysbios_family_arm_m3_Hwi_dispatchTable                           
00001edd  ti_sysbios_family_arm_m3_Hwi_dispatch__I                             
00004c99  ti_sysbios_family_arm_m3_Hwi_doSwiRestore__I                         
00004cb1  ti_sysbios_family_arm_m3_Hwi_doTaskRestore__I                        
000038b9  ti_sysbios_family_arm_m3_Hwi_enableInterrupt__E                      
00001331  ti_sysbios_family_arm_m3_Hwi_excBusFault__I                          
00002189  ti_sysbios_family_arm_m3_Hwi_excDebugMon__I                          
00000041  ti_sysbios_family_arm_m3_Hwi_excDumpRegs__I                          
00004561  ti_sysbios_family_arm_m3_Hwi_excHandlerAsm__I                        
00006cc0  ti_sysbios_family_arm_m3_Hwi_excHandlerFunc__C                       
00001131  ti_sysbios_family_arm_m3_Hwi_excHandlerMax__I                        
00004581  ti_sysbios_family_arm_m3_Hwi_excHandler__I                           
00002249  ti_sysbios_family_arm_m3_Hwi_excHardFault__I                         
00006c48  ti_sysbios_family_arm_m3_Hwi_excHookFuncs__A                         
00006cc4  ti_sysbios_family_arm_m3_Hwi_excHookFuncs__C                         
00001611  ti_sysbios_family_arm_m3_Hwi_excMemFault__I                          
00003e79  ti_sysbios_family_arm_m3_Hwi_excNmi__I                               
[...]
00004c01  ti_sysbios_gates_GateHwi_enter__E                                    
00004c11  ti_sysbios_knl_Queue_Object__get__S                                  
00004c1d  xdc_runtime_Error_init__E                                            
00004c29  xdc_runtime_Gate_enterSystem__E                                      
00004c35  xdc_runtime_Memory_calloc__E                                         
00004c41  xdc_runtime_Memory_getMaxDefaultTypeAlign__E                         
00004c51  ADCIndexWrap                                                         
00004c61  task0_func                                                           
00004c71  xdc_runtime_Memory_HeapProxy_alloc__E                                
00004c81  xdc_runtime_Memory_HeapProxy_free__E                                 
00004c8b  ti_sysbios_family_arm_lm4_Timer_masterDisable__I                     
00004c99  ti_sysbios_family_arm_m3_Hwi_doSwiRestore__I                         
00004ca1  ti_sysbios_family_arm_m3_Hwi_startup__E                              
00004ca1  ti_sysbios_hal_Hwi_HwiProxy_startup__E                               
00004ca1  ti_sysbios_hal_Hwi_startup__E                                        
00004ca9  ti_sysbios_family_arm_lm4_TimestampProvider_Module_startup__E        
00004cb1  ti_sysbios_family_arm_m3_Hwi_doTaskRestore__I                        
00004cb9  ti_sysbios_gates_GateHwi_leave__E                                    
00004cc1  ti_sysbios_heaps_HeapMem_isBlocking__E                               
00004cc9  ti_sysbios_knl_Queue_Instance_init__E                                
00004cd1  ti_sysbios_knl_Swi_startup__E                                        
00004cd9  ti_sysbios_BIOS_RtsGateProxy_enter__E                                
00004ce1  ti_sysbios_BIOS_RtsGateProxy_leave__E                                
00004ce9  ti_sysbios_family_arm_m3_TaskSupport_Module__startupDone__S          
00004ce9  ti_sysbios_knl_Task_SupportProxy_Module__startupDone__S              
00004cf1  ti_sysbios_gates_GateHwi_query__E                                    
00004cf1  xdc_runtime_Main_Module_GateProxy_query__E                           
00004cf1  xdc_runtime_System_Module_GateProxy_query__E                         
00004cf9  ti_sysbios_BIOS_RtsGateProxy_query__E                                
00004cf9  ti_sysbios_gates_GateMutex_query__E                                  
00004cf9  ti_sysbios_heaps_HeapMem_Module_GateProxy_query__E                   
00004d01  ti_sysbios_heaps_HeapMem_Module_GateProxy_enter__E                   
00004d09  ti_sysbios_heaps_HeapMem_Module_GateProxy_leave__E                   
00004d11  ti_sysbios_knl_Clock_TimerProxy_getMaxTicks__E                       
00004d19  ti_sysbios_knl_Queue_destruct                                        
00004d21  ti_sysbios_knl_Semaphore_destruct                                    
00004d29  ti_sysbios_knl_Task_startup__E                                       
00004d31  xdc_runtime_System_Module_GateProxy_enter__E                         
00004d39  xdc_runtime_System_Module_GateProxy_leave__E                         
00004d41  ti_sysbios_BIOS_nullFunc__I                                          
00004d49  ti_sysbios_gates_GateHwi_Instance_init__E                            
00004d51  ti_sysbios_knl_Clock_logTick__E                                      
00004d59  xdc_runtime_Startup_reset__I                                         
00004d5c  xdc_runtime_Text_charTab__A                                          
00006671  xdc_runtime_Error_policy__C                                          
00006672  ti_catalog_arm_cortexm4_tiva_ce_Boot_Module__id__C                   
00006794  xdc_runtime_Text_nodeTab__A                                          
00006a4c  ti_sysbios_heaps_HeapMem_Module__FXNS__C                             
00006a74  xdc_runtime_Startup_sfxnTab__A                                       
00006a9c  ti_sysbios_gates_GateHwi_Module__FXNS__C                             
00006ac0  ti_sysbios_gates_GateMutex_Module__FXNS__C                           
00006ae4  ti_sysbios_heaps_HeapMem_Object__PARAMS__C                           
00006b08  ti_sysbios_knl_Semaphore_Object__PARAMS__C                           
00006b2c  ti_sysbios_gates_GateHwi_Object__DESC__C                             
00006b4c  ti_sysbios_gates_GateMutex_Object__DESC__C                           
00006b6c  ti_sysbios_heaps_HeapMem_Object__DESC__C                             
00006b8c  ti_sysbios_knl_Queue_Object__DESC__C                                 
00006bac  ti_sysbios_knl_Semaphore_Object__DESC__C                             
00006bcc  ti_sysbios_gates_GateHwi_Object__PARAMS__C                           
00006be4  ti_sysbios_gates_GateMutex_Object__PARAMS__C                         
00006bfc  ti_sysbios_knl_Queue_Object__PARAMS__C                               
00006c14  xdc_runtime_Startup_firstFxns__A                                     
00006c2c  xdc_runtime_Startup_sfxnRts__A                                       
00006c48  ti_sysbios_family_arm_m3_Hwi_excHookFuncs__A                         
00006c50  ti_sysbios_knl_Idle_funcList__C                                      
00006c58  xdc_runtime_Startup_firstFxns__C                                     
00006c60  xdc_runtime_Startup_lastFxns__C                                      
00006c68  ti_catalog_arm_cortexm4_tiva_ce_Boot_A_mustNotUseEnhancedClockMode__C
00006c6c  ti_catalog_arm_cortexm4_tiva_ce_Boot_Module__diagsEnabled__C         
00006c70  ti_catalog_arm_cortexm4_tiva_ce_Boot_Module__diagsIncluded__C        
00006c74  ti_catalog_arm_cortexm4_tiva_ce_Boot_Module__diagsMask__C            
00006c78  ti_sysbios_family_arm_lm4_Timer_enableFunc__C                        
00006c7c  ti_sysbios_family_arm_lm4_Timer_numTimerDevices__C                   
00006c80  ti_sysbios_family_arm_lm4_Timer_startupNeeded__C                     
00006c84  ti_sysbios_family_arm_lm4_TimestampProvider_Module__diagsEnabled__C  
00006c88  ti_sysbios_family_arm_lm4_TimestampProvider_Module__diagsIncluded__C 
00006c8c  ti_sysbios_family_arm_lm4_TimestampProvider_Module__diagsMask__C     
00006c90  ti_sysbios_family_arm_m3_Hwi_E_NMI__C                                
00006c94  ti_sysbios_family_arm_m3_Hwi_E_busFault__C                           
00006c98  ti_sysbios_family_arm_m3_Hwi_E_debugMon__C                           
00006c9c  ti_sysbios_family_arm_m3_Hwi_E_hardFault__C                          
00006ca0  ti_sysbios_family_arm_m3_Hwi_E_memFault__C                           
00006ca4  ti_sysbios_family_arm_m3_Hwi_E_noIsr__C                              
00006ca8  ti_sysbios_family_arm_m3_Hwi_E_reserved__C                           
00006cac  ti_sysbios_family_arm_m3_Hwi_E_svCall__C                             
00006cb0  ti_sysbios_family_arm_m3_Hwi_E_usageFault__C                         
00006cb4  ti_sysbios_family_arm_m3_Hwi_NUM_INTERRUPTS__C                       
00006cb8  ti_sysbios_family_arm_m3_Hwi_Object__count__C                        
00006cbc  ti_sysbios_family_arm_m3_Hwi_ccr__C                                  
00006cc0  ti_sysbios_family_arm_m3_Hwi_excHandlerFunc__C                       
00006cc4  ti_sysbios_family_arm_m3_Hwi_excHookFuncs__C                         
00006cc8  ti_sysbios_family_arm_m3_Hwi_nullIsrFunc__C                          
00006ccc  ti_sysbios_family_arm_m3_Hwi_priGroup__C                             
00006cd0  ti_sysbios_gates_GateMutex_A_badContext__C                           
00006cd4  ti_sysbios_gates_GateMutex_Instance_State_sem__O                     
00006cd8  ti_sysbios_gates_GateMutex_Module__diagsEnabled__C                   
00006cdc  ti_sysbios_gates_GateMutex_Module__diagsIncluded__C                  
00006ce0  ti_sysbios_gates_GateMutex_Module__diagsMask__C                      
00006ce4  ti_sysbios_hal_Hwi_E_stackOverflow__C                                
00006ce8  ti_sysbios_heaps_HeapMem_A_align__C                                  
00006cec  ti_sysbios_heaps_HeapMem_A_heapSize__C                               
00006cf0  ti_sysbios_heaps_HeapMem_A_invalidFree__C                            
00006cf4  ti_sysbios_heaps_HeapMem_A_zeroBlock__C                              
00006cf8  ti_sysbios_heaps_HeapMem_E_memory__C                                 
00006cfc  ti_sysbios_heaps_HeapMem_Module__diagsEnabled__C                     
00006d00  ti_sysbios_heaps_HeapMem_Module__diagsIncluded__C                    
00006d04  ti_sysbios_heaps_HeapMem_Module__diagsMask__C                        
00006d08  ti_sysbios_heaps_HeapMem_Module__gateObj__C                          
00006d0c  ti_sysbios_heaps_HeapMem_Object__count__C                            
00006d10  ti_sysbios_heaps_HeapMem_reqAlign__C                                 
00006d14  ti_sysbios_knl_Clock_Module_State_clockQ__O                          
00006d18  ti_sysbios_knl_Idle_funcList__A                                      
00006d1c  ti_sysbios_knl_Mailbox_Instance_State_freeQue__O                     
00006d20  ti_sysbios_knl_Mailbox_Object__count__C                              
00006d24  ti_sysbios_knl_Mailbox_maxTypeAlign__C                               
00006d28  ti_sysbios_knl_Semaphore_A_badContext__C                             
00006d2c  ti_sysbios_knl_Semaphore_A_noEvents__C                               
00006d30  ti_sysbios_knl_Semaphore_A_overflow__C                               
00006d34  ti_sysbios_knl_Semaphore_A_pendTaskDisabled__C                       
00006d38  ti_sysbios_knl_Semaphore_Instance_State_pendQ__O                     
00006d3c  ti_sysbios_knl_Semaphore_Module__diagsEnabled__C                     
00006d40  ti_sysbios_knl_Semaphore_Module__diagsIncluded__C                    
00006d44  ti_sysbios_knl_Semaphore_Module__diagsMask__C                        
00006d48  ti_sysbios_knl_Swi_Object__count__C                                  
00006d4c  ti_sysbios_knl_Task_E_spOutOfBounds__C                               
00006d50  ti_sysbios_knl_Task_E_stackOverflow__C                               
00006d54  ti_sysbios_knl_Task_Module_State_inactiveQ__O                        
00006d58  ti_sysbios_knl_Task_Object__count__C                                 
00006d5c  ti_sysbios_knl_Task_allBlockedFunc__C                                
00006d60  ti_sysbios_knl_Task_numConstructedTasks__C                           
00006d64  xdc_runtime_Assert_E_assertFailed__C                                 
00006d68  xdc_runtime_Core_A_initializedParams__C                              
00006d6c  xdc_runtime_Core_Module__diagsEnabled__C                             
00006d70  xdc_runtime_Core_Module__diagsIncluded__C                            
00006d74  xdc_runtime_Core_Module__diagsMask__C                                
00006d78  xdc_runtime_Error_E_memory__C                                        
00006d7c  xdc_runtime_Error_Module__diagsEnabled__C                            
00006d80  xdc_runtime_Error_Module__diagsIncluded__C                           
00006d84  xdc_runtime_Error_Module__diagsMask__C                               
00006d88  xdc_runtime_Error_Module__loggerFxn8__C                              
00006d8c  xdc_runtime_Error_Module__loggerObj__C                               
00006d90  xdc_runtime_Error_policyFxn__C                                       
00006d94  xdc_runtime_Error_raiseHook__C                                       
00006d98  xdc_runtime_IGateProvider_Interface__BASE__C                         
00006d9c  xdc_runtime_IHeap_Interface__BASE__C                                 
00006da0  xdc_runtime_IModule_Interface__BASE__C                               
00006da4  xdc_runtime_Log_L_error__C                                           
00006da8  xdc_runtime_Memory_defaultHeapInstance__C                            
00006dac  xdc_runtime_Startup_execImpl__C                                      
00006db0  xdc_runtime_Startup_maxPasses__C                                     
00006db4  xdc_runtime_Startup_sfxnRts__C                                       
00006db8  xdc_runtime_Startup_sfxnTab__C                                       
00006dbc  xdc_runtime_SysMin_bufSize__C                                        
00006dc0  xdc_runtime_SysMin_outputFunc__C                                     
00006dc4  xdc_runtime_System_Module__gateObj__C                                
00006dc8  xdc_runtime_System_abortFxn__C                                       
00006dcc  xdc_runtime_System_exitFxn__C                                        
00006dd0  xdc_runtime_System_extendFxn__C                                      
00006dd4  xdc_runtime_System_maxAtexitHandlers__C                              
00006dd8  xdc_runtime_Text_charTab__C                                          
00006ddc  xdc_runtime_Text_nameEmpty__C                                        
00006de0  xdc_runtime_Text_nameStatic__C                                       
00006de4  xdc_runtime_Text_nameUnknown__C                                      
00006de8  xdc_runtime_Text_nodeTab__C                                          
00006dec  xdc_runtime_Text_visitRopeFxn__C                                     
00006df0  ti_sysbios_family_arm_lm4_TimestampProvider_Module__id__C            
00006df2  ti_sysbios_family_arm_lm4_TimestampProvider_useClockTimer__C         
00006df4  ti_sysbios_family_arm_m3_Hwi_Module__id__C                           
00006df6  ti_sysbios_gates_GateMutex_Module__id__C                             
00006df8  ti_sysbios_hal_Hwi_Module__id__C                                     
00006dfa  ti_sysbios_heaps_HeapMem_Module__id__C                               
00006dfc  ti_sysbios_knl_Semaphore_Module__id__C                               
00006dfe  ti_sysbios_knl_Task_Module__id__C                                    
00006e00  xdc_runtime_Core_Module__id__C                                       
00006e02  xdc_runtime_Error_Module__loggerDefined__C                           
00006e04  xdc_runtime_Error_maxDepth__C                                        
00006e06  xdc_runtime_Memory_Module__id__C                                     
00006e08  xdc_runtime_SysMin_flushAtExit__C                                    
00006e0a  xdc_runtime_Text_charCnt__C                                          
00006e0c  xdc_runtime_Text_isLoaded__C                                         
00006e0e  xdc_runtime_Text_registryModsLastId__C                               
00006e10  xdc_runtime_Text_unnamedModsLastId__C                                
00006e18  __TI_static_base__                                                   
00006ff8  __TI_Handler_Table_Base                                              
00007004  __TI_Handler_Table_Limit                                             
00007018  __TI_CINIT_Base                                                      
00007030  __TI_CINIT_Limit                                                     
20000000  ti_sysbios_family_arm_m3_Hwi_ramVectors                              
20000360  gADCBuffer                                                           
20001360  ti_sysbios_knl_Task_Instance_State_0_stack__A                        
20001560  ti_sysbios_knl_Task_Instance_State_1_stack__A                        
20001760  ti_sysbios_heaps_HeapMem_Instance_State_0_buf__A                     
20001b60  ti_sysbios_family_arm_m3_Hwi_dispatchTable                           
20001ec0  __CIOBUF_                                                            
20001fe0  xdc_runtime_SysMin_Module_State_0_outbuf__A                          
20002060  parmbuf                                                              
20002068  ti_sysbios_knl_Task_Object__table__V                                 
20002100  ti_sysbios_knl_Swi_Module_State_0_readyQ__A                          
20002180  ti_sysbios_knl_Task_Module_State_0_readyQ__A                         
20002200  ti_sysbios_knl_Task_Module__state__V                                 
20002244  ti_sysbios_family_arm_lm4_Timer_Module_State_0_device__A             
20002284  ti_sysbios_family_arm_lm4_Timer_Object__table__V                     
200022c4  ti_sysbios_gates_GateMutex_Object__table__V                          
200022fc  ti_sysbios_family_arm_m3_Hwi_Module__state__V                        
20002330  ti_sysbios_family_arm_m3_Hwi_Object__table__V                        
20002360  ti_sysbios_knl_Swi_Object__table__V                                  
20002390  ti_sysbios_knl_Clock_Module__state__V                                
200023bc  ti_sysbios_BIOS_Module__state__V                                     
200023e0  ti_sysbios_family_arm_lm4_Timer_Module_State_0_handles__A            
20002400  ti_sysbios_knl_Swi_Module__state__V                                  
2000241c  ti_sysbios_heaps_HeapMem_Object__table__V                            
20002434  ti_sysbios_family_arm_lm4_Timer_Module__state__V                     
20002440  xdc_runtime_SysMin_Module__state__V                                  
2000244c  _lock                                                                
20002450  _unlock                                                              
20002454  gADCBufferIndex                                                      
20002458  gADCErrors                                                           
2000245c  ti_sysbios_family_arm_lm4_TimestampProvider_Module__state__V         
20002464  ti_sysbios_gates_GateHwi_Module__root__V                             
2000246c  ti_sysbios_gates_GateMutex_Module__root__V                           
20002474  ti_sysbios_heaps_HeapMem_Module__root__V                             
2000247c  ti_sysbios_knl_Queue_Module__root__V                                 
20002484  ti_sysbios_knl_Semaphore_Module__root__V                             
2000248c  xdc_runtime_Registry_Module__state__V                                
20002494  xdc_runtime_Startup_Module__state__V                                 
2000249c  xdc_runtime_System_Module_State_0_atexitHandlers__A                  
200024a4  xdc_runtime_System_Module__state__V                                  
200024ac  main_func_sp                                                         
200024b0  ti_sysbios_family_arm_m3_Hwi_Module_State_0_excContext__A            
200024b4  ti_sysbios_family_arm_m3_Hwi_Module_State_0_excStack__A              
200024b8  ti_sysbios_gates_GateHwi_Object__table__V                            
200024bc  ti_sysbios_knl_Task_Module_State_0_idleTask__A                       
200024c0  xdc_runtime_Memory_Module__state__V                                  
200024c4  ti_sysbios_family_arm_m3_Hwi_Module_State_0_excActive__A             
200024c6  xdc_runtime_Error_Module__state__V                                   
200024c8  __stack                                                              
200027c8  __STACK_END                                                          
e000e000  ti_sysbios_family_arm_m3_Hwi_nvic                                    
ffffffff  __TI_pprof_out_hndl                                                  
ffffffff  __TI_prof_data_size                                                  
ffffffff  __TI_prof_data_start                                                 
ffffffff  __binit__                                                            
ffffffff  __c_args__                                                           
ffffffff  binit                                                                
UNDEFED   SHT$$INIT_ARRAY$$Base                                                
UNDEFED   SHT$$INIT_ARRAY$$Limit                                               

[520 symbols]
