******************************************************************************
                  TI ARM Linker PC v18.1.2                     
******************************************************************************
>> Linked Wed Apr 10 10:56:21 2019

OUTPUT FILE NAME:   <ece3849d19_lab2_mrhagan_doates.out>
ENTRY POINT SYMBOL: "_c_int00"  address: 00006035


MEMORY CONFIGURATION

         name            origin    length      used     unused   attr    fill
----------------------  --------  ---------  --------  --------  ----  --------
  FLASH                 00000000   00100000  0000ad0a  000f52f6  R  X
  SRAM                  20000000   00040000  0000c6a6  0003395a  RW X


SEGMENT ALLOCATION MAP

run origin  load origin   length   init length attrs members
----------  ----------- ---------- ----------- ----- -------
00000000    00000000    0000ad10   0000ad10    r-x
  00000000    00000000    0000003c   0000003c    r-- .resetVecs
  00000040    00000040    00008222   00008222    r-x .text
  00008264    00008264    000027e4   000027e4    r-- .const
  0000aa48    0000aa48    000002c8   000002c8    r-- .cinit
20000000    20000000    0000c6b0   00000000    rw-
  20000000    20000000    00000360   00000000    rw- .vecs
  20000360    20000360    00008664   00000000    rw- .data
  200089c8    200089c8    000039e2   00000000    rw- .bss
  2000c3b0    2000c3b0    00000300   00000000    rw- .stack


SECTION ALLOCATION MAP

 output                                  attributes/
section   page    origin      length       input sections
--------  ----  ----------  ----------   ----------------
.text      0    00000040    00008222     
                  00000040    00000a5e     rtsv7M4_T_le_v4SPD16_eabi.lib : _printfi.c.obj (.text:__TI_printfi)
                  00000a9e    00000002                                   : _lock.c.obj (.text:_nop)
                  00000aa0    00000430     sysbios.aem4f : BIOS.obj (.text:ti_sysbios_family_arm_m3_Hwi_excDumpRegs__I)
                  00000ed0    0000034c     ti.targets.arm.rtsarm.aem4f : System.oem4f (.text:xdc_runtime_System_doPrint__I)
                  0000121c    00000004     rtsv7M4_T_le_v4SPD16_eabi.lib : exit.c.obj (.text:abort:abort)
                  00001220    000002a4     sysbios.aem4f : BIOS.obj (.text:ti_sysbios_knl_Semaphore_pend__E)
                  000014c4    00000270     rtsv7M4_T_le_v4SPD16_eabi.lib : _printfi.c.obj (.text:_pconv_a)
                  00001734    00000004     sysbios.aem4f : BIOS.obj (.text:ti_sysbios_family_arm_lm4_Timer_masterEnable__I)
                  00001738    0000026c                   : BIOS.obj (.text:ti_sysbios_heaps_HeapMem_free__E)
                  000019a4    00000256     grlib.lib : string.obj (.text:GrFontGlyphRender)
                  00001bfa    00000006     driverlib.lib : gpio.obj (.text:GPIOPinRead)
                  00001c00    00000250     sysbios.aem4f : BIOS.obj (.text:ti_sysbios_heaps_HeapMem_alloc__E)
                  00001e50    00000204     driverlib.lib : sysctl.obj (.text:SysCtlClockFreqSet)
                  00002054    00000204     Boot.aem4f : Boot_sysctl.oem4f (.text:ti_catalog_arm_cortexm4_tiva_ce_Boot_sysCtlClockFreqSetI__I)
                  00002258    000001fc     sysbios.aem4f : BIOS.obj (.text:ti_sysbios_family_arm_m3_Hwi_excHandlerMax__I)
                  00002454    00000004     ti.targets.arm.rtsarm.aem4f : Error.oem4f (.text:xdc_runtime_Error_getSite__E)
                  00002458    000001e8     main.obj (.text:DisplayTaskFunc)
                  00002640    000001d0     rtsv7M4_T_le_v4SPD16_eabi.lib : _printfi.c.obj (.text:_pconv_g)
                  00002810    000001b6                                   : fd_add_t2.asm.obj (.text)
                  000029c6    00000002                                   : div0.asm.obj (.text)
                  000029c8    000001a8     main.obj (.text:main)
                  00002b70    00000174     sysbios.aem4f : BIOS.obj (.text:ti_sysbios_family_arm_m3_Hwi_excBusFault__I)
                  00002ce4    00000004     ti.targets.arm.rtsarm.aem4f : System.oem4f (.text:xdc_runtime_System_aprintf_va__F)
                  00002ce8    00000164     sysbios.aem4f : BIOS.obj (.text:ti_sysbios_family_arm_m3_Hwi_excUsageFault__I)
                  00002e4c    00000004     ti.targets.arm.rtsarm.aem4f : System.oem4f (.text:xdc_runtime_System_printf_va__F)
                  00002e50    0000015c     main.obj (.text:ButtonTaskFunc)
                  00002fac    00000004     --HOLE-- [fill = 0]
                  00002fb0    00000148     sysbios.aem4f : BIOS.obj (.text:ti_sysbios_family_arm_m3_Hwi_excMemFault__I)
                  000030f8    0000013c     rtsv7M4_T_le_v4SPD16_eabi.lib : _printfi.c.obj (.text:_pconv_e)
                  00003234    00000004     --HOLE-- [fill = 0]
                  00003238    0000013c     sysbios.aem4f : BIOS.obj (.text:ti_sysbios_heaps_HeapMem_Instance_init__E)
                  00003374    00000136     rtsv7M4_T_le_v4SPD16_eabi.lib : fd_div_t2.asm.obj (.text)
                  000034aa    00000130     driverlib.lib : gpio.obj (.text:GPIOPadConfigSet)
                  000035da    00000002     --HOLE-- [fill = 0]
                  000035dc    00000120     rtsv7M4_T_le_v4SPD16_eabi.lib : _printfi.c.obj (.text:fcvt)
                  000036fc    00000118     ti.targets.arm.rtsarm.aem4f : Error.oem4f (.text:xdc_runtime_Error_policyDefault__E)
                  00003814    00000110     rtsv7M4_T_le_v4SPD16_eabi.lib : s_scalbn.c.obj (.text:scalbn)
                  00003924    00000004     --HOLE-- [fill = 0]
                  00003928    00000108     sysbios.aem4f : BIOS.obj (.text:ti_sysbios_family_arm_lm4_Timer_start__E)
                  00003a30    00000106     grlib.lib : line.obj (.text:GrLineDraw)
                  00003b36    00000002     --HOLE-- [fill = 0]
                  00003b38    00000104     main.obj (.text:WaveformTaskFunc)
                  00003c3c    00000100     ti.targets.arm.rtsarm.aem4f : Core-mem.oem4f (.text:xdc_runtime_Core_createObject__I)
                  00003d3c    000000fc     rtsv7M4_T_le_v4SPD16_eabi.lib : fd_mul_t2.asm.obj (.text)
                  00003e38    000000fc     rtos_pem4f.oem4f (.text:xdc_runtime_System_printfExtend__I)
                  00003f34    000000f8     ti.targets.arm.rtsarm.aem4f : Startup.oem4f (.text:xdc_runtime_Startup_startMods__I)
                  0000402c    000000f4     sysbios.aem4f : m3_Hwi_asm.obj (.text:ti_sysbios_family_arm_m3_Hwi_dispatch__I)
                  00004120    000000ec                   : BIOS.obj (.text:ti_sysbios_knl_Semaphore_post__E)
                  0000420c    00000004     --HOLE-- [fill = 0]
                  00004210    000000dc     Crystalfontz128x128_ST7735.obj (.text:Crystalfontz128x128_PixelDrawMultiple)
                  000042ec    000000cc     ti.targets.arm.rtsarm.aem4f : Core-smem.oem4f (.text:xdc_runtime_Core_constructObject__I)
                  000043b8    000000c8     main.obj (.text:ProcessingTaskFunc)
                  00004480    000000c4     grlib.lib : string.obj (.text:GrDefaultStringRenderer)
                  00004544    000000c0               : line.obj (.text:GrLineClip)
                  00004604    00000004     --HOLE-- [fill = 0]
                  00004608    000000bc     Crystalfontz128x128_ST7735.obj (.text:Crystalfontz128x128_Init)
                  000046c4    00000004     --HOLE-- [fill = 0]
                  000046c8    000000bc     sysbios.aem4f : BIOS.obj (.text:ti_sysbios_family_arm_m3_Hwi_excDebugMon__I)
                  00004784    00000004     --HOLE-- [fill = 0]
                  00004788    000000bc                   : BIOS.obj (.text:ti_sysbios_family_arm_m3_Hwi_excHardFault__I)
                  00004844    00000004     --HOLE-- [fill = 0]
                  00004848    000000b4                   : BIOS.obj (.text:ti_sysbios_gates_GateMutex_enter__E)
                  000048fc    00000004     --HOLE-- [fill = 0]
                  00004900    000000b4                   : BIOS.obj (.text:ti_sysbios_knl_Task_checkStacks__E)
                  000049b4    000000b1     rtsv7M4_T_le_v4SPD16_eabi.lib : _printfi.c.obj (.text:_ltostr)
                  00004a65    00000003     --HOLE-- [fill = 0]
                  00004a68    000000ac     sysbios.aem4f : BIOS.obj (.text:ti_sysbios_family_arm_lm4_Timer_enableTiva__I)
                  00004b14    000000a0     auto_init.aem4f : auto_init.oem4f (.text)
                  00004bb4    000000a0     ti.targets.arm.rtsarm.aem4f : Text.oem4f (.text:xdc_runtime_Text_putMod__E)
                  00004c54    00000004     --HOLE-- [fill = 0]
                  00004c58    0000009c     Crystalfontz128x128_ST7735.obj (.text:Crystalfontz128x128_SetDrawFrame)
                  00004cf4    0000009c     rtsv7M4_T_le_v4SPD16_eabi.lib : memcpy_t2.asm.obj (.text)
                  00004d90    0000009c     sysbios.aem4f : BIOS.obj (.text:ti_sysbios_knl_Semaphore_Instance_init__E)
                  00004e2c    0000009a     ti.targets.arm.rtsarm.aem4f : Text.oem4f (.text:xdc_runtime_Text_putSite__E)
                  00004ec6    00000002     --HOLE-- [fill = 0]
                  00004ec8    00000098     Boot.aem4f : Boot.oem4f (.text:ti_catalog_arm_cortexm4_tiva_ce_Boot_sysCtlClockFreqSet__E)
                  00004f60    00000096     rtsv7M4_T_le_v4SPD16_eabi.lib : ull_div_t2.asm.obj (.text)
                  00004ff6    00000002     --HOLE-- [fill = 0]
                  00004ff8    00000094     sysbios.aem4f : BIOS.obj (.text:ti_sysbios_family_arm_m3_Hwi_initNVIC__E)
                  0000508c    00000004     --HOLE-- [fill = 0]
                  00005090    0000008c     main.obj (.text:UserInputTaskFunc)
                  0000511c    0000008c     sysbios.aem4f : m3_TaskSupport_asm.obj (.text:ti_sysbios_family_arm_m3_TaskSupport_buildTaskStack)
                  000051a8    0000008c                   : BIOS.obj (.text:ti_sysbios_knl_Task_postInit__I)
                  00005234    00000004     --HOLE-- [fill = 0]
                  00005238    00000088                   : BIOS.obj (.text:ti_sysbios_knl_Mailbox_post__E)
                  000052c0    00000086     grlib.lib : rectangle.obj (.text:GrRectFill)
                  00005346    00000086     rtsv7M4_T_le_v4SPD16_eabi.lib : fd_cmp_t2.asm.obj (.text:__aeabi_cdcmple)
                  000053cc    00000086                                   : fd_cmp_t2.asm.obj (.text:__aeabi_cdrcmple)
                  00005452    00000006     driverlib.lib : gpio.obj (.text:GPIOPinWrite)
                  00005458    00000084     sysbios.aem4f : BIOS.obj (.text:ti_sysbios_family_arm_m3_Hwi_postInit__I)
                  000054dc    00000004     --HOLE-- [fill = 0]
                  000054e0    00000080     Crystalfontz128x128_ST7735.obj (.text:Crystalfontz128x128_RectFill)
                  00005560    0000007a     driverlib.lib : adc.obj (.text:ADCSequenceStepConfigure)
                  000055da    0000007a     rtsv7M4_T_le_v4SPD16_eabi.lib : memset_t2.asm.obj (.text)
                  00005654    00000004     --HOLE-- [fill = 0]
                  00005658    00000078     HAL_EK_TM4C1294XL_Crystalfontz128x128_ST7735.obj (.text:HAL_LCD_PortInit)
                  000056d0    00000078     HAL_EK_TM4C1294XL_Crystalfontz128x128_ST7735.obj (.text:HAL_LCD_SpiInit)
                  00005748    00000074     sysbios.aem4f : BIOS.obj (.text:ti_sysbios_knl_Mailbox_pend__E)
                  000057bc    00000004     --HOLE-- [fill = 0]
                  000057c0    00000070                   : BIOS.obj (.text:ti_sysbios_knl_Clock_workFunc__E)
                  00005830    00000070                   : BIOS.obj (.text:ti_sysbios_knl_Task_exit__E)
                  000058a0    0000006e     rtsv7M4_T_le_v4SPD16_eabi.lib : _printfi.c.obj (.text:_mcpy)
                  0000590e    00000002     --HOLE-- [fill = 0]
                  00005910    0000006d     ti.targets.arm.rtsarm.aem4f : System.oem4f (.text:xdc_runtime_System_formatNum__I)
                  0000597d    00000003     --HOLE-- [fill = 0]
                  00005980    0000006c     sysbios.aem4f : BIOS.obj (.text:ti_sysbios_knl_Swi_restoreHwi__E)
                  000059ec    0000006c     ti.targets.arm.rtsarm.aem4f : Error.oem4f (.text:xdc_runtime_Error_print__E)
                  00005a58    0000006c                                 : Memory.oem4f (.text:xdc_runtime_Memory_alloc__E)
                  00005ac4    00000068     grlib.lib : context.obj (.text:GrContextInit)
                  00005b2c    00000068     rtsv7M4_T_le_v4SPD16_eabi.lib : copy_decompress_lzss.c.obj (.text:decompress:lzss:__TI_decompress_lzss)
                  00005b94    00000004     --HOLE-- [fill = 0]
                  00005b98    00000068     sysbios.aem4f : BIOS.obj (.text:ti_sysbios_family_arm_lm4_TimestampProvider_initTimerHandle__I)
                  00005c00    00000066     ti.targets.arm.rtsarm.aem4f : Core-mem.oem4f (.text:xdc_runtime_Core_deleteObject__I)
                  00005c66    00000002     --HOLE-- [fill = 0]
                  00005c68    00000064     rtsv7M4_T_le_v4SPD16_eabi.lib : s_frexp.c.obj (.text:frexp)
                  00005ccc    00000004     --HOLE-- [fill = 0]
                  00005cd0    00000064     sysbios.aem4f : BIOS.obj (.text:ti_sysbios_family_arm_lm4_Timer_Module_startup__E)
                  00005d34    00000004     --HOLE-- [fill = 0]
                  00005d38    00000064                   : BIOS.obj (.text:ti_sysbios_family_arm_m3_Hwi_dispatchC__I)
                  00005d9c    00000004     --HOLE-- [fill = 0]
                  00005da0    00000060                   : BIOS.obj (.text:ti_sysbios_knl_Task_schedule__I)
                  00005e00    0000005c                   : BIOS.obj (.text:ti_sysbios_knl_Swi_run__I)
                  00005e5c    00000004     --HOLE-- [fill = 0]
                  00005e60    0000005c                   : BIOS.obj (.text:ti_sysbios_knl_Swi_schedule__I)
                  00005ebc    00000004     --HOLE-- [fill = 0]
                  00005ec0    0000005c                   : BIOS.obj (.text:ti_sysbios_knl_Task_Module_startup__E)
                  00005f1c    00000004     --HOLE-- [fill = 0]
                  00005f20    0000005c                   : BIOS.obj (.text:ti_sysbios_knl_Task_startCore__E)
                  00005f7c    0000005b     ti.targets.arm.rtsarm.aem4f : Text.oem4f (.text:xdc_runtime_Text_putLab__E)
                  00005fd7    00000001     --HOLE-- [fill = 0]
                  00005fd8    0000005a     grlib.lib : string.obj (.text:FontWideGlyphDataGet)
                  00006032    00000002     --HOLE-- [fill = 0]
                  00006034    00000058     boot.aem4f : boot.oem4f (.text)
                  0000608c    00000058     rtsv7M4_T_le_v4SPD16_eabi.lib : hostwrite.c.obj (.text:HOSTwrite)
                  000060e4    00000058     sysbios.aem4f : m3_Hwi_asm_switch.obj (.text:ti_sysbios_family_arm_m3_Hwi_initStacks__E)
                  0000613c    00000056     rtsv7M4_T_le_v4SPD16_eabi.lib : _printfi.c.obj (.text:_pconv_f)
                  00006192    00000054                                   : ltoa.c.obj (.text:ltoa)
                  000061e6    00000002     --HOLE-- [fill = 0]
                  000061e8    00000054     sysbios.aem4f : BIOS.obj (.text:ti_sysbios_family_arm_lm4_Timer_initDevice__I)
                  0000623c    00000054     ti.targets.arm.rtsarm.aem4f : Assert.oem4f (.text:xdc_runtime_Assert_raise__I)
                  00006290    00000052     rtsv7M4_T_le_v4SPD16_eabi.lib : _printfi.c.obj (.text:_ecpy)
                  000062e2    00000006     grlib.lib : string.obj (.text:GrContextFontSet)
                  000062e8    00000050     main.obj (.text:AdcHwiFunc)
                  00006338    00000050     Boot.aem4f : Boot_sysctl.oem4f (.text:_SysCtlFrequencyGet)
                  00006388    00000050     sysbios.aem4f : BIOS.obj (.text:ti_sysbios_family_arm_m3_Hwi_Module_startup__E)
                  000063d8    00000050     ti.targets.arm.rtsarm.aem4f : Startup.oem4f (.text:xdc_runtime_Startup_exec__E)
                  00006428    00000050                                 : Text.oem4f (.text:xdc_runtime_Text_visitRope2__I)
                  00006478    0000004c     rtsv7M4_T_le_v4SPD16_eabi.lib : atoi.c.obj (.text:atoi)
                  000064c4    0000004c                                   : cpy_tbl.c.obj (.text:copy_in)
                  00006510    0000004c                                   : snprintf.c.obj (.text:snprintf)
                  0000655c    00000004     --HOLE-- [fill = 0]
                  00006560    0000004c     sysbios.aem4f : BIOS.obj (.text:ti_sysbios_heaps_HeapMem_getStats__E)
                  000065ac    00000004     --HOLE-- [fill = 0]
                  000065b0    0000004c                   : BIOS.obj (.text:ti_sysbios_knl_Swi_runLoop__I)
                  000065fc    00000004     --HOLE-- [fill = 0]
                  00006600    0000004c                   : BIOS.obj (.text:ti_sysbios_knl_Task_allBlockedFunction__I)
                  0000664c    0000004a     grlib.lib : string.obj (.text:UpdateContextCharMapping)
                  00006696    00000002     --HOLE-- [fill = 0]
                  00006698    00000048     driverlib.lib : gpio.obj (.text:GPIOPinConfigure)
                  000066e0    00000048     HAL_EK_TM4C1294XL_Crystalfontz128x128_ST7735.obj (.text:HAL_LCD_writeCommand)
                  00006728    00000048     sysctl_pll.obj (.text:SysCtlFrequencyGet)
                  00006770    00000048     driverlib.lib : sysctl.obj (.text:_SysCtlFrequencyGet)
                  000067b8    00000048     rtsv7M4_T_le_v4SPD16_eabi.lib : fd_toi_t2.asm.obj (.text)
                  00006800    00000048     sysbios.aem4f : BIOS.obj (.text:ti_sysbios_family_arm_lm4_Timer_enableTimers__I)
                  00006848    00000048                   : BIOS.obj (.text:ti_sysbios_family_arm_m3_Hwi_disableInterrupt__E)
                  00006890    00000048                   : BIOS.obj (.text:ti_sysbios_family_arm_m3_Hwi_enableInterrupt__E)
                  000068d8    00000048                   : BIOS.obj (.text:ti_sysbios_family_arm_m3_Hwi_excReserved__I)
                  00006920    00000048                   : BIOS.obj (.text:ti_sysbios_knl_Mailbox_Module_startup__E)
                  00006968    00000046     grlib.lib : line.obj (.text:GrLineDrawH)
                  000069ae    00000046               : line.obj (.text:GrLineDrawV)
                  000069f4    00000046     ti.targets.arm.rtsarm.aem4f : Core-params.oem4f (.text:xdc_runtime_Core_assignParams__I)
                  00006a3a    00000006     driverlib.lib : sysctl.obj (.text:SysCtlDelay)
                  00006a40    00000044     Crystalfontz128x128_ST7735.obj (.text:Crystalfontz128x128_SetOrientation)
                  00006a84    00000004     --HOLE-- [fill = 0]
                  00006a88    00000044     sysbios.aem4f : BIOS.obj (.text:ti_sysbios_family_arm_lm4_Timer_isrStub__E)
                  00006acc    00000004     --HOLE-- [fill = 0]
                  00006ad0    00000044                   : BIOS.obj (.text:ti_sysbios_family_arm_m3_Hwi_getStackInfo__E)
                  00006b14    00000004     --HOLE-- [fill = 0]
                  00006b18    00000044                   : BIOS.obj (.text:ti_sysbios_knl_Swi_post__E)
                  00006b5c    00000044     ti.targets.arm.rtsarm.aem4f : Error.oem4f (.text:xdc_runtime_Error_setX__E)
                  00006ba0    00000044                                 : SysMin.oem4f (.text:xdc_runtime_SysMin_flush__E)
                  00006be4    00000044                                 : Text.oem4f (.text:xdc_runtime_Text_xprintf__I)
                  00006c28    00000040     Crystalfontz128x128_ST7735.obj (.text:Crystalfontz128x128_LineDrawH)
                  00006c68    00000040     rtsv7M4_T_le_v4SPD16_eabi.lib : u_divt2.asm.obj (.text)
                  00006ca8    00000040     sysbios.aem4f : BIOS.obj (.text:ti_sysbios_family_arm_lm4_Timer_startup__E)
                  00006ce8    0000003e     driverlib.lib : adc.obj (.text:ADCSequenceConfigure)
                  00006d26    0000003e     rtsv7M4_T_le_v4SPD16_eabi.lib : _printfi.c.obj (.text:_fcpy)
                  00006d64    0000003c     driverlib.lib : ssi.obj (.text:SSIConfigSetExpClk)
                  00006da0    0000003c     sysbios.aem4f : BIOS.obj (.text:ti_sysbios_family_arm_m3_Hwi_excSvCall__I)
                  00006ddc    00000004     --HOLE-- [fill = 0]
                  00006de0    0000003c                   : BIOS.obj (.text:ti_sysbios_heaps_HeapMem_init__I)
                  00006e1c    00000004     --HOLE-- [fill = 0]
                  00006e20    0000003c                   : BIOS.obj (.text:ti_sysbios_knl_Swi_restore__E)
                  00006e5c    0000003a     grlib.lib : string.obj (.text:FontGlyphDataGet)
                  00006e96    00000002     --HOLE-- [fill = 0]
                  00006e98    00000038     Crystalfontz128x128_ST7735.obj (.text:Crystalfontz128x128_Flush)
                  00006ed0    00000038     rtsv7M4_T_le_v4SPD16_eabi.lib : trgmsg.c.obj (.text:__TI_writemsg)
                  00006f08    00000038     sysbios.aem4f : BIOS.obj (.text:ti_sysbios_family_arm_m3_Hwi_excNoIsr__I)
                  00006f40    00000038                   : BIOS.obj (.text:ti_sysbios_knl_Task_processVitalTaskFlag__I)
                  00006f78    00000038     ti.targets.arm.rtsarm.aem4f : SysMin.oem4f (.text:xdc_runtime_SysMin_putch__E)
                  00006fb0    00000038                                 : System.oem4f (.text:xdc_runtime_System_atexit__E)
                  00006fe8    00000036     grlib.lib : line.obj (.text:GrClipCodeGet)
                  0000701e    00000002     --HOLE-- [fill = 0]
                  00007020    00000034     driverlib.lib : sysctl.obj (.text:SysCtlPeripheralEnable)
                  00007054    00000034     rtsv7M4_T_le_v4SPD16_eabi.lib : trgmsg.c.obj (.text:__TI_readmsg)
                  00007088    00000034     sysbios.aem4f : BIOS.obj (.text:ti_sysbios_family_arm_m3_Hwi_excNmi__I)
                  000070bc    00000004     --HOLE-- [fill = 0]
                  000070c0    00000034                   : BIOS.obj (.text:ti_sysbios_hal_Hwi_checkStack)
                  000070f4    00000034     ti.targets.arm.rtsarm.aem4f : Core-label.oem4f (.text:xdc_runtime_Core_assignLabel__I)
                  00007128    00000033                                 : Text.oem4f (.text:xdc_runtime_Text_printVisFxn__I)
                  0000715b    00000005     --HOLE-- [fill = 0]
                  00007160    00000032     sysbios.aem4f : BIOS.obj (.text:ti_sysbios_hal_Hwi_initStack)
                  00007192    00000030     rtsv7M4_T_le_v4SPD16_eabi.lib : snprintf.c.obj (.text:_outs)
                  000071c2    00000006     ti.targets.arm.rtsarm.aem4f : System.oem4f (.text:xdc_runtime_System_Module_startup__E)
                  000071c8    00000030     rtos_pem4f.oem4f (.text:ti_sysbios_BIOS_atExitFunc__I)
                  000071f8    00000030     sysbios.aem4f : BIOS.obj (.text:ti_sysbios_family_arm_lm4_Timer_stop__E)
                  00007228    00000030                   : BIOS.obj (.text:ti_sysbios_family_arm_m3_TaskSupport_start__E)
                  00007258    00000030     rtos_pem4f.oem4f (.text:ti_sysbios_gates_GateHwi_Object__create__S)
                  00007288    00000030     rtos_pem4f.oem4f (.text:ti_sysbios_gates_GateMutex_Object__create__S)
                  000072b8    00000030     rtos_pem4f.oem4f (.text:ti_sysbios_heaps_HeapMem_Object__create__S)
                  000072e8    00000030     sysbios.aem4f : BIOS.obj (.text:ti_sysbios_knl_Mailbox_postInit__I)
                  00007318    00000030     rtos_pem4f.oem4f (.text:ti_sysbios_knl_Semaphore_construct)
                  00007348    00000030     sysbios.aem4f : BIOS.obj (.text:ti_sysbios_knl_Semaphore_pendTimeout__I)
                  00007378    00000030                   : BIOS.obj (.text:ti_sysbios_knl_Task_unblockI__E)
                  000073a8    00000030     ti.targets.arm.rtsarm.aem4f : SysMin.oem4f (.text:xdc_runtime_SysMin_abort__E)
                  000073d8    00000030                                 : System.oem4f (.text:xdc_runtime_System_processAtExit__E)
                  00007408    0000002e     driverlib.lib : adc.obj (.text:ADCIntStatus)
                  00007436    0000002e     grlib.lib : string.obj (.text:GrStringNextCharGet)
                  00007464    0000002e     rtsv7M4_T_le_v4SPD16_eabi.lib : i_tofd_t2.asm.obj (.text)
                  00007492    00000006     --HOLE-- [fill = 0]
                  00007498    0000002c     rtos_pem4f.oem4f (.text:ti_sysbios_knl_Clock_doTick__I)
                  000074c4    00000004     --HOLE-- [fill = 0]
                  000074c8    0000002c     rtos_pem4f.oem4f (.text:ti_sysbios_knl_Queue_construct)
                  000074f4    00000004     --HOLE-- [fill = 0]
                  000074f8    0000002c     sysbios.aem4f : BIOS.obj (.text:ti_sysbios_knl_Task_restore__E)
                  00007524    0000002c     ti.targets.arm.rtsarm.aem4f : Text.oem4f (.text:xdc_runtime_Text_cordText__E)
                  00007550    0000002a     driverlib.lib : gpio.obj (.text:GPIODirModeSet)
                  0000757a    0000002a     ti.targets.arm.rtsarm.aem4f : System.oem4f (.text:xdc_runtime_System_putchar__I)
                  000075a4    00000004     --HOLE-- [fill = 0]
                  000075a8    00000028     sysbios.aem4f : BIOS.obj (.text:ti_sysbios_knl_Clock_addI__E)
                  000075d0    00000028                   : BIOS.obj (.text:ti_sysbios_knl_Swi_Module_startup__E)
                  000075f8    00000026     grlib.lib : string.obj (.text:GrFontInfoGet)
                  0000761e    00000026     sysbios.aem4f : m3_Hwi_asm.obj (.text:ti_sysbios_family_arm_m3_Hwi_pendSV__I)
                  00007644    00000026     ti.targets.arm.rtsarm.aem4f : System.oem4f (.text:xdc_runtime_System_avprintf__E)
                  0000766a    00000006     --HOLE-- [fill = 0]
                  00007670    00000024     rtos_pem4f.oem4f (.text:ti_sysbios_BIOS_errorRaiseHook__I)
                  00007694    00000004     --HOLE-- [fill = 0]
                  00007698    00000024     rtos_pem4f.oem4f (.text:ti_sysbios_BIOS_registerRTSLock__I)
                  000076bc    00000004     --HOLE-- [fill = 0]
                  000076c0    00000024     rtos_pem4f.oem4f (.text:ti_sysbios_BIOS_removeRTSLock__I)
                  000076e4    00000004     --HOLE-- [fill = 0]
                  000076e8    00000024     rtos_pem4f.oem4f (.text:ti_sysbios_BIOS_startFunc__I)
                  0000770c    00000004     --HOLE-- [fill = 0]
                  00007710    00000024     rtos_pem4f.oem4f (.text:ti_sysbios_gates_GateMutex_Object__delete__S)
                  00007734    00000004     --HOLE-- [fill = 0]
                  00007738    00000024     sysbios.aem4f : BIOS.obj (.text:ti_sysbios_knl_Clock_Module_startup__E)
                  0000775c    00000004     --HOLE-- [fill = 0]
                  00007760    00000024                   : BIOS.obj (.text:ti_sysbios_knl_Task_restoreHwi__E)
                  00007784    00000024     ti.targets.arm.rtsarm.aem4f : System.oem4f (.text:xdc_runtime_System_vprintf__E)
                  000077a8    00000022     grlib.lib : string.obj (.text:GrFontGlyphDataGet)
                  000077ca    00000006     --HOLE-- [fill = 0]
                  000077d0    00000022     sysbios.aem4f : BIOS.obj (.text:ti_sysbios_family_arm_lm4_Timer_write__I)
                  000077f2    00000006     --HOLE-- [fill = 0]
                  000077f8    00000022     rtos_pem4f.oem4f (.text:xdc_runtime_SysMin_output__I)
                  0000781a    00000002     --HOLE-- [fill = 0]
                  0000781c    00000020     Boot.aem4f : Boot_sysctl.oem4f (.text:_SysCtlMemTimingGet)
                  0000783c    00000004     --HOLE-- [fill = 0]
                  00007840    00000020     rtos_pem4f.oem4f (.text:ti_sysbios_BIOS_rtsLock__I)
                  00007860    00000020     sysbios.aem4f : m3_Hwi_asm.obj (.text:ti_sysbios_family_arm_m3_Hwi_excHandlerAsm__I)
                  00007880    00000020                   : BIOS.obj (.text:ti_sysbios_family_arm_m3_Hwi_excHandler__I)
                  000078a0    00000020     rtos_pem4f.oem4f (.text:ti_sysbios_gates_GateHwi_Object__delete__S)
                  000078c0    00000020     rtos_pem4f.oem4f (.text:ti_sysbios_heaps_HeapMem_Object__delete__S)
                  000078e0    00000020     sysbios.aem4f : BIOS.obj (.text:ti_sysbios_knl_Idle_run__E)
                  00007900    00000020     rtos_pem4f.oem4f (.text:ti_sysbios_knl_Semaphore_Object__destruct__S)
                  00007920    00000020     ti.targets.arm.rtsarm.aem4f : Registry.oem4f (.text:xdc_runtime_Registry_findById__E)
                  00007940    00000020                                 : SysMin.oem4f (.text:xdc_runtime_SysMin_Module_startup__E)
                  00007960    0000001e     driverlib.lib : adc.obj (.text:ADCSequenceDataGet)
                  0000797e    00000002     --HOLE-- [fill = 0]
                  00007980    0000001e     Crystalfontz128x128_ST7735.obj (.text:Crystalfontz128x128_ColorTranslate)
                  0000799e    0000001e     grlib.lib : string.obj (.text:GrFontCodepageGet)
                  000079bc    0000001e     sysbios.aem4f : m3_Hwi_asm_switch.obj (.text:ti_sysbios_family_xxx_Hwi_switchAndRunFunc)
                  000079da    00000006     --HOLE-- [fill = 0]
                  000079e0    0000001c     Crystalfontz128x128_ST7735.obj (.text:Crystalfontz128x128_LineDrawV)
                  000079fc    0000001c     driverlib.lib : sysctl.obj (.text:_SysCtlMemTimingGet)
                  00007a18    0000001c     rtsv7M4_T_le_v4SPD16_eabi.lib : memccpy.c.obj (.text:memccpy)
                  00007a34    00000004     --HOLE-- [fill = 0]
                  00007a38    0000001c     sysbios.aem4f : BIOS.obj (.text:ti_sysbios_gates_GateMutex_Instance_init__E)
                  00007a54    00000004     --HOLE-- [fill = 0]
                  00007a58    0000001c     rtos_pem4f.oem4f (.text:ti_sysbios_knl_Queue_Object__destruct__S)
                  00007a74    00000004     --HOLE-- [fill = 0]
                  00007a78    0000001c     sysbios.aem4f : BIOS.obj (.text:ti_sysbios_knl_Queue_get__E)
                  00007a94    00000004     --HOLE-- [fill = 0]
                  00007a98    0000001c                   : BIOS.obj (.text:ti_sysbios_knl_Queue_put__E)
                  00007ab4    00000004     --HOLE-- [fill = 0]
                  00007ab8    0000001c                   : BIOS.obj (.text:ti_sysbios_knl_Task_enter__I)
                  00007ad4    0000001c     ti.targets.arm.rtsarm.aem4f : Error.oem4f (.text:xdc_runtime_Error_raiseX__E)
                  00007af0    0000001c                                 : Memory.oem4f (.text:xdc_runtime_Memory_valloc__E)
                  00007b0c    0000001c                                 : SysMin.oem4f (.text:xdc_runtime_SysMin_exit__E)
                  00007b28    0000001c                                 : System.oem4f (.text:xdc_runtime_System_abort__E)
                  00007b44    00000004     --HOLE-- [fill = 0]
                  00007b48    0000001a     rtos_pem4f.oem4f (.text:ti_sysbios_family_arm_m3_Hwi_Handle__label__S)
                  00007b62    00000006     --HOLE-- [fill = 0]
                  00007b68    0000001a     rtos_pem4f.oem4f (.text:ti_sysbios_gates_GateHwi_Handle__label__S)
                  00007b82    00000006     --HOLE-- [fill = 0]
                  00007b88    0000001a     rtos_pem4f.oem4f (.text:ti_sysbios_gates_GateMutex_Handle__label__S)
                  00007ba2    00000006     --HOLE-- [fill = 0]
                  00007ba8    0000001a     rtos_pem4f.oem4f (.text:ti_sysbios_heaps_HeapMem_Handle__label__S)
                  00007bc2    00000006     --HOLE-- [fill = 0]
                  00007bc8    0000001a     rtos_pem4f.oem4f (.text:ti_sysbios_knl_Swi_Handle__label__S)
                  00007be2    00000006     --HOLE-- [fill = 0]
                  00007be8    0000001a     rtos_pem4f.oem4f (.text:ti_sysbios_knl_Task_Handle__label__S)
                  00007c02    00000006     --HOLE-- [fill = 0]
                  00007c08    0000001a     rtos_pem4f.oem4f (.text:xdc_runtime_System_aprintf__E)
                  00007c22    00000006     --HOLE-- [fill = 0]
                  00007c28    0000001a     rtos_pem4f.oem4f (.text:xdc_runtime_System_printf__E)
                  00007c42    00000018     driverlib.lib : adc.obj (.text:ADCClockConfigSet)
                  00007c5a    00000018                   : adc.obj (.text:ADCProcessorTrigger)
                  00007c72    00000018                   : gpio.obj (.text:GPIOPinTypeGPIOOutput)
                  00007c8a    00000002     --HOLE-- [fill = 0]
                  00007c8c    00000018     rtsv7M4_T_le_v4SPD16_eabi.lib : args_main.c.obj (.text:_args_main)
                  00007ca4    00000018                                   : snprintf.c.obj (.text:_outc)
                  00007cbc    00000004     --HOLE-- [fill = 0]
                  00007cc0    00000018     rtos_pem4f.oem4f (.text:ti_sysbios_BIOS_rtsUnlock__I)
                  00007cd8    00000018     rtos_pem4f.oem4f (.text:ti_sysbios_family_arm_lm4_Timer_Module__startupDone__F)
                  00007cf0    00000018     rtos_pem4f.oem4f (.text:ti_sysbios_family_arm_m3_Hwi_Module__startupDone__F)
                  00007d08    00000018     sysbios.aem4f : m3_TaskSupport_asm.obj (.text:ti_sysbios_family_arm_m3_TaskSupport_swap__E)
                  00007d20    00000018                   : BIOS.obj (.text:ti_sysbios_gates_GateMutex_leave__E)
                  00007d38    00000018     ti.targets.arm.rtsarm.aem4f : Error.oem4f (.text:xdc_runtime_Error_check__E)
                  00007d50    00000018                                 : System.oem4f (.text:xdc_runtime_System_exit__E)
                  00007d68    00000018                                 : Text.oem4f (.text:xdc_runtime_Text_ropeText__E)
                  00007d80    00000016     grlib.lib : string.obj (.text:GrStringDraw)
                  00007d96    00000016     rtsv7M4_T_le_v4SPD16_eabi.lib : strchr.c.obj (.text:strchr)
                  00007dac    00000004     --HOLE-- [fill = 0]
                  00007db0    00000016     rtos_pem4f.oem4f (.text:ti_sysbios_BIOS_exitFunc__I)
                  00007dc6    00000002     --HOLE-- [fill = 0]
                  00007dc8    00000016     sysbios.aem4f : BIOS.obj (.text:ti_sysbios_knl_Task_unblock__E)
                  00007dde    00000002     --HOLE-- [fill = 0]
                  00007de0    00000014     Crystalfontz128x128_ST7735.obj (.text:Crystalfontz128x128_PixelDraw)
                  00007df4    00000014     rtsv7M4_T_le_v4SPD16_eabi.lib : s_copysign.c.obj (.text:copysign)
                  00007e08    00000014                                   : strlen.c.obj (.text:strlen)
                  00007e1c    00000004     --HOLE-- [fill = 0]
                  00007e20    00000014     rtos_pem4f.oem4f (.text:ti_sysbios_family_arm_m3_Hwi_Object__get__S)
                  00007e34    00000004     --HOLE-- [fill = 0]
                  00007e38    00000014     sysbios.aem4f : BIOS.obj (.text:ti_sysbios_family_arm_m3_Hwi_switchFromBootStack__E)
                  00007e4c    00000004     --HOLE-- [fill = 0]
                  00007e50    00000014     rtos_pem4f.oem4f (.text:ti_sysbios_heaps_HeapMem_Object__get__S)
                  00007e64    00000004     --HOLE-- [fill = 0]
                  00007e68    00000014     rtos_pem4f.oem4f (.text:ti_sysbios_knl_Mailbox_Object__get__S)
                  00007e7c    00000004     --HOLE-- [fill = 0]
                  00007e80    00000014     rtos_pem4f.oem4f (.text:ti_sysbios_knl_Swi_Object__get__S)
                  00007e94    00000012     driverlib.lib : gpio.obj (.text:GPIOPinTypeADC)
                  00007ea6    00000012                   : gpio.obj (.text:GPIOPinTypeGPIOInput)
                  00007eb8    00000012                   : gpio.obj (.text:GPIOPinTypeSSI)
                  00007eca    00000006     --HOLE-- [fill = 0]
                  00007ed0    00000012     sysbios.aem4f : BIOS.obj (.text:ti_sysbios_hal_Hwi_Module_startup__E)
                  00007ee2    00000012     rtsv7M4_T_le_v4SPD16_eabi.lib : wcslen.c.obj (.text:wcslen)
                  00007ef4    00000004     --HOLE-- [fill = 0]
                  00007ef8    00000012     rtos_pem4f.oem4f (.text:xdc_runtime_Startup_exec__I)
                  00007f0a    00000006     --HOLE-- [fill = 0]
                  00007f10    00000010     rtos_pem4f.oem4f (.text:.bootCodeSection:ti_catalog_arm_cortexm4_tiva_ce_Boot_init__I)
                  00007f20    00000010     driverlib.lib : adc.obj (.text:ADCIntEnable)
                  00007f30    00000010                   : interrupt.obj (.text:IntMasterDisable)
                  00007f40    00000010                   : interrupt.obj (.text:IntMasterEnable)
                  00007f50    00000010     sysbios.aem4f : BIOS.obj (.text:ti_sysbios_BIOS_setThreadType__E)
                  00007f60    00000010                   : BIOS.obj (.text:ti_sysbios_BIOS_start__E)
                  00007f70    00000010                   : m3_TaskSupport_asm.obj (.text:ti_sysbios_family_arm_m3_TaskSupport_glue)
                  00007f80    00000010                   : BIOS.obj (.text:ti_sysbios_gates_GateMutex_Instance_finalize__E)
                  00007f90    00000010                   : BIOS.obj (.text:ti_sysbios_knl_Semaphore_Instance_finalize__E)
                  00007fa0    00000010                   : BIOS.obj (.text:ti_sysbios_knl_Swi_disable__E)
                  00007fb0    00000010     rtos_pem4f.oem4f (.text:ti_sysbios_knl_Task_Object__get__S)
                  00007fc0    00000010     sysbios.aem4f : BIOS.obj (.text:ti_sysbios_knl_Task_disable__E)
                  00007fd0    00000010     ti.targets.arm.rtsarm.aem4f : Gate.oem4f (.text:xdc_runtime_Gate_leaveSystem__E)
                  00007fe0    00000010                                 : Memory.oem4f (.text:xdc_runtime_Memory_free__E)
                  00007ff0    00000010                                 : SysMin.oem4f (.text:xdc_runtime_SysMin_ready__E)
                  00008000    00000010                                 : System.oem4f (.text:xdc_runtime_System_vsnprintf__E)
                  00008010    00000010     rtos_pem4f.oem4f (.text:xdc_runtime_Text_visitRope__I)
                  00008020    0000000e     driverlib.lib : adc.obj (.text:ADCSequenceDisable)
                  0000802e    0000000e                   : adc.obj (.text:ADCSequenceEnable)
                  0000803c    0000000e     rtsv7M4_T_le_v4SPD16_eabi.lib : copy_decompress_none.c.obj (.text:decompress:none:__TI_decompress_none)
                  0000804a    00000006     --HOLE-- [fill = 0]
                  00008050    0000000e     sysbios.aem4f : BIOS.obj (.text:ti_sysbios_knl_Idle_loop__E)
                  0000805e    00000002     --HOLE-- [fill = 0]
                  00008060    0000000e                   : BIOS.obj (.text:ti_sysbios_knl_Queue_empty__E)
                  0000806e    00000002     --HOLE-- [fill = 0]
                  00008070    0000000c     main.obj (.text:ButtonClockFunc)
                  0000807c    0000000c     driverlib.lib : cpu.obj (.text:CPUcpsid)
                  00008088    0000000c                   : cpu.obj (.text:CPUcpsie)
                  00008094    00000004     --HOLE-- [fill = 0]
                  00008098    0000000c     HAL_EK_TM4C1294XL_Crystalfontz128x128_ST7735.obj (.text:HAL_LCD_writeData)
                  000080a4    0000000c     rtsv7M4_T_le_v4SPD16_eabi.lib : _lock.c.obj (.text:_register_lock)
                  000080b0    0000000c                                   : _lock.c.obj (.text:_register_unlock)
                  000080bc    0000000c                                   : copy_zero_init.c.obj (.text:decompress:ZI:__TI_zero_init)
                  000080c8    0000000c     sysbios.aem4f : BIOS.obj (.text:ti_sysbios_family_arm_lm4_Timer_getMaxTicks__E)
                  000080d4    00000004     --HOLE-- [fill = 0]
                  000080d8    0000000c                   : BIOS.obj (.text:ti_sysbios_family_arm_m3_TaskSupport_checkStack__E)
                  000080e4    00000004     --HOLE-- [fill = 0]
                  000080e8    0000000c                   : BIOS.obj (.text:ti_sysbios_gates_GateHwi_enter__E)
                  000080f4    00000004     --HOLE-- [fill = 0]
                  000080f8    0000000c     rtos_pem4f.oem4f (.text:ti_sysbios_knl_Queue_Object__get__S)
                  00008104    0000000c     ti.targets.arm.rtsarm.aem4f : Error.oem4f (.text:xdc_runtime_Error_init__E)
                  00008110    0000000c                                 : Gate.oem4f (.text:xdc_runtime_Gate_enterSystem__E)
                  0000811c    0000000c                                 : Memory.oem4f (.text:xdc_runtime_Memory_calloc__E)
                  00008128    0000000c                                 : Memory.oem4f (.text:xdc_runtime_Memory_getMaxDefaultTypeAlign__E)
                  00008134    00000004     --HOLE-- [fill = 0]
                  00008138    0000000a     main.obj (.text:ADCIndexWrap)
                  00008142    0000000a     driverlib.lib : adc.obj (.text:ADCIntClear)
                  0000814c    0000000a                   : ssi.obj (.text:SSIDataPut)
                  00008156    0000000a                   : ssi.obj (.text:SSIEnable)
                  00008160    0000000a     rtos_pem4f.oem4f (.text:xdc_runtime_IHeap_alloc)
                  0000816a    00000006     --HOLE-- [fill = 0]
                  00008170    0000000a     rtos_pem4f.oem4f (.text:xdc_runtime_IHeap_free)
                  0000817a    00000008     grlib.lib : charmap.obj (.text:GrMapISO8859_1_Unicode)
                  00008182    00000008     driverlib.lib : ssi.obj (.text:SSIBusy)
                  0000818a    00000002     --HOLE-- [fill = 0]
                  0000818c    00000008     rtsv7M4_T_le_v4SPD16_eabi.lib : errno.c.obj (.text:__aeabi_errno_addr)
                  00008194    00000008     sysbios.aem4f : BIOS.obj (.text:ti_sysbios_family_arm_lm4_Timer_masterDisable__I)
                  0000819c    00000004     --HOLE-- [fill = 0]
                  000081a0    00000008                   : BIOS.obj (.text:ti_sysbios_family_arm_m3_Hwi_doSwiRestore__I)
                  000081a8    00000008                   : BIOS.obj (.text:ti_sysbios_family_arm_m3_Hwi_startup__E)
                  000081b0    00000006                   : BIOS.obj (.text:ti_sysbios_family_arm_lm4_TimestampProvider_Module_startup__E)
                  000081b6    00000002     --HOLE-- [fill = 0]
                  000081b8    00000006                   : BIOS.obj (.text:ti_sysbios_family_arm_m3_Hwi_doTaskRestore__I)
                  000081be    00000002     --HOLE-- [fill = 0]
                  000081c0    00000006                   : BIOS.obj (.text:ti_sysbios_gates_GateHwi_leave__E)
                  000081c6    00000002     --HOLE-- [fill = 0]
                  000081c8    00000006                   : BIOS.obj (.text:ti_sysbios_heaps_HeapMem_isBlocking__E)
                  000081ce    00000002     --HOLE-- [fill = 0]
                  000081d0    00000006                   : BIOS.obj (.text:ti_sysbios_knl_Queue_Instance_init__E)
                  000081d6    00000002     --HOLE-- [fill = 0]
                  000081d8    00000006                   : BIOS.obj (.text:ti_sysbios_knl_Swi_startup__E)
                  000081de    00000002     --HOLE-- [fill = 0]
                  000081e0    00000004     rtos_pem4f.oem4f (.text:ti_sysbios_BIOS_RtsGateProxy_enter__E)
                  000081e4    00000004     --HOLE-- [fill = 0]
                  000081e8    00000004     rtos_pem4f.oem4f (.text:ti_sysbios_BIOS_RtsGateProxy_leave__E)
                  000081ec    00000004     --HOLE-- [fill = 0]
                  000081f0    00000004     rtos_pem4f.oem4f (.text:ti_sysbios_family_arm_m3_TaskSupport_Module__startupDone__S)
                  000081f4    00000004     --HOLE-- [fill = 0]
                  000081f8    00000004     sysbios.aem4f : BIOS.obj (.text:ti_sysbios_gates_GateHwi_query__E)
                  000081fc    00000004     --HOLE-- [fill = 0]
                  00008200    00000004                   : BIOS.obj (.text:ti_sysbios_gates_GateMutex_query__E)
                  00008204    00000004     --HOLE-- [fill = 0]
                  00008208    00000004     rtos_pem4f.oem4f (.text:ti_sysbios_heaps_HeapMem_Module_GateProxy_enter__E)
                  0000820c    00000004     --HOLE-- [fill = 0]
                  00008210    00000004     rtos_pem4f.oem4f (.text:ti_sysbios_heaps_HeapMem_Module_GateProxy_leave__E)
                  00008214    00000004     --HOLE-- [fill = 0]
                  00008218    00000004     rtos_pem4f.oem4f (.text:ti_sysbios_knl_Clock_TimerProxy_getMaxTicks__E)
                  0000821c    00000004     --HOLE-- [fill = 0]
                  00008220    00000004     rtos_pem4f.oem4f (.text:ti_sysbios_knl_Queue_destruct)
                  00008224    00000004     --HOLE-- [fill = 0]
                  00008228    00000004     rtos_pem4f.oem4f (.text:ti_sysbios_knl_Semaphore_destruct)
                  0000822c    00000004     --HOLE-- [fill = 0]
                  00008230    00000004     sysbios.aem4f : BIOS.obj (.text:ti_sysbios_knl_Task_startup__E)
                  00008234    00000004     --HOLE-- [fill = 0]
                  00008238    00000004     rtos_pem4f.oem4f (.text:xdc_runtime_System_Module_GateProxy_enter__E)
                  0000823c    00000004     --HOLE-- [fill = 0]
                  00008240    00000004     rtos_pem4f.oem4f (.text:xdc_runtime_System_Module_GateProxy_leave__E)
                  00008244    00000004     --HOLE-- [fill = 0]
                  00008248    00000002     rtos_pem4f.oem4f (.text:ti_sysbios_BIOS_nullFunc__I)
                  0000824a    00000006     --HOLE-- [fill = 0]
                  00008250    00000002     sysbios.aem4f : BIOS.obj (.text:ti_sysbios_gates_GateHwi_Instance_init__E)
                  00008252    00000006     --HOLE-- [fill = 0]
                  00008258    00000002                   : BIOS.obj (.text:ti_sysbios_knl_Clock_logTick__E)
                  0000825a    00000006     --HOLE-- [fill = 0]
                  00008260    00000002     rtos_pem4f.oem4f (.text:xdc_runtime_Startup_reset__I)

.const     0    00008264    000027e4     
                  00008264    000019c5     rtos_pem4f.oem4f (.const:xdc_runtime_Text_charTab__A)
                  00009c29    000002f8     grlib.lib : fontfixed6x8.obj (.const:.string:g_pui8FontFixed6x8Data)
                  00009f21    00000001     rtos_pem4f.oem4f (.const:xdc_runtime_Error_policy__C)
                  00009f22    00000002     rtos_pem4f.oem4f (.const:ti_catalog_arm_cortexm4_tiva_ce_Boot_Module__id__C)
                  00009f24    00000120     Boot.aem4f : Boot_sysctl.oem4f (.const:g_pppui32XTALtoVCO)
                  0000a044    00000120     driverlib.lib : sysctl.obj (.const:g_pppui32XTALtoVCO)
                  0000a164    00000101     rtsv7M4_T_le_v4SPD16_eabi.lib : ctype.c.obj (.const:.string:_ctypes_)
                  0000a265    00000001     --HOLE-- [fill = 0]
                  0000a266    00000002     rtos_pem4f.oem4f (.const:ti_sysbios_family_arm_lm4_TimestampProvider_Module__id__C)
                  0000a268    000000c8     grlib.lib : fontfixed6x8.obj (.const:g_sFontFixed6x8)
                  0000a330    000000c8     rtos_pem4f.oem4f (.const:xdc_runtime_Text_nodeTab__A)
                  0000a3f8    00000090     driverlib.lib : gpio.obj (.const:g_pui32GPIOBaseAddrs)
                  0000a488    0000006c     Boot.aem4f : Boot_sysctl.oem4f (.const:g_pui32Xtals)
                  0000a4f4    0000006c     driverlib.lib : sysctl.obj (.const:g_pui32Xtals)
                  0000a560    00000048     rtos_pem4f.oem4f (.const:.string)
                  0000a5a8    00000030     Boot.aem4f : Boot_sysctl.oem4f (.const:g_sXTALtoMEMTIM)
                  0000a5d8    00000030     driverlib.lib : sysctl.obj (.const:g_sXTALtoMEMTIM)
                  0000a608    00000030     rtos_pem4f.oem4f (.const)
                  0000a638    00000028     Crystalfontz128x128_ST7735.obj (.const:g_sCrystalfontz128x128)
                  0000a660    00000028     rtos_pem4f.oem4f (.const:ti_sysbios_heaps_HeapMem_Module__FXNS__C)
                  0000a688    00000028     rtos_pem4f.oem4f (.const:xdc_runtime_Startup_sfxnTab__A)
                  0000a6b0    00000024     rtos_pem4f.oem4f (.const:ti_sysbios_gates_GateHwi_Module__FXNS__C)
                  0000a6d4    00000024     rtos_pem4f.oem4f (.const:ti_sysbios_gates_GateMutex_Module__FXNS__C)
                  0000a6f8    00000024     rtos_pem4f.oem4f (.const:ti_sysbios_heaps_HeapMem_Object__PARAMS__C)
                  0000a71c    00000024     rtos_pem4f.oem4f (.const:ti_sysbios_knl_Semaphore_Object__PARAMS__C)
                  0000a740    00000020     rtos_pem4f.oem4f (.const:ti_sysbios_gates_GateHwi_Object__DESC__C)
                  0000a760    00000020     rtos_pem4f.oem4f (.const:ti_sysbios_gates_GateMutex_Object__DESC__C)
                  0000a780    00000020     rtos_pem4f.oem4f (.const:ti_sysbios_heaps_HeapMem_Object__DESC__C)
                  0000a7a0    00000020     rtos_pem4f.oem4f (.const:ti_sysbios_knl_Queue_Object__DESC__C)
                  0000a7c0    00000020     rtos_pem4f.oem4f (.const:ti_sysbios_knl_Semaphore_Object__DESC__C)
                  0000a7e0    00000018     rtos_pem4f.oem4f (.const:ti_sysbios_gates_GateHwi_Object__PARAMS__C)
                  0000a7f8    00000018     rtos_pem4f.oem4f (.const:ti_sysbios_gates_GateMutex_Object__PARAMS__C)
                  0000a810    00000018     rtos_pem4f.oem4f (.const:ti_sysbios_knl_Queue_Object__PARAMS__C)
                  0000a828    00000018     rtos_pem4f.oem4f (.const:xdc_runtime_Startup_firstFxns__A)
                  0000a840    00000014     rtos_pem4f.oem4f (.const:xdc_runtime_Startup_sfxnRts__A)
                  0000a854    00000010     grlib.lib : context.obj (.const)
                  0000a864    00000008     Boot.aem4f : Boot_sysctl.oem4f (.const)
                  0000a86c    00000008     driverlib.lib : sysctl.obj (.const)
                  0000a874    00000008     rtos_pem4f.oem4f (.const:ti_sysbios_family_arm_m3_Hwi_excHookFuncs__A)
                  0000a87c    00000008     rtos_pem4f.oem4f (.const:ti_sysbios_knl_Idle_funcList__C)
                  0000a884    00000008     rtos_pem4f.oem4f (.const:xdc_runtime_Startup_firstFxns__C)
                  0000a88c    00000008     rtos_pem4f.oem4f (.const:xdc_runtime_Startup_lastFxns__C)
                  0000a894    00000004     rtos_pem4f.oem4f (.const:ti_catalog_arm_cortexm4_tiva_ce_Boot_A_mustNotUseEnhancedClockMode__C)
                  0000a898    00000004     rtos_pem4f.oem4f (.const:ti_catalog_arm_cortexm4_tiva_ce_Boot_Module__diagsEnabled__C)
                  0000a89c    00000004     rtos_pem4f.oem4f (.const:ti_catalog_arm_cortexm4_tiva_ce_Boot_Module__diagsIncluded__C)
                  0000a8a0    00000004     rtos_pem4f.oem4f (.const:ti_catalog_arm_cortexm4_tiva_ce_Boot_Module__diagsMask__C)
                  0000a8a4    00000004     rtos_pem4f.oem4f (.const:ti_sysbios_family_arm_lm4_Timer_enableFunc__C)
                  0000a8a8    00000004     rtos_pem4f.oem4f (.const:ti_sysbios_family_arm_lm4_Timer_numTimerDevices__C)
                  0000a8ac    00000004     rtos_pem4f.oem4f (.const:ti_sysbios_family_arm_lm4_Timer_startupNeeded__C)
                  0000a8b0    00000004     rtos_pem4f.oem4f (.const:ti_sysbios_family_arm_lm4_TimestampProvider_Module__diagsEnabled__C)
                  0000a8b4    00000004     rtos_pem4f.oem4f (.const:ti_sysbios_family_arm_lm4_TimestampProvider_Module__diagsIncluded__C)
                  0000a8b8    00000004     rtos_pem4f.oem4f (.const:ti_sysbios_family_arm_lm4_TimestampProvider_Module__diagsMask__C)
                  0000a8bc    00000004     rtos_pem4f.oem4f (.const:ti_sysbios_family_arm_m3_Hwi_E_NMI__C)
                  0000a8c0    00000004     rtos_pem4f.oem4f (.const:ti_sysbios_family_arm_m3_Hwi_E_busFault__C)
                  0000a8c4    00000004     rtos_pem4f.oem4f (.const:ti_sysbios_family_arm_m3_Hwi_E_debugMon__C)
                  0000a8c8    00000004     rtos_pem4f.oem4f (.const:ti_sysbios_family_arm_m3_Hwi_E_hardFault__C)
                  0000a8cc    00000004     rtos_pem4f.oem4f (.const:ti_sysbios_family_arm_m3_Hwi_E_memFault__C)
                  0000a8d0    00000004     rtos_pem4f.oem4f (.const:ti_sysbios_family_arm_m3_Hwi_E_noIsr__C)
                  0000a8d4    00000004     rtos_pem4f.oem4f (.const:ti_sysbios_family_arm_m3_Hwi_E_reserved__C)
                  0000a8d8    00000004     rtos_pem4f.oem4f (.const:ti_sysbios_family_arm_m3_Hwi_E_svCall__C)
                  0000a8dc    00000004     rtos_pem4f.oem4f (.const:ti_sysbios_family_arm_m3_Hwi_E_usageFault__C)
                  0000a8e0    00000004     rtos_pem4f.oem4f (.const:ti_sysbios_family_arm_m3_Hwi_NUM_INTERRUPTS__C)
                  0000a8e4    00000004     rtos_pem4f.oem4f (.const:ti_sysbios_family_arm_m3_Hwi_Object__count__C)
                  0000a8e8    00000004     rtos_pem4f.oem4f (.const:ti_sysbios_family_arm_m3_Hwi_ccr__C)
                  0000a8ec    00000004     rtos_pem4f.oem4f (.const:ti_sysbios_family_arm_m3_Hwi_excHandlerFunc__C)
                  0000a8f0    00000004     rtos_pem4f.oem4f (.const:ti_sysbios_family_arm_m3_Hwi_excHookFuncs__C)
                  0000a8f4    00000004     rtos_pem4f.oem4f (.const:ti_sysbios_family_arm_m3_Hwi_nullIsrFunc__C)
                  0000a8f8    00000004     rtos_pem4f.oem4f (.const:ti_sysbios_family_arm_m3_Hwi_priGroup__C)
                  0000a8fc    00000004     rtos_pem4f.oem4f (.const:ti_sysbios_gates_GateMutex_A_badContext__C)
                  0000a900    00000004     rtos_pem4f.oem4f (.const:ti_sysbios_gates_GateMutex_Instance_State_sem__O)
                  0000a904    00000004     rtos_pem4f.oem4f (.const:ti_sysbios_gates_GateMutex_Module__diagsEnabled__C)
                  0000a908    00000004     rtos_pem4f.oem4f (.const:ti_sysbios_gates_GateMutex_Module__diagsIncluded__C)
                  0000a90c    00000004     rtos_pem4f.oem4f (.const:ti_sysbios_gates_GateMutex_Module__diagsMask__C)
                  0000a910    00000004     rtos_pem4f.oem4f (.const:ti_sysbios_hal_Hwi_E_stackOverflow__C)
                  0000a914    00000004     rtos_pem4f.oem4f (.const:ti_sysbios_heaps_HeapMem_A_align__C)
                  0000a918    00000004     rtos_pem4f.oem4f (.const:ti_sysbios_heaps_HeapMem_A_heapSize__C)
                  0000a91c    00000004     rtos_pem4f.oem4f (.const:ti_sysbios_heaps_HeapMem_A_invalidFree__C)
                  0000a920    00000004     rtos_pem4f.oem4f (.const:ti_sysbios_heaps_HeapMem_A_zeroBlock__C)
                  0000a924    00000004     rtos_pem4f.oem4f (.const:ti_sysbios_heaps_HeapMem_E_memory__C)
                  0000a928    00000004     rtos_pem4f.oem4f (.const:ti_sysbios_heaps_HeapMem_Module__diagsEnabled__C)
                  0000a92c    00000004     rtos_pem4f.oem4f (.const:ti_sysbios_heaps_HeapMem_Module__diagsIncluded__C)
                  0000a930    00000004     rtos_pem4f.oem4f (.const:ti_sysbios_heaps_HeapMem_Module__diagsMask__C)
                  0000a934    00000004     rtos_pem4f.oem4f (.const:ti_sysbios_heaps_HeapMem_Module__gateObj__C)
                  0000a938    00000004     rtos_pem4f.oem4f (.const:ti_sysbios_heaps_HeapMem_Object__count__C)
                  0000a93c    00000004     rtos_pem4f.oem4f (.const:ti_sysbios_heaps_HeapMem_reqAlign__C)
                  0000a940    00000004     rtos_pem4f.oem4f (.const:ti_sysbios_knl_Clock_Module_State_clockQ__O)
                  0000a944    00000004     rtos_pem4f.oem4f (.const:ti_sysbios_knl_Idle_funcList__A)
                  0000a948    00000004     rtos_pem4f.oem4f (.const:ti_sysbios_knl_Mailbox_Instance_State_dataQue__O)
                  0000a94c    00000004     rtos_pem4f.oem4f (.const:ti_sysbios_knl_Mailbox_Instance_State_dataSem__O)
                  0000a950    00000004     rtos_pem4f.oem4f (.const:ti_sysbios_knl_Mailbox_Instance_State_freeQue__O)
                  0000a954    00000004     rtos_pem4f.oem4f (.const:ti_sysbios_knl_Mailbox_Instance_State_freeSem__O)
                  0000a958    00000004     rtos_pem4f.oem4f (.const:ti_sysbios_knl_Mailbox_Object__count__C)
                  0000a95c    00000004     rtos_pem4f.oem4f (.const:ti_sysbios_knl_Mailbox_maxTypeAlign__C)
                  0000a960    00000004     rtos_pem4f.oem4f (.const:ti_sysbios_knl_Semaphore_A_badContext__C)
                  0000a964    00000004     rtos_pem4f.oem4f (.const:ti_sysbios_knl_Semaphore_A_noEvents__C)
                  0000a968    00000004     rtos_pem4f.oem4f (.const:ti_sysbios_knl_Semaphore_A_overflow__C)
                  0000a96c    00000004     rtos_pem4f.oem4f (.const:ti_sysbios_knl_Semaphore_A_pendTaskDisabled__C)
                  0000a970    00000004     rtos_pem4f.oem4f (.const:ti_sysbios_knl_Semaphore_Instance_State_pendQ__O)
                  0000a974    00000004     rtos_pem4f.oem4f (.const:ti_sysbios_knl_Semaphore_Module__diagsEnabled__C)
                  0000a978    00000004     rtos_pem4f.oem4f (.const:ti_sysbios_knl_Semaphore_Module__diagsIncluded__C)
                  0000a97c    00000004     rtos_pem4f.oem4f (.const:ti_sysbios_knl_Semaphore_Module__diagsMask__C)
                  0000a980    00000004     rtos_pem4f.oem4f (.const:ti_sysbios_knl_Swi_Object__count__C)
                  0000a984    00000004     rtos_pem4f.oem4f (.const:ti_sysbios_knl_Task_E_spOutOfBounds__C)
                  0000a988    00000004     rtos_pem4f.oem4f (.const:ti_sysbios_knl_Task_E_stackOverflow__C)
                  0000a98c    00000004     rtos_pem4f.oem4f (.const:ti_sysbios_knl_Task_Module_State_inactiveQ__O)
                  0000a990    00000004     rtos_pem4f.oem4f (.const:ti_sysbios_knl_Task_Object__count__C)
                  0000a994    00000004     rtos_pem4f.oem4f (.const:ti_sysbios_knl_Task_allBlockedFunc__C)
                  0000a998    00000004     rtos_pem4f.oem4f (.const:ti_sysbios_knl_Task_numConstructedTasks__C)
                  0000a99c    00000004     rtos_pem4f.oem4f (.const:xdc_runtime_Assert_E_assertFailed__C)
                  0000a9a0    00000004     rtos_pem4f.oem4f (.const:xdc_runtime_Core_A_initializedParams__C)
                  0000a9a4    00000004     rtos_pem4f.oem4f (.const:xdc_runtime_Core_Module__diagsEnabled__C)
                  0000a9a8    00000004     rtos_pem4f.oem4f (.const:xdc_runtime_Core_Module__diagsIncluded__C)
                  0000a9ac    00000004     rtos_pem4f.oem4f (.const:xdc_runtime_Core_Module__diagsMask__C)
                  0000a9b0    00000004     rtos_pem4f.oem4f (.const:xdc_runtime_Error_E_memory__C)
                  0000a9b4    00000004     rtos_pem4f.oem4f (.const:xdc_runtime_Error_Module__diagsEnabled__C)
                  0000a9b8    00000004     rtos_pem4f.oem4f (.const:xdc_runtime_Error_Module__diagsIncluded__C)
                  0000a9bc    00000004     rtos_pem4f.oem4f (.const:xdc_runtime_Error_Module__diagsMask__C)
                  0000a9c0    00000004     rtos_pem4f.oem4f (.const:xdc_runtime_Error_Module__loggerFxn8__C)
                  0000a9c4    00000004     rtos_pem4f.oem4f (.const:xdc_runtime_Error_Module__loggerObj__C)
                  0000a9c8    00000004     rtos_pem4f.oem4f (.const:xdc_runtime_Error_policyFxn__C)
                  0000a9cc    00000004     rtos_pem4f.oem4f (.const:xdc_runtime_Error_raiseHook__C)
                  0000a9d0    00000004     rtos_pem4f.oem4f (.const:xdc_runtime_IGateProvider_Interface__BASE__C)
                  0000a9d4    00000004     rtos_pem4f.oem4f (.const:xdc_runtime_IHeap_Interface__BASE__C)
                  0000a9d8    00000004     rtos_pem4f.oem4f (.const:xdc_runtime_IModule_Interface__BASE__C)
                  0000a9dc    00000004     rtos_pem4f.oem4f (.const:xdc_runtime_Log_L_error__C)
                  0000a9e0    00000004     rtos_pem4f.oem4f (.const:xdc_runtime_Memory_defaultHeapInstance__C)
                  0000a9e4    00000004     rtos_pem4f.oem4f (.const:xdc_runtime_Startup_execImpl__C)
                  0000a9e8    00000004     rtos_pem4f.oem4f (.const:xdc_runtime_Startup_maxPasses__C)
                  0000a9ec    00000004     rtos_pem4f.oem4f (.const:xdc_runtime_Startup_sfxnRts__C)
                  0000a9f0    00000004     rtos_pem4f.oem4f (.const:xdc_runtime_Startup_sfxnTab__C)
                  0000a9f4    00000004     rtos_pem4f.oem4f (.const:xdc_runtime_SysMin_bufSize__C)
                  0000a9f8    00000004     rtos_pem4f.oem4f (.const:xdc_runtime_SysMin_outputFunc__C)
                  0000a9fc    00000004     rtos_pem4f.oem4f (.const:xdc_runtime_System_Module__gateObj__C)
                  0000aa00    00000004     rtos_pem4f.oem4f (.const:xdc_runtime_System_abortFxn__C)
                  0000aa04    00000004     rtos_pem4f.oem4f (.const:xdc_runtime_System_exitFxn__C)
                  0000aa08    00000004     rtos_pem4f.oem4f (.const:xdc_runtime_System_extendFxn__C)
                  0000aa0c    00000004     rtos_pem4f.oem4f (.const:xdc_runtime_System_maxAtexitHandlers__C)
                  0000aa10    00000004     rtos_pem4f.oem4f (.const:xdc_runtime_Text_charTab__C)
                  0000aa14    00000004     rtos_pem4f.oem4f (.const:xdc_runtime_Text_nameEmpty__C)
                  0000aa18    00000004     rtos_pem4f.oem4f (.const:xdc_runtime_Text_nameStatic__C)
                  0000aa1c    00000004     rtos_pem4f.oem4f (.const:xdc_runtime_Text_nameUnknown__C)
                  0000aa20    00000004     rtos_pem4f.oem4f (.const:xdc_runtime_Text_nodeTab__C)
                  0000aa24    00000004     rtos_pem4f.oem4f (.const:xdc_runtime_Text_visitRopeFxn__C)
                  0000aa28    00000002     rtos_pem4f.oem4f (.const:ti_sysbios_family_arm_lm4_TimestampProvider_useClockTimer__C)
                  0000aa2a    00000002     rtos_pem4f.oem4f (.const:ti_sysbios_family_arm_m3_Hwi_Module__id__C)
                  0000aa2c    00000002     rtos_pem4f.oem4f (.const:ti_sysbios_gates_GateMutex_Module__id__C)
                  0000aa2e    00000002     rtos_pem4f.oem4f (.const:ti_sysbios_hal_Hwi_Module__id__C)
                  0000aa30    00000002     rtos_pem4f.oem4f (.const:ti_sysbios_heaps_HeapMem_Module__id__C)
                  0000aa32    00000002     rtos_pem4f.oem4f (.const:ti_sysbios_knl_Semaphore_Module__id__C)
                  0000aa34    00000002     rtos_pem4f.oem4f (.const:ti_sysbios_knl_Task_Module__id__C)
                  0000aa36    00000002     rtos_pem4f.oem4f (.const:xdc_runtime_Core_Module__id__C)
                  0000aa38    00000002     rtos_pem4f.oem4f (.const:xdc_runtime_Error_Module__loggerDefined__C)
                  0000aa3a    00000002     rtos_pem4f.oem4f (.const:xdc_runtime_Error_maxDepth__C)
                  0000aa3c    00000002     rtos_pem4f.oem4f (.const:xdc_runtime_Memory_Module__id__C)
                  0000aa3e    00000002     rtos_pem4f.oem4f (.const:xdc_runtime_SysMin_flushAtExit__C)
                  0000aa40    00000002     rtos_pem4f.oem4f (.const:xdc_runtime_Text_charCnt__C)
                  0000aa42    00000002     rtos_pem4f.oem4f (.const:xdc_runtime_Text_isLoaded__C)
                  0000aa44    00000002     rtos_pem4f.oem4f (.const:xdc_runtime_Text_registryModsLastId__C)
                  0000aa46    00000002     rtos_pem4f.oem4f (.const:xdc_runtime_Text_unnamedModsLastId__C)

.cinit     0    0000aa48    000002c8     
                  0000aa48    00000290     (.cinit..data.load) [load image, compression = lzss]
                  0000acd8    0000000c     (__TI_handler_table)
                  0000ace4    00000004     --HOLE-- [fill = 0]
                  0000ace8    00000008     (.cinit..bss.load) [load image, compression = zero_init]
                  0000acf0    00000008     (.cinit..vecs.load) [load image, compression = zero_init]
                  0000acf8    00000018     (__TI_cinit_table)

.init_array 
*          0    00000000    00000000     UNINITIALIZED

.resetVecs 
*          0    00000000    0000003c     
                  00000000    0000003c     rtos_pem4f.oem4f (.resetVecs)

.data      0    20000360    00008664     UNINITIALIZED
                  20000360    00008000     Crystalfontz128x128_ST7735.obj (.data:Lcd_buffer)
                  20008360    000001c8     rtos_pem4f.oem4f (.data:ti_sysbios_knl_Task_Object__table__V)
                  20008528    00000080     rtos_pem4f.oem4f (.data:ti_sysbios_knl_Swi_Module_State_0_readyQ__A)
                  200085a8    00000080     rtos_pem4f.oem4f (.data:ti_sysbios_knl_Task_Module_State_0_readyQ__A)
                  20008628    00000050     rtos_pem4f.oem4f (.data:ti_sysbios_knl_Mailbox_Object__table__V)
                  20008678    00000050     rtos_pem4f.oem4f (.data:ti_sysbios_knl_Semaphore_Object__table__V)
                  200086c8    00000044     rtos_pem4f.oem4f (.data:ti_sysbios_knl_Task_Module__state__V)
                  2000870c    00000040     rtos_pem4f.oem4f (.data:ti_sysbios_family_arm_lm4_Timer_Module_State_0_device__A)
                  2000874c    00000040     rtos_pem4f.oem4f (.data:ti_sysbios_family_arm_lm4_Timer_Object__table__V)
                  2000878c    00000038     rtos_pem4f.oem4f (.data:ti_sysbios_gates_GateMutex_Object__table__V)
                  200087c4    00000034     rtos_pem4f.oem4f (.data:ti_sysbios_family_arm_m3_Hwi_Module__state__V)
                  200087f8    00000030     rtos_pem4f.oem4f (.data:ti_sysbios_family_arm_m3_Hwi_Object__table__V)
                  20008828    00000030     rtos_pem4f.oem4f (.data:ti_sysbios_knl_Swi_Object__table__V)
                  20008858    0000002c     rtos_pem4f.oem4f (.data:ti_sysbios_knl_Clock_Module__state__V)
                  20008884    00000024     rtos_pem4f.oem4f (.data:ti_sysbios_BIOS_Module__state__V)
                  200088a8    00000020     rtos_pem4f.oem4f (.data:ti_sysbios_family_arm_lm4_Timer_Module_State_0_handles__A)
                  200088c8    00000020     rtos_pem4f.oem4f (.data:ti_sysbios_knl_Clock_Object__table__V)
                  200088e8    0000001c     rtos_pem4f.oem4f (.data:ti_sysbios_knl_Swi_Module__state__V)
                  20008904    00000018     main.obj (.data)
                  2000891c    00000018     rtos_pem4f.oem4f (.data:ti_sysbios_heaps_HeapMem_Object__table__V)
                  20008934    0000000c     rtos_pem4f.oem4f (.data:ti_sysbios_family_arm_lm4_Timer_Module__state__V)
                  20008940    0000000c     rtos_pem4f.oem4f (.data:xdc_runtime_SysMin_Module__state__V)
                  2000894c    00000008     rtsv7M4_T_le_v4SPD16_eabi.lib : _lock.c.obj (.data:$O1$$)
                  20008954    00000008     rtos_pem4f.oem4f (.data:ti_sysbios_family_arm_lm4_TimestampProvider_Module__state__V)
                  2000895c    00000008     rtos_pem4f.oem4f (.data:ti_sysbios_gates_GateHwi_Module__root__V)
                  20008964    00000008     rtos_pem4f.oem4f (.data:ti_sysbios_gates_GateMutex_Module__root__V)
                  2000896c    00000008     rtos_pem4f.oem4f (.data:ti_sysbios_heaps_HeapMem_Module__root__V)
                  20008974    00000008     rtos_pem4f.oem4f (.data:ti_sysbios_knl_Queue_Module__root__V)
                  2000897c    00000008     rtos_pem4f.oem4f (.data:ti_sysbios_knl_Semaphore_Module__root__V)
                  20008984    00000008     rtos_pem4f.oem4f (.data:xdc_runtime_Registry_Module__state__V)
                  2000898c    00000008     rtos_pem4f.oem4f (.data:xdc_runtime_Startup_Module__state__V)
                  20008994    00000008     rtos_pem4f.oem4f (.data:xdc_runtime_System_Module_State_0_atexitHandlers__A)
                  2000899c    00000008     rtos_pem4f.oem4f (.data:xdc_runtime_System_Module__state__V)
                  200089a4    00000004     rtsv7M4_T_le_v4SPD16_eabi.lib : errno.c.obj (.data)
                  200089a8    00000004                                   : stkdepth_vars.c.obj (.data)
                  200089ac    00000004     rtos_pem4f.oem4f (.data:ti_sysbios_family_arm_m3_Hwi_Module_State_0_excContext__A)
                  200089b0    00000004     rtos_pem4f.oem4f (.data:ti_sysbios_family_arm_m3_Hwi_Module_State_0_excStack__A)
                  200089b4    00000004     rtos_pem4f.oem4f (.data:ti_sysbios_gates_GateHwi_Object__table__V)
                  200089b8    00000004     rtos_pem4f.oem4f (.data:ti_sysbios_knl_Task_Module_State_0_idleTask__A)
                  200089bc    00000004     rtos_pem4f.oem4f (.data:xdc_runtime_Memory_Module__state__V)
                  200089c0    00000002     rtos_pem4f.oem4f (.data:ti_sysbios_family_arm_m3_Hwi_Module_State_0_excActive__A)
                  200089c2    00000002     rtos_pem4f.oem4f (.data:xdc_runtime_Error_Module__state__V)

.bss       0    200089c8    000039e2     UNINITIALIZED
                  200089c8    00001c00     rtos_pem4f.oem4f (.bss:taskStackSection)
                  2000a5c8    00001000     (.common:gADCBuffer)
                  2000b5c8    00000400     (.common:ti_sysbios_heaps_HeapMem_Instance_State_0_buf__A)
                  2000b9c8    00000360     (.common:ti_sysbios_family_arm_m3_Hwi_dispatchTable)
                  2000bd28    00000200     (.common:gPixelBuffer)
                  2000bf28    00000200     (.common:gWaveformBuffer)
                  2000c128    00000120     rtsv7M4_T_le_v4SPD16_eabi.lib : trgmsg.c.obj (.bss:_CIOBUF_)
                  2000c248    000000a0     (.common:ti_sysbios_knl_Mailbox_Instance_State_0_allocBuf__A)
                  2000c2e8    00000080     (.common:xdc_runtime_SysMin_Module_State_0_outbuf__A)
                  2000c368    0000002c     (.common:gContext)
                  2000c394    00000008     (.common:parmbuf)
                  2000c39c    00000004     (.common:g_psGrLibDefaults)
                  2000c3a0    00000002     (.common:Lcd_ScreenHeigth)
                  2000c3a2    00000002     (.common:Lcd_ScreenWidth)
                  2000c3a4    00000002     (.common:Lcd_TouchTrim)
                  2000c3a6    00000001     (.common:Lcd_FlagRead)
                  2000c3a7    00000001     (.common:Lcd_FontSolid)
                  2000c3a8    00000001     (.common:Lcd_Orientation)
                  2000c3a9    00000001     (.common:Lcd_PenSolid)

.stack     0    2000c3b0    00000300     UNINITIALIZED
                  2000c3b0    00000300     --HOLE--

.bootVecs 
*          0    00000000    00000008     DSECT
                  00000000    00000008     boot.aem4f : boot.oem4f (.bootVecs)

.vecs      0    20000000    00000360     UNINITIALIZED
                  20000000    00000360     rtos_pem4f.oem4f (.vecs)

xdc.meta   0    00000000    00000104     COPY SECTION
                  00000000    00000104     rtos_pem4f.oem4f (xdc.meta)

MODULE SUMMARY

       Module                                             code    ro data   rw data
       ------                                             ----    -------   -------
    .\
       Crystalfontz128x128_ST7735.obj                     958     40        32778  
       main.obj                                           1962    0         5188   
       HAL_EK_TM4C1294XL_Crystalfontz128x128_ST7735.obj   324     0         0      
       sysctl_pll.obj                                     72      0         0      
    +--+--------------------------------------------------+-------+---------+---------+
       Total:                                             3316    40        37966  
                                                                                   
    C:\Users\doate\Desktop\ECE-3849\ECE-3849-Labs\ece3849d19_lab2_mrhagan_doates\Debug\configPkg\package\cfg\
       rtos_pem4f.oem4f                                   1474    7950      11804  
    +--+--------------------------------------------------+-------+---------+---------+
       Total:                                             1474    7950      11804  
                                                                                   
    C:/TI/tirtos_tivac_2_16_00_08/products/TivaWare_C_Series-2.1.1.71b/driverlib/ccs/Debug/driverlib.lib
       sysctl.obj                                         674     452       0      
       gpio.obj                                           508     144       0      
       adc.obj                                            362     0         0      
       ssi.obj                                            88      0         0      
       interrupt.obj                                      32      0         0      
       cpu.obj                                            24      0         0      
    +--+--------------------------------------------------+-------+---------+---------+
       Total:                                             1688    596       0      
                                                                                   
    C:/TI/tirtos_tivac_2_16_00_08/products/TivaWare_C_Series-2.1.1.71b/grlib/ccs/Debug/grlib.lib
       string.obj                                         1192    0         0      
       fontfixed6x8.obj                                   0       960       0      
       line.obj                                           648     0         0      
       rectangle.obj                                      134     0         0      
       context.obj                                        104     16        4      
       charmap.obj                                        8       0         0      
    +--+--------------------------------------------------+-------+---------+---------+
       Total:                                             2086    976       4      
                                                                                   
    C:\Users\doate\Desktop\ECE-3849\ECE-3849-Labs\ece3849d19_lab2_mrhagan_doates\src\sysbios\sysbios.aem4f
       BIOS.obj                                           10612   0         0      
       m3_Hwi_asm.obj                                     314     0         0      
       m3_TaskSupport_asm.obj                             180     0         0      
       m3_Hwi_asm_switch.obj                              118     0         0      
    +--+--------------------------------------------------+-------+---------+---------+
       Total:                                             11224   0         0      
                                                                                   
    C:\ti\tirtos_tivac_2_16_00_08\products\bios_6_45_01_29\packages\ti\catalog\arm\cortexm4\tiva\ce\lib\Boot.aem4f
       Boot_sysctl.oem4f                                  628     452       0      
       Boot.oem4f                                         152     0         0      
    +--+--------------------------------------------------+-------+---------+---------+
       Total:                                             780     452       0      
                                                                                   
    C:\ti\tirtos_tivac_2_16_00_08\products\bios_6_45_01_29\packages\ti\targets\arm\rtsarm\lib\auto_init.aem4f
       auto_init.oem4f                                    160     0         0      
    +--+--------------------------------------------------+-------+---------+---------+
       Total:                                             160     0         0      
                                                                                   
    C:\ti\tirtos_tivac_2_16_00_08\products\bios_6_45_01_29\packages\ti\targets\arm\rtsarm\lib\boot.aem4f
       boot.oem4f                                         88      0         0      
    +--+--------------------------------------------------+-------+---------+---------+
       Total:                                             88      0         0      
                                                                                   
    C:\ti\tirtos_tivac_2_16_00_08\products\bios_6_45_01_29\packages\ti\targets\arm\rtsarm\lib\ti.targets.arm.rtsarm.aem4f
       System.oem4f                                       1255    0         0      
       Text.oem4f                                         672     0         0      
       Error.oem4f                                        524     0         0      
       Core-mem.oem4f                                     358     0         0      
       Startup.oem4f                                      328     0         0      
       SysMin.oem4f                                       248     0         0      
       Core-smem.oem4f                                    204     0         0      
       Memory.oem4f                                       176     0         0      
       Assert.oem4f                                       84      0         0      
       Core-params.oem4f                                  70      0         0      
       Core-label.oem4f                                   52      0         0      
       Registry.oem4f                                     32      0         0      
       Gate.oem4f                                         28      0         0      
    +--+--------------------------------------------------+-------+---------+---------+
       Total:                                             4031    0         0      
                                                                                   
    D:\Programs\CCSv8\ccsv8\tools\compiler\ti-cgt-arm_18.1.2.LTS\lib\rtsv7M4_T_le_v4SPD16_eabi.lib
       _printfi.c.obj                                     4863    0         0      
       fd_add_t2.asm.obj                                  438     0         0      
       trgmsg.c.obj                                       108     0         288    
       fd_div_t2.asm.obj                                  310     0         0      
       s_scalbn.c.obj                                     272     0         0      
       fd_cmp_t2.asm.obj                                  268     0         0      
       ctype.c.obj                                        0       257       0      
       fd_mul_t2.asm.obj                                  252     0         0      
       memcpy_t2.asm.obj                                  156     0         0      
       ull_div_t2.asm.obj                                 150     0         0      
       snprintf.c.obj                                     148     0         0      
       memset_t2.asm.obj                                  122     0         0      
       copy_decompress_lzss.c.obj                         104     0         0      
       s_frexp.c.obj                                      100     0         0      
[...]
00009f22  ti_catalog_arm_cortexm4_tiva_ce_Boot_Module__id__C                   
0000a164  _ctypes_                                                             
0000a266  ti_sysbios_family_arm_lm4_TimestampProvider_Module__id__C            
0000a268  g_sFontFixed6x8                                                      
0000a330  xdc_runtime_Text_nodeTab__A                                          
0000a608  AdcHwi                                                               
0000a60c  ButtonClock                                                          
0000a610  semTriggerButtonScan                                                 
0000a614  ButtonTask                                                           
0000a618  WaveformTask                                                         
0000a61c  semTriggerWaveformTask                                               
0000a620  ButtonMailbox                                                        
0000a624  semTriggerProcessingTask                                             
0000a628  ProcessingTask                                                       
0000a62c  semTriggerDisplayTask                                                
0000a630  DisplayTask                                                          
0000a634  UserInputTask                                                        
0000a638  g_sCrystalfontz128x128                                               
0000a660  ti_sysbios_heaps_HeapMem_Module__FXNS__C                             
0000a688  xdc_runtime_Startup_sfxnTab__A                                       
0000a6b0  ti_sysbios_gates_GateHwi_Module__FXNS__C                             
0000a6d4  ti_sysbios_gates_GateMutex_Module__FXNS__C                           
0000a6f8  ti_sysbios_heaps_HeapMem_Object__PARAMS__C                           
0000a71c  ti_sysbios_knl_Semaphore_Object__PARAMS__C                           
0000a740  ti_sysbios_gates_GateHwi_Object__DESC__C                             
0000a760  ti_sysbios_gates_GateMutex_Object__DESC__C                           
0000a780  ti_sysbios_heaps_HeapMem_Object__DESC__C                             
0000a7a0  ti_sysbios_knl_Queue_Object__DESC__C                                 
0000a7c0  ti_sysbios_knl_Semaphore_Object__DESC__C                             
0000a7e0  ti_sysbios_gates_GateHwi_Object__PARAMS__C                           
0000a7f8  ti_sysbios_gates_GateMutex_Object__PARAMS__C                         
0000a810  ti_sysbios_knl_Queue_Object__PARAMS__C                               
0000a828  xdc_runtime_Startup_firstFxns__A                                     
0000a840  xdc_runtime_Startup_sfxnRts__A                                       
0000a854  g_psDefaultCodePointMapTable                                         
0000a874  ti_sysbios_family_arm_m3_Hwi_excHookFuncs__A                         
0000a87c  ti_sysbios_knl_Idle_funcList__C                                      
0000a884  xdc_runtime_Startup_firstFxns__C                                     
0000a88c  xdc_runtime_Startup_lastFxns__C                                      
0000a894  ti_catalog_arm_cortexm4_tiva_ce_Boot_A_mustNotUseEnhancedClockMode__C
0000a898  ti_catalog_arm_cortexm4_tiva_ce_Boot_Module__diagsEnabled__C         
0000a89c  ti_catalog_arm_cortexm4_tiva_ce_Boot_Module__diagsIncluded__C        
0000a8a0  ti_catalog_arm_cortexm4_tiva_ce_Boot_Module__diagsMask__C            
0000a8a4  ti_sysbios_family_arm_lm4_Timer_enableFunc__C                        
0000a8a8  ti_sysbios_family_arm_lm4_Timer_numTimerDevices__C                   
0000a8ac  ti_sysbios_family_arm_lm4_Timer_startupNeeded__C                     
0000a8b0  ti_sysbios_family_arm_lm4_TimestampProvider_Module__diagsEnabled__C  
0000a8b4  ti_sysbios_family_arm_lm4_TimestampProvider_Module__diagsIncluded__C 
0000a8b8  ti_sysbios_family_arm_lm4_TimestampProvider_Module__diagsMask__C     
0000a8bc  ti_sysbios_family_arm_m3_Hwi_E_NMI__C                                
0000a8c0  ti_sysbios_family_arm_m3_Hwi_E_busFault__C                           
0000a8c4  ti_sysbios_family_arm_m3_Hwi_E_debugMon__C                           
0000a8c8  ti_sysbios_family_arm_m3_Hwi_E_hardFault__C                          
0000a8cc  ti_sysbios_family_arm_m3_Hwi_E_memFault__C                           
0000a8d0  ti_sysbios_family_arm_m3_Hwi_E_noIsr__C                              
0000a8d4  ti_sysbios_family_arm_m3_Hwi_E_reserved__C                           
0000a8d8  ti_sysbios_family_arm_m3_Hwi_E_svCall__C                             
0000a8dc  ti_sysbios_family_arm_m3_Hwi_E_usageFault__C                         
0000a8e0  ti_sysbios_family_arm_m3_Hwi_NUM_INTERRUPTS__C                       
0000a8e4  ti_sysbios_family_arm_m3_Hwi_Object__count__C                        
0000a8e8  ti_sysbios_family_arm_m3_Hwi_ccr__C                                  
0000a8ec  ti_sysbios_family_arm_m3_Hwi_excHandlerFunc__C                       
0000a8f0  ti_sysbios_family_arm_m3_Hwi_excHookFuncs__C                         
0000a8f4  ti_sysbios_family_arm_m3_Hwi_nullIsrFunc__C                          
0000a8f8  ti_sysbios_family_arm_m3_Hwi_priGroup__C                             
0000a8fc  ti_sysbios_gates_GateMutex_A_badContext__C                           
0000a900  ti_sysbios_gates_GateMutex_Instance_State_sem__O                     
0000a904  ti_sysbios_gates_GateMutex_Module__diagsEnabled__C                   
0000a908  ti_sysbios_gates_GateMutex_Module__diagsIncluded__C                  
0000a90c  ti_sysbios_gates_GateMutex_Module__diagsMask__C                      
0000a910  ti_sysbios_hal_Hwi_E_stackOverflow__C                                
0000a914  ti_sysbios_heaps_HeapMem_A_align__C                                  
0000a918  ti_sysbios_heaps_HeapMem_A_heapSize__C                               
0000a91c  ti_sysbios_heaps_HeapMem_A_invalidFree__C                            
0000a920  ti_sysbios_heaps_HeapMem_A_zeroBlock__C                              
0000a924  ti_sysbios_heaps_HeapMem_E_memory__C                                 
0000a928  ti_sysbios_heaps_HeapMem_Module__diagsEnabled__C                     
0000a92c  ti_sysbios_heaps_HeapMem_Module__diagsIncluded__C                    
0000a930  ti_sysbios_heaps_HeapMem_Module__diagsMask__C                        
0000a934  ti_sysbios_heaps_HeapMem_Module__gateObj__C                          
0000a938  ti_sysbios_heaps_HeapMem_Object__count__C                            
0000a93c  ti_sysbios_heaps_HeapMem_reqAlign__C                                 
0000a940  ti_sysbios_knl_Clock_Module_State_clockQ__O                          
0000a944  ti_sysbios_knl_Idle_funcList__A                                      
0000a948  ti_sysbios_knl_Mailbox_Instance_State_dataQue__O                     
0000a94c  ti_sysbios_knl_Mailbox_Instance_State_dataSem__O                     
0000a950  ti_sysbios_knl_Mailbox_Instance_State_freeQue__O                     
0000a954  ti_sysbios_knl_Mailbox_Instance_State_freeSem__O                     
0000a958  ti_sysbios_knl_Mailbox_Object__count__C                              
0000a95c  ti_sysbios_knl_Mailbox_maxTypeAlign__C                               
0000a960  ti_sysbios_knl_Semaphore_A_badContext__C                             
0000a964  ti_sysbios_knl_Semaphore_A_noEvents__C                               
0000a968  ti_sysbios_knl_Semaphore_A_overflow__C                               
0000a96c  ti_sysbios_knl_Semaphore_A_pendTaskDisabled__C                       
0000a970  ti_sysbios_knl_Semaphore_Instance_State_pendQ__O                     
0000a974  ti_sysbios_knl_Semaphore_Module__diagsEnabled__C                     
0000a978  ti_sysbios_knl_Semaphore_Module__diagsIncluded__C                    
0000a97c  ti_sysbios_knl_Semaphore_Module__diagsMask__C                        
0000a980  ti_sysbios_knl_Swi_Object__count__C                                  
0000a984  ti_sysbios_knl_Task_E_spOutOfBounds__C                               
0000a988  ti_sysbios_knl_Task_E_stackOverflow__C                               
0000a98c  ti_sysbios_knl_Task_Module_State_inactiveQ__O                        
0000a990  ti_sysbios_knl_Task_Object__count__C                                 
0000a994  ti_sysbios_knl_Task_allBlockedFunc__C                                
0000a998  ti_sysbios_knl_Task_numConstructedTasks__C                           
0000a99c  xdc_runtime_Assert_E_assertFailed__C                                 
0000a9a0  xdc_runtime_Core_A_initializedParams__C                              
0000a9a4  xdc_runtime_Core_Module__diagsEnabled__C                             
0000a9a8  xdc_runtime_Core_Module__diagsIncluded__C                            
0000a9ac  xdc_runtime_Core_Module__diagsMask__C                                
0000a9b0  xdc_runtime_Error_E_memory__C                                        
0000a9b4  xdc_runtime_Error_Module__diagsEnabled__C                            
0000a9b8  xdc_runtime_Error_Module__diagsIncluded__C                           
0000a9bc  xdc_runtime_Error_Module__diagsMask__C                               
0000a9c0  xdc_runtime_Error_Module__loggerFxn8__C                              
0000a9c4  xdc_runtime_Error_Module__loggerObj__C                               
0000a9c8  xdc_runtime_Error_policyFxn__C                                       
0000a9cc  xdc_runtime_Error_raiseHook__C                                       
0000a9d0  xdc_runtime_IGateProvider_Interface__BASE__C                         
0000a9d4  xdc_runtime_IHeap_Interface__BASE__C                                 
0000a9d8  xdc_runtime_IModule_Interface__BASE__C                               
0000a9dc  xdc_runtime_Log_L_error__C                                           
0000a9e0  xdc_runtime_Memory_defaultHeapInstance__C                            
0000a9e4  xdc_runtime_Startup_execImpl__C                                      
0000a9e8  xdc_runtime_Startup_maxPasses__C                                     
0000a9ec  xdc_runtime_Startup_sfxnRts__C                                       
0000a9f0  xdc_runtime_Startup_sfxnTab__C                                       
0000a9f4  xdc_runtime_SysMin_bufSize__C                                        
0000a9f8  xdc_runtime_SysMin_outputFunc__C                                     
0000a9fc  xdc_runtime_System_Module__gateObj__C                                
0000aa00  xdc_runtime_System_abortFxn__C                                       
0000aa04  xdc_runtime_System_exitFxn__C                                        
0000aa08  xdc_runtime_System_extendFxn__C                                      
0000aa0c  xdc_runtime_System_maxAtexitHandlers__C                              
0000aa10  xdc_runtime_Text_charTab__C                                          
0000aa14  xdc_runtime_Text_nameEmpty__C                                        
0000aa18  xdc_runtime_Text_nameStatic__C                                       
0000aa1c  xdc_runtime_Text_nameUnknown__C                                      
0000aa20  xdc_runtime_Text_nodeTab__C                                          
0000aa24  xdc_runtime_Text_visitRopeFxn__C                                     
0000aa28  ti_sysbios_family_arm_lm4_TimestampProvider_useClockTimer__C         
0000aa2a  ti_sysbios_family_arm_m3_Hwi_Module__id__C                           
0000aa2c  ti_sysbios_gates_GateMutex_Module__id__C                             
0000aa2e  ti_sysbios_hal_Hwi_Module__id__C                                     
0000aa30  ti_sysbios_heaps_HeapMem_Module__id__C                               
0000aa32  ti_sysbios_knl_Semaphore_Module__id__C                               
0000aa34  ti_sysbios_knl_Task_Module__id__C                                    
0000aa36  xdc_runtime_Core_Module__id__C                                       
0000aa38  xdc_runtime_Error_Module__loggerDefined__C                           
0000aa3a  xdc_runtime_Error_maxDepth__C                                        
0000aa3c  xdc_runtime_Memory_Module__id__C                                     
0000aa3e  xdc_runtime_SysMin_flushAtExit__C                                    
0000aa40  xdc_runtime_Text_charCnt__C                                          
0000aa42  xdc_runtime_Text_isLoaded__C                                         
0000aa44  xdc_runtime_Text_registryModsLastId__C                               
0000aa46  xdc_runtime_Text_unnamedModsLastId__C                                
0000aa48  __TI_static_base__                                                   
0000acd8  __TI_Handler_Table_Base                                              
0000ace4  __TI_Handler_Table_Limit                                             
0000acf8  __TI_CINIT_Base                                                      
0000ad10  __TI_CINIT_Limit                                                     
20000000  ti_sysbios_family_arm_m3_Hwi_ramVectors                              
20000360  Lcd_buffer                                                           
20008360  ti_sysbios_knl_Task_Object__table__V                                 
20008528  ti_sysbios_knl_Swi_Module_State_0_readyQ__A                          
200085a8  ti_sysbios_knl_Task_Module_State_0_readyQ__A                         
20008628  ti_sysbios_knl_Mailbox_Object__table__V                              
20008678  ti_sysbios_knl_Semaphore_Object__table__V                            
200086c8  ti_sysbios_knl_Task_Module__state__V                                 
2000870c  ti_sysbios_family_arm_lm4_Timer_Module_State_0_device__A             
2000874c  ti_sysbios_family_arm_lm4_Timer_Object__table__V                     
2000878c  ti_sysbios_gates_GateMutex_Object__table__V                          
200087c4  ti_sysbios_family_arm_m3_Hwi_Module__state__V                        
200087f8  ti_sysbios_family_arm_m3_Hwi_Object__table__V                        
20008828  ti_sysbios_knl_Swi_Object__table__V                                  
20008858  ti_sysbios_knl_Clock_Module__state__V                                
20008884  ti_sysbios_BIOS_Module__state__V                                     
200088a8  ti_sysbios_family_arm_lm4_Timer_Module_State_0_handles__A            
200088c8  ti_sysbios_knl_Clock_Object__table__V                                
200088e8  ti_sysbios_knl_Swi_Module__state__V                                  
20008904  gSystemClockFrequency                                                
20008908  gTimeMilliseconds                                                    
2000890c  gADCBufferIndex                                                      
20008910  gADCErrors                                                           
20008914  gButtonPressCount                                                    
20008918  gTrigState                                                           
20008919  gVoltScaleState                                                      
2000891a  gDisplayState                                                        
2000891c  ti_sysbios_heaps_HeapMem_Object__table__V                            
20008934  ti_sysbios_family_arm_lm4_Timer_Module__state__V                     
20008940  xdc_runtime_SysMin_Module__state__V                                  
2000894c  _lock                                                                
20008950  _unlock                                                              
20008954  ti_sysbios_family_arm_lm4_TimestampProvider_Module__state__V         
2000895c  ti_sysbios_gates_GateHwi_Module__root__V                             
20008964  ti_sysbios_gates_GateMutex_Module__root__V                           
2000896c  ti_sysbios_heaps_HeapMem_Module__root__V                             
20008974  ti_sysbios_knl_Queue_Module__root__V                                 
2000897c  ti_sysbios_knl_Semaphore_Module__root__V                             
20008984  xdc_runtime_Registry_Module__state__V                                
2000898c  xdc_runtime_Startup_Module__state__V                                 
20008994  xdc_runtime_System_Module_State_0_atexitHandlers__A                  
2000899c  xdc_runtime_System_Module__state__V                                  
200089a4  errno                                                                
200089a8  main_func_sp                                                         
200089ac  ti_sysbios_family_arm_m3_Hwi_Module_State_0_excContext__A            
200089b0  ti_sysbios_family_arm_m3_Hwi_Module_State_0_excStack__A              
200089b4  ti_sysbios_gates_GateHwi_Object__table__V                            
200089b8  ti_sysbios_knl_Task_Module_State_0_idleTask__A                       
200089bc  xdc_runtime_Memory_Module__state__V                                  
200089c0  ti_sysbios_family_arm_m3_Hwi_Module_State_0_excActive__A             
200089c2  xdc_runtime_Error_Module__state__V                                   
200089c8  ti_sysbios_knl_Task_Instance_State_0_stack__A                        
20008dc8  ti_sysbios_knl_Task_Instance_State_1_stack__A                        
200095c8  ti_sysbios_knl_Task_Instance_State_2_stack__A                        
200099c8  ti_sysbios_knl_Task_Instance_State_3_stack__A                        
2000a1c8  ti_sysbios_knl_Task_Instance_State_4_stack__A                        
2000a3c8  ti_sysbios_knl_Task_Instance_State_5_stack__A                        
2000a5c8  gADCBuffer                                                           
2000b5c8  ti_sysbios_heaps_HeapMem_Instance_State_0_buf__A                     
2000b9c8  ti_sysbios_family_arm_m3_Hwi_dispatchTable                           
2000bd28  gPixelBuffer                                                         
2000bf28  gWaveformBuffer                                                      
2000c128  __CIOBUF_                                                            
2000c248  ti_sysbios_knl_Mailbox_Instance_State_0_allocBuf__A                  
2000c2e8  xdc_runtime_SysMin_Module_State_0_outbuf__A                          
2000c368  gContext                                                             
2000c394  parmbuf                                                              
2000c3a0  Lcd_ScreenHeigth                                                     
2000c3a2  Lcd_ScreenWidth                                                      
2000c3a4  Lcd_TouchTrim                                                        
2000c3a6  Lcd_FlagRead                                                         
2000c3a7  Lcd_FontSolid                                                        
2000c3a8  Lcd_Orientation                                                      
2000c3a9  Lcd_PenSolid                                                         
2000c3b0  __stack                                                              
2000c6b0  __STACK_END                                                          
e000e000  ti_sysbios_family_arm_m3_Hwi_nvic                                    
ffffffff  __TI_pprof_out_hndl                                                  
ffffffff  __TI_prof_data_size                                                  
ffffffff  __TI_prof_data_start                                                 
ffffffff  __binit__                                                            
ffffffff  __c_args__                                                           
ffffffff  binit                                                                
UNDEFED   SHT$$INIT_ARRAY$$Base                                                
UNDEFED   SHT$$INIT_ARRAY$$Limit                                               

[636 symbols]
