******************************************************************************
                  TI ARM Linker PC v18.1.2                     
******************************************************************************
>> Linked Thu Apr 11 15:55:10 2019

OUTPUT FILE NAME:   <ece3849d19_lab2_mrhagan_doates.out>
ENTRY POINT SYMBOL: "_c_int00"  address: 000086d5


MEMORY CONFIGURATION

         name            origin    length      used     unused   attr    fill
----------------------  --------  ---------  --------  --------  ----  --------
  FLASH                 00000000   00100000  0000d5ba  000f2a46  R  X
  SRAM                  20000000   00040000  000137b8  0002c848  RW X


SEGMENT ALLOCATION MAP

run origin  load origin   length   init length attrs members
----------  ----------- ---------- ----------- ----- -------
00000000    00000000    0000d5c8   0000d5c8    r-x
  00000000    00000000    0000003c   0000003c    r-- .resetVecs
  00000040    00000040    0000a97a   0000a97a    r-x .text
  0000a9c0    0000a9c0    0000293c   0000293c    r-- .const
  0000d300    0000d300    000002c8   000002c8    r-- .cinit
20000000    20000000    000137c0   00000000    rw-
  20000000    20000000    00000360   00000000    rw- .vecs
  20000360    20000360    0000aaee   00000000    rw- .bss
  2000ae50    2000ae50    0000866a   00000000    rw- .data
  200134c0    200134c0    00000300   00000000    rw- .stack


SECTION ALLOCATION MAP

 output                                  attributes/
section   page    origin      length       input sections
--------  ----  ----------  ----------   ----------------
.text      0    00000040    0000a97a     
                  00000040    00000a5e     rtsv7M4_T_le_v4SPD16_eabi.lib : _printfi.c.obj (.text:__TI_printfi)
                  00000a9e    00000002                                   : _lock.c.obj (.text:_nop)
                  00000aa0    00000738                                   : k_rem_pio2.c.obj (.text:__kernel_rem_pio2)
                  000011d8    000005dc                                   : s_cos.c.obj (.text:cos)
                  000017b4    000005c4                                   : s_sin.c.obj (.text:sin)
                  00001d78    00000430     sysbios.aem4f : BIOS.obj (.text:ti_sysbios_family_arm_m3_Hwi_excDumpRegs__I)
                  000021a8    0000034c     ti.targets.arm.rtsarm.aem4f : System.oem4f (.text:xdc_runtime_System_doPrint__I)
                  000024f4    00000004     rtsv7M4_T_le_v4SPD16_eabi.lib : exit.c.obj (.text:abort:abort)
                  000024f8    000002a4     sysbios.aem4f : BIOS.obj (.text:ti_sysbios_knl_Semaphore_pend__E)
                  0000279c    00000004                   : BIOS.obj (.text:ti_sysbios_family_arm_lm4_Timer_masterEnable__I)
                  000027a0    0000028e     kiss_fft.obj (.text:kf_bfly5)
                  00002a2e    00000002     rtsv7M4_T_le_v4SPD16_eabi.lib : div0.asm.obj (.text)
                  00002a30    00000270                                   : _printfi.c.obj (.text:_pconv_a)
                  00002ca0    0000026c     sysbios.aem4f : BIOS.obj (.text:ti_sysbios_heaps_HeapMem_free__E)
                  00002f0c    00000256     grlib.lib : string.obj (.text:GrFontGlyphRender)
                  00003162    00000006     driverlib.lib : gpio.obj (.text:GPIOPinRead)
                  00003168    00000250     sysbios.aem4f : BIOS.obj (.text:ti_sysbios_heaps_HeapMem_alloc__E)
                  000033b8    00000218     main.obj (.text:DisplayTaskFunc)
                  000035d0    00000204     driverlib.lib : sysctl.obj (.text:SysCtlClockFreqSet)
                  000037d4    00000204     Boot.aem4f : Boot_sysctl.oem4f (.text:ti_catalog_arm_cortexm4_tiva_ce_Boot_sysCtlClockFreqSetI__I)
                  000039d8    000001fc     sysbios.aem4f : BIOS.obj (.text:ti_sysbios_family_arm_m3_Hwi_excHandlerMax__I)
                  00003bd4    00000004     ti.targets.arm.rtsarm.aem4f : Error.oem4f (.text:xdc_runtime_Error_getSite__E)
                  00003bd8    000001f0     kiss_fft.obj (.text:kf_bfly4)
                  00003dc8    000001d0     rtsv7M4_T_le_v4SPD16_eabi.lib : _printfi.c.obj (.text:_pconv_g)
                  00003f98    000001c8     main.obj (.text:main)
                  00004160    000001b6     rtsv7M4_T_le_v4SPD16_eabi.lib : fd_add_t2.asm.obj (.text)
                  00004316    00000002     --HOLE-- [fill = 0]
                  00004318    000001b4     kiss_fft.obj (.text:kf_bfly3)
                  000044cc    00000174     rtsv7M4_T_le_v4SPD16_eabi.lib : k_sin.c.obj (.text:__kernel_sin)
                  00004640    00000174     sysbios.aem4f : BIOS.obj (.text:ti_sysbios_family_arm_m3_Hwi_excBusFault__I)
                  000047b4    0000016c     rtsv7M4_T_le_v4SPD16_eabi.lib : k_cos.c.obj (.text:__kernel_cos)
                  00004920    00000168                                   : e_hypotf.c.obj (.text:hypotf)
                  00004a88    00000164     sysbios.aem4f : BIOS.obj (.text:ti_sysbios_family_arm_m3_Hwi_excUsageFault__I)
                  00004bec    00000004     ti.targets.arm.rtsarm.aem4f : System.oem4f (.text:xdc_runtime_System_aprintf_va__F)
                  00004bf0    0000015c     main.obj (.text:ButtonTaskFunc)
                  00004d4c    00000004     ti.targets.arm.rtsarm.aem4f : System.oem4f (.text:xdc_runtime_System_printf_va__F)
                  00004d50    00000158     main.obj (.text:ProcessingTaskFunc)
                  00004ea8    00000158     main.obj (.text:WaveformTaskFunc)
                  00005000    00000158     rtsv7M4_T_le_v4SPD16_eabi.lib : e_log10f.c.obj (.text:log10f)
                  00005158    00000158                                   : e_sqrt.c.obj (.text:sqrt)
                  000052b0    00000148     sysbios.aem4f : BIOS.obj (.text:ti_sysbios_family_arm_m3_Hwi_excMemFault__I)
                  000053f8    0000013c     rtsv7M4_T_le_v4SPD16_eabi.lib : _printfi.c.obj (.text:_pconv_e)
                  00005534    00000004     --HOLE-- [fill = 0]
                  00005538    0000013c     sysbios.aem4f : BIOS.obj (.text:ti_sysbios_heaps_HeapMem_Instance_init__E)
                  00005674    00000136     rtsv7M4_T_le_v4SPD16_eabi.lib : fd_div_t2.asm.obj (.text)
                  000057aa    00000130     driverlib.lib : gpio.obj (.text:GPIOPadConfigSet)
                  000058da    00000002     --HOLE-- [fill = 0]
                  000058dc    00000120     rtsv7M4_T_le_v4SPD16_eabi.lib : _printfi.c.obj (.text:fcvt)
                  000059fc    00000118     ti.targets.arm.rtsarm.aem4f : Error.oem4f (.text:xdc_runtime_Error_policyDefault__E)
                  00005b14    00000110     rtsv7M4_T_le_v4SPD16_eabi.lib : s_scalbn.c.obj (.text:scalbn)
                  00005c24    00000004     --HOLE-- [fill = 0]
                  00005c28    00000108     sysbios.aem4f : BIOS.obj (.text:ti_sysbios_family_arm_lm4_Timer_start__E)
                  00005d30    00000106     grlib.lib : line.obj (.text:GrLineDraw)
                  00005e36    00000002     --HOLE-- [fill = 0]
                  00005e38    00000100     ti.targets.arm.rtsarm.aem4f : Core-mem.oem4f (.text:xdc_runtime_Core_createObject__I)
                  00005f38    000000fc     kiss_fft.obj (.text:kf_bfly_generic)
                  00006034    000000fc     rtsv7M4_T_le_v4SPD16_eabi.lib : fd_mul_t2.asm.obj (.text)
                  00006130    000000fc     rtos_pem4f.oem4f (.text:xdc_runtime_System_printfExtend__I)
                  0000622c    000000f8     rtsv7M4_T_le_v4SPD16_eabi.lib : s_floor.c.obj (.text:floor)
                  00006324    000000f8     ti.targets.arm.rtsarm.aem4f : Startup.oem4f (.text:xdc_runtime_Startup_startMods__I)
                  0000641c    000000f4     sysbios.aem4f : m3_Hwi_asm.obj (.text:ti_sysbios_family_arm_m3_Hwi_dispatch__I)
                  00006510    000000ec                   : BIOS.obj (.text:ti_sysbios_knl_Semaphore_post__E)
                  000065fc    00000004     --HOLE-- [fill = 0]
                  00006600    000000e2     kiss_fft.obj (.text:kf_work)
                  000066e2    00000006     driverlib.lib : gpio.obj (.text:GPIOPinWrite)
                  000066e8    000000dc     Crystalfontz128x128_ST7735.obj (.text:Crystalfontz128x128_PixelDrawMultiple)
                  000067c4    00000004     --HOLE-- [fill = 0]
                  000067c8    000000cc     kiss_fft.obj (.text:kiss_fft_alloc)
                  00006894    000000cc     ti.targets.arm.rtsarm.aem4f : Core-smem.oem4f (.text:xdc_runtime_Core_constructObject__I)
                  00006960    000000c4     grlib.lib : string.obj (.text:GrDefaultStringRenderer)
                  00006a24    000000c0               : line.obj (.text:GrLineClip)
                  00006ae4    00000004     --HOLE-- [fill = 0]
                  00006ae8    000000bc     Crystalfontz128x128_ST7735.obj (.text:Crystalfontz128x128_Init)
                  00006ba4    00000004     --HOLE-- [fill = 0]
                  00006ba8    000000bc     sysbios.aem4f : BIOS.obj (.text:ti_sysbios_family_arm_m3_Hwi_excDebugMon__I)
                  00006c64    00000004     --HOLE-- [fill = 0]
                  00006c68    000000bc                   : BIOS.obj (.text:ti_sysbios_family_arm_m3_Hwi_excHardFault__I)
                  00006d24    00000004     --HOLE-- [fill = 0]
                  00006d28    000000b4                   : BIOS.obj (.text:ti_sysbios_gates_GateMutex_enter__E)
                  00006ddc    00000004     --HOLE-- [fill = 0]
                  00006de0    000000b4                   : BIOS.obj (.text:ti_sysbios_knl_Task_checkStacks__E)
                  00006e94    000000b1     rtsv7M4_T_le_v4SPD16_eabi.lib : _printfi.c.obj (.text:_ltostr)
                  00006f45    00000003     --HOLE-- [fill = 0]
                  00006f48    000000ac     sysbios.aem4f : BIOS.obj (.text:ti_sysbios_family_arm_lm4_Timer_enableTiva__I)
                  00006ff4    000000a0     auto_init.aem4f : auto_init.oem4f (.text)
                  00007094    000000a0     ti.targets.arm.rtsarm.aem4f : Text.oem4f (.text:xdc_runtime_Text_putMod__E)
                  00007134    00000004     --HOLE-- [fill = 0]
                  00007138    0000009c     Crystalfontz128x128_ST7735.obj (.text:Crystalfontz128x128_SetDrawFrame)
                  000071d4    0000009c     rtsv7M4_T_le_v4SPD16_eabi.lib : memcpy_t2.asm.obj (.text)
                  00007270    0000009c     sysbios.aem4f : BIOS.obj (.text:ti_sysbios_knl_Semaphore_Instance_init__E)
                  0000730c    0000009a     ti.targets.arm.rtsarm.aem4f : Text.oem4f (.text:xdc_runtime_Text_putSite__E)
                  000073a6    00000002     --HOLE-- [fill = 0]
                  000073a8    00000098     Boot.aem4f : Boot.oem4f (.text:ti_catalog_arm_cortexm4_tiva_ce_Boot_sysCtlClockFreqSet__E)
                  00007440    00000096     rtsv7M4_T_le_v4SPD16_eabi.lib : ull_div_t2.asm.obj (.text)
                  000074d6    00000002     --HOLE-- [fill = 0]
                  000074d8    00000094     sysbios.aem4f : BIOS.obj (.text:ti_sysbios_family_arm_m3_Hwi_initNVIC__E)
                  0000756c    00000004     --HOLE-- [fill = 0]
                  00007570    0000008c     main.obj (.text:UserInputTaskFunc)
                  000075fc    0000008c     sysbios.aem4f : m3_TaskSupport_asm.obj (.text:ti_sysbios_family_arm_m3_TaskSupport_buildTaskStack)
                  00007688    0000008c                   : BIOS.obj (.text:ti_sysbios_knl_Task_postInit__I)
                  00007714    00000004     --HOLE-- [fill = 0]
                  00007718    00000088                   : BIOS.obj (.text:ti_sysbios_knl_Mailbox_post__E)
                  000077a0    00000086     grlib.lib : rectangle.obj (.text:GrRectFill)
                  00007826    00000086     rtsv7M4_T_le_v4SPD16_eabi.lib : fd_cmp_t2.asm.obj (.text:__aeabi_cdcmple)
                  000078ac    00000086                                   : fd_cmp_t2.asm.obj (.text:__aeabi_cdrcmple)
                  00007932    00000006     grlib.lib : string.obj (.text:GrContextFontSet)
                  00007938    00000084     sysbios.aem4f : BIOS.obj (.text:ti_sysbios_family_arm_m3_Hwi_postInit__I)
                  000079bc    00000004     --HOLE-- [fill = 0]
                  000079c0    00000080     Crystalfontz128x128_ST7735.obj (.text:Crystalfontz128x128_RectFill)
                  00007a40    00000080     kiss_fft.obj (.text:kf_bfly2)
                  00007ac0    0000007a     driverlib.lib : adc.obj (.text:ADCSequenceStepConfigure)
                  00007b3a    0000007a     rtsv7M4_T_le_v4SPD16_eabi.lib : memset_t2.asm.obj (.text)
                  00007bb4    00000004     --HOLE-- [fill = 0]
                  00007bb8    00000078     HAL_EK_TM4C1294XL_Crystalfontz128x128_ST7735.obj (.text:HAL_LCD_PortInit)
                  00007c30    00000078     HAL_EK_TM4C1294XL_Crystalfontz128x128_ST7735.obj (.text:HAL_LCD_SpiInit)
                  00007ca8    00000074     sysbios.aem4f : BIOS.obj (.text:ti_sysbios_knl_Mailbox_pend__E)
                  00007d1c    00000004     --HOLE-- [fill = 0]
                  00007d20    00000070                   : BIOS.obj (.text:ti_sysbios_knl_Clock_workFunc__E)
                  00007d90    00000070                   : BIOS.obj (.text:ti_sysbios_knl_Task_exit__E)
                  00007e00    0000006e     rtsv7M4_T_le_v4SPD16_eabi.lib : _printfi.c.obj (.text:_mcpy)
                  00007e6e    0000006e                                   : fd_tos_t2.asm.obj (.text)
                  00007edc    0000006d     ti.targets.arm.rtsarm.aem4f : System.oem4f (.text:xdc_runtime_System_formatNum__I)
                  00007f49    00000001     --HOLE-- [fill = 0]
                  00007f4a    00000006     driverlib.lib : sysctl.obj (.text:SysCtlDelay)
                  00007f50    0000006c     kiss_fft.obj (.text:kf_factor)
                  00007fbc    00000004     --HOLE-- [fill = 0]
                  00007fc0    0000006c     sysbios.aem4f : BIOS.obj (.text:ti_sysbios_knl_Swi_restoreHwi__E)
                  0000802c    0000006c     ti.targets.arm.rtsarm.aem4f : Error.oem4f (.text:xdc_runtime_Error_print__E)
                  00008098    0000006c                                 : Memory.oem4f (.text:xdc_runtime_Memory_alloc__E)
                  00008104    00000068     grlib.lib : context.obj (.text:GrContextInit)
                  0000816c    00000068     rtsv7M4_T_le_v4SPD16_eabi.lib : copy_decompress_lzss.c.obj (.text:decompress:lzss:__TI_decompress_lzss)
                  000081d4    00000004     --HOLE-- [fill = 0]
                  000081d8    00000068     sysbios.aem4f : BIOS.obj (.text:ti_sysbios_family_arm_lm4_TimestampProvider_initTimerHandle__I)
                  00008240    00000066     ti.targets.arm.rtsarm.aem4f : Core-mem.oem4f (.text:xdc_runtime_Core_deleteObject__I)
                  000082a6    00000002     --HOLE-- [fill = 0]
                  000082a8    00000064     rtsv7M4_T_le_v4SPD16_eabi.lib : s_frexp.c.obj (.text:frexp)
                  0000830c    00000004     --HOLE-- [fill = 0]
                  00008310    00000064     sysbios.aem4f : BIOS.obj (.text:ti_sysbios_family_arm_lm4_Timer_Module_startup__E)
                  00008374    00000004     --HOLE-- [fill = 0]
                  00008378    00000064                   : BIOS.obj (.text:ti_sysbios_family_arm_m3_Hwi_dispatchC__I)
                  000083dc    00000004     --HOLE-- [fill = 0]
                  000083e0    00000060                   : BIOS.obj (.text:ti_sysbios_knl_Task_schedule__I)
                  00008440    0000005c     kiss_fft.obj (.text:kiss_fft_stride)
                  0000849c    00000004     --HOLE-- [fill = 0]
                  000084a0    0000005c     sysbios.aem4f : BIOS.obj (.text:ti_sysbios_knl_Swi_run__I)
                  000084fc    00000004     --HOLE-- [fill = 0]
                  00008500    0000005c                   : BIOS.obj (.text:ti_sysbios_knl_Swi_schedule__I)
                  0000855c    00000004     --HOLE-- [fill = 0]
                  00008560    0000005c                   : BIOS.obj (.text:ti_sysbios_knl_Task_Module_startup__E)
                  000085bc    00000004     --HOLE-- [fill = 0]
                  000085c0    0000005c                   : BIOS.obj (.text:ti_sysbios_knl_Task_startCore__E)
                  0000861c    0000005b     ti.targets.arm.rtsarm.aem4f : Text.oem4f (.text:xdc_runtime_Text_putLab__E)
                  00008677    00000001     --HOLE-- [fill = 0]
                  00008678    0000005a     grlib.lib : string.obj (.text:FontWideGlyphDataGet)
                  000086d2    00000002     --HOLE-- [fill = 0]
                  000086d4    00000058     boot.aem4f : boot.oem4f (.text)
                  0000872c    00000058     rtsv7M4_T_le_v4SPD16_eabi.lib : hostwrite.c.obj (.text:HOSTwrite)
                  00008784    00000058     sysbios.aem4f : m3_Hwi_asm_switch.obj (.text:ti_sysbios_family_arm_m3_Hwi_initStacks__E)
                  000087dc    00000056     rtsv7M4_T_le_v4SPD16_eabi.lib : _printfi.c.obj (.text:_pconv_f)
                  00008832    00000054                                   : ltoa.c.obj (.text:ltoa)
                  00008886    00000002     --HOLE-- [fill = 0]
                  00008888    00000054     sysbios.aem4f : BIOS.obj (.text:ti_sysbios_family_arm_lm4_Timer_initDevice__I)
                  000088dc    00000054     ti.targets.arm.rtsarm.aem4f : Assert.oem4f (.text:xdc_runtime_Assert_raise__I)
                  00008930    00000052     rtsv7M4_T_le_v4SPD16_eabi.lib : _printfi.c.obj (.text:_ecpy)
                  00008982    00000006     ti.targets.arm.rtsarm.aem4f : System.oem4f (.text:xdc_runtime_System_Module_startup__E)
                  00008988    00000050     main.obj (.text:AdcHwiFunc)
                  000089d8    00000050     Boot.aem4f : Boot_sysctl.oem4f (.text:_SysCtlFrequencyGet)
                  00008a28    00000050     sysbios.aem4f : BIOS.obj (.text:ti_sysbios_family_arm_m3_Hwi_Module_startup__E)
                  00008a78    00000050     ti.targets.arm.rtsarm.aem4f : Startup.oem4f (.text:xdc_runtime_Startup_exec__E)
                  00008ac8    00000050                                 : Text.oem4f (.text:xdc_runtime_Text_visitRope2__I)
                  00008b18    0000004c     rtsv7M4_T_le_v4SPD16_eabi.lib : atoi.c.obj (.text:atoi)
                  00008b64    0000004c                                   : cpy_tbl.c.obj (.text:copy_in)
                  00008bb0    0000004c                                   : snprintf.c.obj (.text:snprintf)
                  00008bfc    00000004     --HOLE-- [fill = 0]
                  00008c00    0000004c     sysbios.aem4f : BIOS.obj (.text:ti_sysbios_heaps_HeapMem_getStats__E)
                  00008c4c    00000004     --HOLE-- [fill = 0]
                  00008c50    0000004c                   : BIOS.obj (.text:ti_sysbios_knl_Swi_runLoop__I)
                  00008c9c    00000004     --HOLE-- [fill = 0]
                  00008ca0    0000004c                   : BIOS.obj (.text:ti_sysbios_knl_Task_allBlockedFunction__I)
                  00008cec    0000004a     grlib.lib : string.obj (.text:UpdateContextCharMapping)
                  00008d36    00000002     --HOLE-- [fill = 0]
                  00008d38    00000048     driverlib.lib : gpio.obj (.text:GPIOPinConfigure)
                  00008d80    00000048     HAL_EK_TM4C1294XL_Crystalfontz128x128_ST7735.obj (.text:HAL_LCD_writeCommand)
                  00008dc8    00000048     sysctl_pll.obj (.text:SysCtlFrequencyGet)
                  00008e10    00000048     driverlib.lib : sysctl.obj (.text:_SysCtlFrequencyGet)
                  00008e58    00000048     rtsv7M4_T_le_v4SPD16_eabi.lib : fd_toi_t2.asm.obj (.text)
                  00008ea0    00000048     sysbios.aem4f : BIOS.obj (.text:ti_sysbios_family_arm_lm4_Timer_enableTimers__I)
                  00008ee8    00000048                   : BIOS.obj (.text:ti_sysbios_family_arm_m3_Hwi_disableInterrupt__E)
                  00008f30    00000048                   : BIOS.obj (.text:ti_sysbios_family_arm_m3_Hwi_enableInterrupt__E)
                  00008f78    00000048                   : BIOS.obj (.text:ti_sysbios_family_arm_m3_Hwi_excReserved__I)
                  00008fc0    00000048                   : BIOS.obj (.text:ti_sysbios_knl_Mailbox_Module_startup__E)
                  00009008    00000046     grlib.lib : line.obj (.text:GrLineDrawH)
                  0000904e    00000046               : line.obj (.text:GrLineDrawV)
                  00009094    00000046     ti.targets.arm.rtsarm.aem4f : Core-params.oem4f (.text:xdc_runtime_Core_assignParams__I)
                  000090da    00000006     --HOLE-- [fill = 0]
                  000090e0    00000044     Crystalfontz128x128_ST7735.obj (.text:Crystalfontz128x128_SetOrientation)
                  00009124    00000004     --HOLE-- [fill = 0]
                  00009128    00000044     sysbios.aem4f : BIOS.obj (.text:ti_sysbios_family_arm_lm4_Timer_isrStub__E)
                  0000916c    00000004     --HOLE-- [fill = 0]
                  00009170    00000044                   : BIOS.obj (.text:ti_sysbios_family_arm_m3_Hwi_getStackInfo__E)
                  000091b4    00000004     --HOLE-- [fill = 0]
                  000091b8    00000044                   : BIOS.obj (.text:ti_sysbios_knl_Swi_post__E)
                  000091fc    00000044     ti.targets.arm.rtsarm.aem4f : Error.oem4f (.text:xdc_runtime_Error_setX__E)
                  00009240    00000044                                 : SysMin.oem4f (.text:xdc_runtime_SysMin_flush__E)
                  00009284    00000044                                 : Text.oem4f (.text:xdc_runtime_Text_xprintf__I)
                  000092c8    00000040     Crystalfontz128x128_ST7735.obj (.text:Crystalfontz128x128_LineDrawH)
                  00009308    00000040     rtsv7M4_T_le_v4SPD16_eabi.lib : u_divt2.asm.obj (.text)
                  00009348    00000040     sysbios.aem4f : BIOS.obj (.text:ti_sysbios_family_arm_lm4_Timer_startup__E)
                  00009388    0000003e     driverlib.lib : adc.obj (.text:ADCSequenceConfigure)
                  000093c6    0000003e     rtsv7M4_T_le_v4SPD16_eabi.lib : _printfi.c.obj (.text:_fcpy)
                  00009404    0000003c     driverlib.lib : ssi.obj (.text:SSIConfigSetExpClk)
                  00009440    0000003c     sysbios.aem4f : BIOS.obj (.text:ti_sysbios_family_arm_m3_Hwi_excSvCall__I)
                  0000947c    00000004     --HOLE-- [fill = 0]
                  00009480    0000003c                   : BIOS.obj (.text:ti_sysbios_heaps_HeapMem_init__I)
                  000094bc    00000004     --HOLE-- [fill = 0]
                  000094c0    0000003c                   : BIOS.obj (.text:ti_sysbios_knl_Swi_restore__E)
                  000094fc    0000003a     grlib.lib : string.obj (.text:FontGlyphDataGet)
                  00009536    00000002     --HOLE-- [fill = 0]
                  00009538    00000038     Crystalfontz128x128_ST7735.obj (.text:Crystalfontz128x128_Flush)
                  00009570    00000038     rtsv7M4_T_le_v4SPD16_eabi.lib : trgmsg.c.obj (.text:__TI_writemsg)
                  000095a8    00000038                                   : fs_tod_t2.asm.obj (.text)
                  000095e0    00000038     sysbios.aem4f : BIOS.obj (.text:ti_sysbios_family_arm_m3_Hwi_excNoIsr__I)
                  00009618    00000038                   : BIOS.obj (.text:ti_sysbios_knl_Task_processVitalTaskFlag__I)
                  00009650    00000038     ti.targets.arm.rtsarm.aem4f : SysMin.oem4f (.text:xdc_runtime_SysMin_putch__E)
                  00009688    00000038                                 : System.oem4f (.text:xdc_runtime_System_atexit__E)
                  000096c0    00000036     grlib.lib : line.obj (.text:GrClipCodeGet)
                  000096f6    00000002     --HOLE-- [fill = 0]
                  000096f8    00000034     driverlib.lib : sysctl.obj (.text:SysCtlPeripheralEnable)
                  0000972c    00000034     rtsv7M4_T_le_v4SPD16_eabi.lib : trgmsg.c.obj (.text:__TI_readmsg)
                  00009760    00000034     sysbios.aem4f : BIOS.obj (.text:ti_sysbios_family_arm_m3_Hwi_excNmi__I)
                  00009794    00000004     --HOLE-- [fill = 0]
                  00009798    00000034                   : BIOS.obj (.text:ti_sysbios_hal_Hwi_checkStack)
                  000097cc    00000034     ti.targets.arm.rtsarm.aem4f : Core-label.oem4f (.text:xdc_runtime_Core_assignLabel__I)
                  00009800    00000033                                 : Text.oem4f (.text:xdc_runtime_Text_printVisFxn__I)
                  00009833    00000005     --HOLE-- [fill = 0]
                  00009838    00000032     sysbios.aem4f : BIOS.obj (.text:ti_sysbios_hal_Hwi_initStack)
                  0000986a    00000030     rtsv7M4_T_le_v4SPD16_eabi.lib : snprintf.c.obj (.text:_outs)
                  0000989a    00000006     --HOLE-- [fill = 0]
                  000098a0    00000030     rtos_pem4f.oem4f (.text:ti_sysbios_BIOS_atExitFunc__I)
                  000098d0    00000030     sysbios.aem4f : BIOS.obj (.text:ti_sysbios_family_arm_lm4_Timer_stop__E)
                  00009900    00000030                   : BIOS.obj (.text:ti_sysbios_family_arm_m3_TaskSupport_start__E)
                  00009930    00000030     rtos_pem4f.oem4f (.text:ti_sysbios_gates_GateHwi_Object__create__S)
                  00009960    00000030     rtos_pem4f.oem4f (.text:ti_sysbios_gates_GateMutex_Object__create__S)
                  00009990    00000030     rtos_pem4f.oem4f (.text:ti_sysbios_heaps_HeapMem_Object__create__S)
                  000099c0    00000030     sysbios.aem4f : BIOS.obj (.text:ti_sysbios_knl_Mailbox_postInit__I)
                  000099f0    00000030     rtos_pem4f.oem4f (.text:ti_sysbios_knl_Semaphore_construct)
                  00009a20    00000030     sysbios.aem4f : BIOS.obj (.text:ti_sysbios_knl_Semaphore_pendTimeout__I)
                  00009a50    00000030                   : BIOS.obj (.text:ti_sysbios_knl_Task_unblockI__E)
                  00009a80    00000030     ti.targets.arm.rtsarm.aem4f : SysMin.oem4f (.text:xdc_runtime_SysMin_abort__E)
                  00009ab0    00000030                                 : System.oem4f (.text:xdc_runtime_System_processAtExit__E)
                  00009ae0    0000002e     driverlib.lib : adc.obj (.text:ADCIntStatus)
                  00009b0e    0000002e     grlib.lib : string.obj (.text:GrStringNextCharGet)
                  00009b3c    00000004     --HOLE-- [fill = 0]
                  00009b40    0000002e     rtos_pem4f.oem4f (.text:malloc)
                  00009b6e    0000002e     rtsv7M4_T_le_v4SPD16_eabi.lib : i_tofd_t2.asm.obj (.text)
                  00009b9c    00000004     --HOLE-- [fill = 0]
                  00009ba0    0000002c     rtos_pem4f.oem4f (.text:ti_sysbios_knl_Clock_doTick__I)
                  00009bcc    00000004     --HOLE-- [fill = 0]
                  00009bd0    0000002c     rtos_pem4f.oem4f (.text:ti_sysbios_knl_Queue_construct)
                  00009bfc    00000004     --HOLE-- [fill = 0]
                  00009c00    0000002c     sysbios.aem4f : BIOS.obj (.text:ti_sysbios_knl_Task_restore__E)
                  00009c2c    0000002c     ti.targets.arm.rtsarm.aem4f : Text.oem4f (.text:xdc_runtime_Text_cordText__E)
                  00009c58    0000002a     driverlib.lib : gpio.obj (.text:GPIODirModeSet)
                  00009c82    0000002a     ti.targets.arm.rtsarm.aem4f : System.oem4f (.text:xdc_runtime_System_putchar__I)
                  00009cac    00000028     rtsv7M4_T_le_v4SPD16_eabi.lib : e_sqrtf.c.obj (.text:sqrtf)
                  00009cd4    00000004     --HOLE-- [fill = 0]
                  00009cd8    00000028     sysbios.aem4f : BIOS.obj (.text:ti_sysbios_knl_Clock_addI__E)
                  00009d00    00000028                   : BIOS.obj (.text:ti_sysbios_knl_Swi_Module_startup__E)
                  00009d28    00000026     grlib.lib : string.obj (.text:GrFontInfoGet)
                  00009d4e    00000026     sysbios.aem4f : m3_Hwi_asm.obj (.text:ti_sysbios_family_arm_m3_Hwi_pendSV__I)
                  00009d74    00000026     ti.targets.arm.rtsarm.aem4f : System.oem4f (.text:xdc_runtime_System_avprintf__E)
                  00009d9a    00000006     --HOLE-- [fill = 0]
                  00009da0    00000024     rtos_pem4f.oem4f (.text:ti_sysbios_BIOS_errorRaiseHook__I)
                  00009dc4    00000004     --HOLE-- [fill = 0]
                  00009dc8    00000024     rtos_pem4f.oem4f (.text:ti_sysbios_BIOS_registerRTSLock__I)
                  00009dec    00000004     --HOLE-- [fill = 0]
                  00009df0    00000024     rtos_pem4f.oem4f (.text:ti_sysbios_BIOS_removeRTSLock__I)
                  00009e14    00000004     --HOLE-- [fill = 0]
                  00009e18    00000024     rtos_pem4f.oem4f (.text:ti_sysbios_BIOS_startFunc__I)
                  00009e3c    00000004     --HOLE-- [fill = 0]
                  00009e40    00000024     rtos_pem4f.oem4f (.text:ti_sysbios_gates_GateMutex_Object__delete__S)
                  00009e64    00000004     --HOLE-- [fill = 0]
                  00009e68    00000024     sysbios.aem4f : BIOS.obj (.text:ti_sysbios_knl_Clock_Module_startup__E)
                  00009e8c    00000004     --HOLE-- [fill = 0]
                  00009e90    00000024                   : BIOS.obj (.text:ti_sysbios_knl_Task_restoreHwi__E)
                  00009eb4    00000024     ti.targets.arm.rtsarm.aem4f : System.oem4f (.text:xdc_runtime_System_vprintf__E)
                  00009ed8    00000022     grlib.lib : string.obj (.text:GrFontGlyphDataGet)
                  00009efa    00000006     --HOLE-- [fill = 0]
                  00009f00    00000022     sysbios.aem4f : BIOS.obj (.text:ti_sysbios_family_arm_lm4_Timer_write__I)
                  00009f22    00000006     --HOLE-- [fill = 0]
                  00009f28    00000022     rtos_pem4f.oem4f (.text:xdc_runtime_SysMin_output__I)
                  00009f4a    00000002     --HOLE-- [fill = 0]
                  00009f4c    00000020     Boot.aem4f : Boot_sysctl.oem4f (.text:_SysCtlMemTimingGet)
                  00009f6c    00000004     --HOLE-- [fill = 0]
                  00009f70    00000020     rtos_pem4f.oem4f (.text:ti_sysbios_BIOS_rtsLock__I)
                  00009f90    00000020     sysbios.aem4f : m3_Hwi_asm.obj (.text:ti_sysbios_family_arm_m3_Hwi_excHandlerAsm__I)
                  00009fb0    00000020                   : BIOS.obj (.text:ti_sysbios_family_arm_m3_Hwi_excHandler__I)
                  00009fd0    00000020     rtos_pem4f.oem4f (.text:ti_sysbios_gates_GateHwi_Object__delete__S)
                  00009ff0    00000020     rtos_pem4f.oem4f (.text:ti_sysbios_heaps_HeapMem_Object__delete__S)
                  0000a010    00000020     sysbios.aem4f : BIOS.obj (.text:ti_sysbios_knl_Idle_run__E)
                  0000a030    00000020     rtos_pem4f.oem4f (.text:ti_sysbios_knl_Semaphore_Object__destruct__S)
                  0000a050    00000020     ti.targets.arm.rtsarm.aem4f : Registry.oem4f (.text:xdc_runtime_Registry_findById__E)
                  0000a070    00000020                                 : SysMin.oem4f (.text:xdc_runtime_SysMin_Module_startup__E)
                  0000a090    0000001e     driverlib.lib : adc.obj (.text:ADCSequenceDataGet)
                  0000a0ae    00000002     --HOLE-- [fill = 0]
                  0000a0b0    0000001e     Crystalfontz128x128_ST7735.obj (.text:Crystalfontz128x128_ColorTranslate)
                  0000a0ce    0000001e     grlib.lib : string.obj (.text:GrFontCodepageGet)
                  0000a0ec    0000001e     sysbios.aem4f : m3_Hwi_asm_switch.obj (.text:ti_sysbios_family_xxx_Hwi_switchAndRunFunc)
                  0000a10a    00000006     --HOLE-- [fill = 0]
                  0000a110    0000001c     Crystalfontz128x128_ST7735.obj (.text:Crystalfontz128x128_LineDrawV)
                  0000a12c    0000001c     driverlib.lib : sysctl.obj (.text:_SysCtlMemTimingGet)
                  0000a148    0000001c     rtsv7M4_T_le_v4SPD16_eabi.lib : memccpy.c.obj (.text:memccpy)
                  0000a164    00000004     --HOLE-- [fill = 0]
                  0000a168    0000001c     sysbios.aem4f : BIOS.obj (.text:ti_sysbios_gates_GateMutex_Instance_init__E)
                  0000a184    00000004     --HOLE-- [fill = 0]
                  0000a188    0000001c     rtos_pem4f.oem4f (.text:ti_sysbios_knl_Queue_Object__destruct__S)
                  0000a1a4    00000004     --HOLE-- [fill = 0]
                  0000a1a8    0000001c     sysbios.aem4f : BIOS.obj (.text:ti_sysbios_knl_Queue_get__E)
                  0000a1c4    00000004     --HOLE-- [fill = 0]
                  0000a1c8    0000001c                   : BIOS.obj (.text:ti_sysbios_knl_Queue_put__E)
                  0000a1e4    00000004     --HOLE-- [fill = 0]
                  0000a1e8    0000001c                   : BIOS.obj (.text:ti_sysbios_knl_Task_enter__I)
                  0000a204    0000001c     ti.targets.arm.rtsarm.aem4f : Error.oem4f (.text:xdc_runtime_Error_raiseX__E)
                  0000a220    0000001c                                 : Memory.oem4f (.text:xdc_runtime_Memory_valloc__E)
                  0000a23c    0000001c                                 : SysMin.oem4f (.text:xdc_runtime_SysMin_exit__E)
                  0000a258    0000001c                                 : System.oem4f (.text:xdc_runtime_System_abort__E)
                  0000a274    00000004     --HOLE-- [fill = 0]
                  0000a278    0000001a     rtos_pem4f.oem4f (.text:free)
                  0000a292    00000006     --HOLE-- [fill = 0]
                  0000a298    0000001a     rtos_pem4f.oem4f (.text:ti_sysbios_family_arm_m3_Hwi_Handle__label__S)
                  0000a2b2    00000006     --HOLE-- [fill = 0]
                  0000a2b8    0000001a     rtos_pem4f.oem4f (.text:ti_sysbios_gates_GateHwi_Handle__label__S)
                  0000a2d2    00000006     --HOLE-- [fill = 0]
                  0000a2d8    0000001a     rtos_pem4f.oem4f (.text:ti_sysbios_gates_GateMutex_Handle__label__S)
                  0000a2f2    00000006     --HOLE-- [fill = 0]
                  0000a2f8    0000001a     rtos_pem4f.oem4f (.text:ti_sysbios_heaps_HeapMem_Handle__label__S)
                  0000a312    00000006     --HOLE-- [fill = 0]
                  0000a318    0000001a     rtos_pem4f.oem4f (.text:ti_sysbios_knl_Swi_Handle__label__S)
                  0000a332    00000006     --HOLE-- [fill = 0]
                  0000a338    0000001a     rtos_pem4f.oem4f (.text:ti_sysbios_knl_Task_Handle__label__S)
                  0000a352    00000006     --HOLE-- [fill = 0]
                  0000a358    0000001a     rtos_pem4f.oem4f (.text:xdc_runtime_System_aprintf__E)
                  0000a372    00000006     --HOLE-- [fill = 0]
                  0000a378    0000001a     rtos_pem4f.oem4f (.text:xdc_runtime_System_printf__E)
                  0000a392    00000018     driverlib.lib : adc.obj (.text:ADCClockConfigSet)
                  0000a3aa    00000018                   : adc.obj (.text:ADCProcessorTrigger)
                  0000a3c2    00000018                   : gpio.obj (.text:GPIOPinTypeGPIOOutput)
                  0000a3da    00000002     --HOLE-- [fill = 0]
                  0000a3dc    00000018     rtsv7M4_T_le_v4SPD16_eabi.lib : args_main.c.obj (.text:_args_main)
                  0000a3f4    00000018                                   : snprintf.c.obj (.text:_outc)
                  0000a40c    00000004     --HOLE-- [fill = 0]
                  0000a410    00000018     rtos_pem4f.oem4f (.text:ti_sysbios_BIOS_rtsUnlock__I)
                  0000a428    00000018     rtos_pem4f.oem4f (.text:ti_sysbios_family_arm_lm4_Timer_Module__startupDone__F)
                  0000a440    00000018     rtos_pem4f.oem4f (.text:ti_sysbios_family_arm_m3_Hwi_Module__startupDone__F)
                  0000a458    00000018     sysbios.aem4f : m3_TaskSupport_asm.obj (.text:ti_sysbios_family_arm_m3_TaskSupport_swap__E)
                  0000a470    00000018                   : BIOS.obj (.text:ti_sysbios_gates_GateMutex_leave__E)
                  0000a488    00000018     ti.targets.arm.rtsarm.aem4f : Error.oem4f (.text:xdc_runtime_Error_check__E)
                  0000a4a0    00000018                                 : System.oem4f (.text:xdc_runtime_System_exit__E)
                  0000a4b8    00000018                                 : Text.oem4f (.text:xdc_runtime_Text_ropeText__E)
                  0000a4d0    00000016     grlib.lib : string.obj (.text:GrStringDraw)
                  0000a4e6    00000016     rtsv7M4_T_le_v4SPD16_eabi.lib : strchr.c.obj (.text:strchr)
                  0000a4fc    00000004     --HOLE-- [fill = 0]
                  0000a500    00000016     rtos_pem4f.oem4f (.text:ti_sysbios_BIOS_exitFunc__I)
                  0000a516    00000002     --HOLE-- [fill = 0]
                  0000a518    00000016     sysbios.aem4f : BIOS.obj (.text:ti_sysbios_knl_Task_unblock__E)
                  0000a52e    00000002     --HOLE-- [fill = 0]
                  0000a530    00000014     Crystalfontz128x128_ST7735.obj (.text:Crystalfontz128x128_PixelDraw)
                  0000a544    00000014     rtsv7M4_T_le_v4SPD16_eabi.lib : s_copysign.c.obj (.text:copysign)
                  0000a558    00000014                                   : strlen.c.obj (.text:strlen)
                  0000a56c    00000004     --HOLE-- [fill = 0]
                  0000a570    00000014     rtos_pem4f.oem4f (.text:ti_sysbios_family_arm_m3_Hwi_Object__get__S)
                  0000a584    00000004     --HOLE-- [fill = 0]
                  0000a588    00000014     sysbios.aem4f : BIOS.obj (.text:ti_sysbios_family_arm_m3_Hwi_switchFromBootStack__E)
                  0000a59c    00000004     --HOLE-- [fill = 0]
                  0000a5a0    00000014     rtos_pem4f.oem4f (.text:ti_sysbios_heaps_HeapMem_Object__get__S)
                  0000a5b4    00000004     --HOLE-- [fill = 0]
                  0000a5b8    00000014     rtos_pem4f.oem4f (.text:ti_sysbios_knl_Mailbox_Object__get__S)
                  0000a5cc    00000004     --HOLE-- [fill = 0]
                  0000a5d0    00000014     rtos_pem4f.oem4f (.text:ti_sysbios_knl_Swi_Object__get__S)
                  0000a5e4    00000012     driverlib.lib : gpio.obj (.text:GPIOPinTypeADC)
                  0000a5f6    00000012                   : gpio.obj (.text:GPIOPinTypeGPIOInput)
                  0000a608    00000012                   : gpio.obj (.text:GPIOPinTypeSSI)
                  0000a61a    00000006     --HOLE-- [fill = 0]
                  0000a620    00000012     sysbios.aem4f : BIOS.obj (.text:ti_sysbios_hal_Hwi_Module_startup__E)
                  0000a632    00000012     rtsv7M4_T_le_v4SPD16_eabi.lib : wcslen.c.obj (.text:wcslen)
                  0000a644    00000004     --HOLE-- [fill = 0]
                  0000a648    00000012     rtos_pem4f.oem4f (.text:xdc_runtime_Startup_exec__I)
                  0000a65a    00000006     --HOLE-- [fill = 0]
                  0000a660    00000010     rtos_pem4f.oem4f (.text:.bootCodeSection:ti_catalog_arm_cortexm4_tiva_ce_Boot_init__I)
                  0000a670    00000010     driverlib.lib : adc.obj (.text:ADCIntEnable)
                  0000a680    00000010                   : interrupt.obj (.text:IntMasterDisable)
                  0000a690    00000010                   : interrupt.obj (.text:IntMasterEnable)
                  0000a6a0    00000010     sysbios.aem4f : BIOS.obj (.text:ti_sysbios_BIOS_setThreadType__E)
                  0000a6b0    00000010                   : BIOS.obj (.text:ti_sysbios_BIOS_start__E)
                  0000a6c0    00000010                   : m3_TaskSupport_asm.obj (.text:ti_sysbios_family_arm_m3_TaskSupport_glue)
                  0000a6d0    00000010                   : BIOS.obj (.text:ti_sysbios_gates_GateMutex_Instance_finalize__E)
                  0000a6e0    00000010                   : BIOS.obj (.text:ti_sysbios_knl_Semaphore_Instance_finalize__E)
                  0000a6f0    00000010                   : BIOS.obj (.text:ti_sysbios_knl_Swi_disable__E)
                  0000a700    00000010     rtos_pem4f.oem4f (.text:ti_sysbios_knl_Task_Object__get__S)
                  0000a710    00000010     sysbios.aem4f : BIOS.obj (.text:ti_sysbios_knl_Task_disable__E)
                  0000a720    00000010     ti.targets.arm.rtsarm.aem4f : Gate.oem4f (.text:xdc_runtime_Gate_leaveSystem__E)
                  0000a730    00000010                                 : Memory.oem4f (.text:xdc_runtime_Memory_free__E)
                  0000a740    00000010                                 : SysMin.oem4f (.text:xdc_runtime_SysMin_ready__E)
                  0000a750    00000010                                 : System.oem4f (.text:xdc_runtime_System_vsnprintf__E)
                  0000a760    00000010     rtos_pem4f.oem4f (.text:xdc_runtime_Text_visitRope__I)
                  0000a770    0000000e     driverlib.lib : adc.obj (.text:ADCSequenceDisable)
                  0000a77e    0000000e                   : adc.obj (.text:ADCSequenceEnable)
                  0000a78c    0000000e     rtsv7M4_T_le_v4SPD16_eabi.lib : copy_decompress_none.c.obj (.text:decompress:none:__TI_decompress_none)
                  0000a79a    00000006     --HOLE-- [fill = 0]
                  0000a7a0    0000000e     sysbios.aem4f : BIOS.obj (.text:ti_sysbios_knl_Idle_loop__E)
                  0000a7ae    00000002     --HOLE-- [fill = 0]
                  0000a7b0    0000000e                   : BIOS.obj (.text:ti_sysbios_knl_Queue_empty__E)
                  0000a7be    00000002     --HOLE-- [fill = 0]
                  0000a7c0    0000000c     main.obj (.text:ButtonClockFunc)
                  0000a7cc    0000000c     driverlib.lib : cpu.obj (.text:CPUcpsid)
                  0000a7d8    0000000c                   : cpu.obj (.text:CPUcpsie)
                  0000a7e4    00000004     --HOLE-- [fill = 0]
                  0000a7e8    0000000c     HAL_EK_TM4C1294XL_Crystalfontz128x128_ST7735.obj (.text:HAL_LCD_writeData)
                  0000a7f4    0000000c     rtsv7M4_T_le_v4SPD16_eabi.lib : _lock.c.obj (.text:_register_lock)
                  0000a800    0000000c                                   : _lock.c.obj (.text:_register_unlock)
                  0000a80c    0000000c                                   : copy_zero_init.c.obj (.text:decompress:ZI:__TI_zero_init)
                  0000a818    0000000c     sysbios.aem4f : BIOS.obj (.text:ti_sysbios_family_arm_lm4_Timer_getMaxTicks__E)
                  0000a824    00000004     --HOLE-- [fill = 0]
                  0000a828    0000000c                   : BIOS.obj (.text:ti_sysbios_family_arm_m3_TaskSupport_checkStack__E)
                  0000a834    00000004     --HOLE-- [fill = 0]
                  0000a838    0000000c                   : BIOS.obj (.text:ti_sysbios_gates_GateHwi_enter__E)
                  0000a844    00000004     --HOLE-- [fill = 0]
                  0000a848    0000000c     rtos_pem4f.oem4f (.text:ti_sysbios_knl_Queue_Object__get__S)
                  0000a854    0000000c     ti.targets.arm.rtsarm.aem4f : Error.oem4f (.text:xdc_runtime_Error_init__E)
                  0000a860    0000000c                                 : Gate.oem4f (.text:xdc_runtime_Gate_enterSystem__E)
                  0000a86c    0000000c                                 : Memory.oem4f (.text:xdc_runtime_Memory_calloc__E)
                  0000a878    0000000c                                 : Memory.oem4f (.text:xdc_runtime_Memory_getMaxDefaultTypeAlign__E)
                  0000a884    00000004     --HOLE-- [fill = 0]
                  0000a888    0000000a     main.obj (.text:ADCIndexWrap)
                  0000a892    0000000a     driverlib.lib : adc.obj (.text:ADCIntClear)
                  0000a89c    0000000a                   : ssi.obj (.text:SSIDataPut)
                  0000a8a6    0000000a                   : ssi.obj (.text:SSIEnable)
                  0000a8b0    0000000a     rtos_pem4f.oem4f (.text:xdc_runtime_IHeap_alloc)
                  0000a8ba    00000006     --HOLE-- [fill = 0]
                  0000a8c0    0000000a     rtos_pem4f.oem4f (.text:xdc_runtime_IHeap_free)
                  0000a8ca    00000008     grlib.lib : charmap.obj (.text:GrMapISO8859_1_Unicode)
                  0000a8d2    00000008     driverlib.lib : ssi.obj (.text:SSIBusy)
                  0000a8da    00000002     --HOLE-- [fill = 0]
                  0000a8dc    00000008     rtsv7M4_T_le_v4SPD16_eabi.lib : errno.c.obj (.text:__aeabi_errno_addr)
                  0000a8e4    00000008     sysbios.aem4f : BIOS.obj (.text:ti_sysbios_family_arm_lm4_Timer_masterDisable__I)
                  0000a8ec    00000004     --HOLE-- [fill = 0]
                  0000a8f0    00000008                   : BIOS.obj (.text:ti_sysbios_family_arm_m3_Hwi_doSwiRestore__I)
                  0000a8f8    00000008                   : BIOS.obj (.text:ti_sysbios_family_arm_m3_Hwi_startup__E)
                  0000a900    00000006     kiss_fft.obj (.text:kiss_fft)
                  0000a906    00000002     --HOLE-- [fill = 0]
                  0000a908    00000006     sysbios.aem4f : BIOS.obj (.text:ti_sysbios_family_arm_lm4_TimestampProvider_Module_startup__E)
                  0000a90e    00000002     --HOLE-- [fill = 0]
                  0000a910    00000006                   : BIOS.obj (.text:ti_sysbios_family_arm_m3_Hwi_doTaskRestore__I)
                  0000a916    00000002     --HOLE-- [fill = 0]
                  0000a918    00000006                   : BIOS.obj (.text:ti_sysbios_gates_GateHwi_leave__E)
                  0000a91e    00000002     --HOLE-- [fill = 0]
                  0000a920    00000006                   : BIOS.obj (.text:ti_sysbios_heaps_HeapMem_isBlocking__E)
                  0000a926    00000002     --HOLE-- [fill = 0]
                  0000a928    00000006                   : BIOS.obj (.text:ti_sysbios_knl_Queue_Instance_init__E)
                  0000a92e    00000002     --HOLE-- [fill = 0]
                  0000a930    00000006                   : BIOS.obj (.text:ti_sysbios_knl_Swi_startup__E)
                  0000a936    00000002     --HOLE-- [fill = 0]
                  0000a938    00000004     rtos_pem4f.oem4f (.text:ti_sysbios_BIOS_RtsGateProxy_enter__E)
                  0000a93c    00000004     --HOLE-- [fill = 0]
                  0000a940    00000004     rtos_pem4f.oem4f (.text:ti_sysbios_BIOS_RtsGateProxy_leave__E)
                  0000a944    00000004     --HOLE-- [fill = 0]
                  0000a948    00000004     rtos_pem4f.oem4f (.text:ti_sysbios_family_arm_m3_TaskSupport_Module__startupDone__S)
                  0000a94c    00000004     --HOLE-- [fill = 0]
                  0000a950    00000004     sysbios.aem4f : BIOS.obj (.text:ti_sysbios_gates_GateHwi_query__E)
                  0000a954    00000004     --HOLE-- [fill = 0]
                  0000a958    00000004                   : BIOS.obj (.text:ti_sysbios_gates_GateMutex_query__E)
                  0000a95c    00000004     --HOLE-- [fill = 0]
                  0000a960    00000004     rtos_pem4f.oem4f (.text:ti_sysbios_heaps_HeapMem_Module_GateProxy_enter__E)
                  0000a964    00000004     --HOLE-- [fill = 0]
                  0000a968    00000004     rtos_pem4f.oem4f (.text:ti_sysbios_heaps_HeapMem_Module_GateProxy_leave__E)
                  0000a96c    00000004     --HOLE-- [fill = 0]
                  0000a970    00000004     rtos_pem4f.oem4f (.text:ti_sysbios_knl_Clock_TimerProxy_getMaxTicks__E)
                  0000a974    00000004     --HOLE-- [fill = 0]
                  0000a978    00000004     rtos_pem4f.oem4f (.text:ti_sysbios_knl_Queue_destruct)
                  0000a97c    00000004     --HOLE-- [fill = 0]
                  0000a980    00000004     rtos_pem4f.oem4f (.text:ti_sysbios_knl_Semaphore_destruct)
                  0000a984    00000004     --HOLE-- [fill = 0]
                  0000a988    00000004     sysbios.aem4f : BIOS.obj (.text:ti_sysbios_knl_Task_startup__E)
                  0000a98c    00000004     --HOLE-- [fill = 0]
                  0000a990    00000004     rtos_pem4f.oem4f (.text:xdc_runtime_System_Module_GateProxy_enter__E)
                  0000a994    00000004     --HOLE-- [fill = 0]
                  0000a998    00000004     rtos_pem4f.oem4f (.text:xdc_runtime_System_Module_GateProxy_leave__E)
                  0000a99c    00000004     --HOLE-- [fill = 0]
                  0000a9a0    00000002     rtos_pem4f.oem4f (.text:ti_sysbios_BIOS_nullFunc__I)
                  0000a9a2    00000006     --HOLE-- [fill = 0]
                  0000a9a8    00000002     sysbios.aem4f : BIOS.obj (.text:ti_sysbios_gates_GateHwi_Instance_init__E)
                  0000a9aa    00000006     --HOLE-- [fill = 0]
                  0000a9b0    00000002                   : BIOS.obj (.text:ti_sysbios_knl_Clock_logTick__E)
                  0000a9b2    00000006     --HOLE-- [fill = 0]
                  0000a9b8    00000002     rtos_pem4f.oem4f (.text:xdc_runtime_Startup_reset__I)

.const     0    0000a9c0    0000293c     
                  0000a9c0    000019c5     rtos_pem4f.oem4f (.const:xdc_runtime_Text_charTab__A)
                  0000c385    000002f8     grlib.lib : fontfixed6x8.obj (.const:.string:g_pui8FontFixed6x8Data)
                  0000c67d    00000001     rtos_pem4f.oem4f (.const:xdc_runtime_Error_policy__C)
                  0000c67e    00000002     rtos_pem4f.oem4f (.const:ti_catalog_arm_cortexm4_tiva_ce_Boot_Module__id__C)
                  0000c680    00000158     rtsv7M4_T_le_v4SPD16_eabi.lib : k_rem_pio2.c.obj (.const:$O1$$)
                  0000c7d8    00000120     Boot.aem4f : Boot_sysctl.oem4f (.const:g_pppui32XTALtoVCO)
                  0000c8f8    00000120     driverlib.lib : sysctl.obj (.const:g_pppui32XTALtoVCO)
                  0000ca18    00000101     rtsv7M4_T_le_v4SPD16_eabi.lib : ctype.c.obj (.const:.string:_ctypes_)
                  0000cb19    00000001     --HOLE-- [fill = 0]
                  0000cb1a    00000002     rtos_pem4f.oem4f (.const:ti_sysbios_family_arm_lm4_TimestampProvider_Module__id__C)
                  0000cb1c    000000c8     grlib.lib : fontfixed6x8.obj (.const:g_sFontFixed6x8)
                  0000cbe4    000000c8     rtos_pem4f.oem4f (.const:xdc_runtime_Text_nodeTab__A)
                  0000ccac    00000090     driverlib.lib : gpio.obj (.const:g_pui32GPIOBaseAddrs)
                  0000cd3c    0000006c     Boot.aem4f : Boot_sysctl.oem4f (.const:g_pui32Xtals)
                  0000cda8    0000006c     driverlib.lib : sysctl.obj (.const:g_pui32Xtals)
                  0000ce14    00000048     rtos_pem4f.oem4f (.const:.string)
                  0000ce5c    00000030     Boot.aem4f : Boot_sysctl.oem4f (.const:g_sXTALtoMEMTIM)
                  0000ce8c    00000030     driverlib.lib : sysctl.obj (.const:g_sXTALtoMEMTIM)
                  0000cebc    00000030     rtos_pem4f.oem4f (.const)
                  0000ceec    00000028     Crystalfontz128x128_ST7735.obj (.const:g_sCrystalfontz128x128)
                  0000cf14    00000028     rtos_pem4f.oem4f (.const:ti_sysbios_heaps_HeapMem_Module__FXNS__C)
                  0000cf3c    00000028     rtos_pem4f.oem4f (.const:xdc_runtime_Startup_sfxnTab__A)
                  0000cf64    00000024     rtos_pem4f.oem4f (.const:ti_sysbios_gates_GateHwi_Module__FXNS__C)
                  0000cf88    00000024     rtos_pem4f.oem4f (.const:ti_sysbios_gates_GateMutex_Module__FXNS__C)
                  0000cfac    00000024     rtos_pem4f.oem4f (.const:ti_sysbios_heaps_HeapMem_Object__PARAMS__C)
                  0000cfd0    00000024     rtos_pem4f.oem4f (.const:ti_sysbios_knl_Semaphore_Object__PARAMS__C)
                  0000cff4    00000020     rtos_pem4f.oem4f (.const:ti_sysbios_gates_GateHwi_Object__DESC__C)
                  0000d014    00000020     rtos_pem4f.oem4f (.const:ti_sysbios_gates_GateMutex_Object__DESC__C)
                  0000d034    00000020     rtos_pem4f.oem4f (.const:ti_sysbios_heaps_HeapMem_Object__DESC__C)
                  0000d054    00000020     rtos_pem4f.oem4f (.const:ti_sysbios_knl_Queue_Object__DESC__C)
                  0000d074    00000020     rtos_pem4f.oem4f (.const:ti_sysbios_knl_Semaphore_Object__DESC__C)
                  0000d094    00000018     rtos_pem4f.oem4f (.const:ti_sysbios_gates_GateHwi_Object__PARAMS__C)
                  0000d0ac    00000018     rtos_pem4f.oem4f (.const:ti_sysbios_gates_GateMutex_Object__PARAMS__C)
                  0000d0c4    00000018     rtos_pem4f.oem4f (.const:ti_sysbios_knl_Queue_Object__PARAMS__C)
                  0000d0dc    00000018     rtos_pem4f.oem4f (.const:xdc_runtime_Startup_firstFxns__A)
                  0000d0f4    00000014     rtos_pem4f.oem4f (.const:xdc_runtime_Startup_sfxnRts__A)
                  0000d108    00000010     grlib.lib : context.obj (.const)
                  0000d118    00000008     Boot.aem4f : Boot_sysctl.oem4f (.const)
                  0000d120    00000008     driverlib.lib : sysctl.obj (.const)
                  0000d128    00000008     rtos_pem4f.oem4f (.const:ti_sysbios_family_arm_m3_Hwi_excHookFuncs__A)
                  0000d130    00000008     rtos_pem4f.oem4f (.const:ti_sysbios_knl_Idle_funcList__C)
                  0000d138    00000008     rtos_pem4f.oem4f (.const:xdc_runtime_Startup_firstFxns__C)
                  0000d140    00000008     rtos_pem4f.oem4f (.const:xdc_runtime_Startup_lastFxns__C)
                  0000d148    00000004     rtos_pem4f.oem4f (.const:ti_catalog_arm_cortexm4_tiva_ce_Boot_A_mustNotUseEnhancedClockMode__C)
                  0000d14c    00000004     rtos_pem4f.oem4f (.const:ti_catalog_arm_cortexm4_tiva_ce_Boot_Module__diagsEnabled__C)
                  0000d150    00000004     rtos_pem4f.oem4f (.const:ti_catalog_arm_cortexm4_tiva_ce_Boot_Module__diagsIncluded__C)
                  0000d154    00000004     rtos_pem4f.oem4f (.const:ti_catalog_arm_cortexm4_tiva_ce_Boot_Module__diagsMask__C)
                  0000d158    00000004     rtos_pem4f.oem4f (.const:ti_sysbios_family_arm_lm4_Timer_enableFunc__C)
                  0000d15c    00000004     rtos_pem4f.oem4f (.const:ti_sysbios_family_arm_lm4_Timer_numTimerDevices__C)
                  0000d160    00000004     rtos_pem4f.oem4f (.const:ti_sysbios_family_arm_lm4_Timer_startupNeeded__C)
                  0000d164    00000004     rtos_pem4f.oem4f (.const:ti_sysbios_family_arm_lm4_TimestampProvider_Module__diagsEnabled__C)
                  0000d168    00000004     rtos_pem4f.oem4f (.const:ti_sysbios_family_arm_lm4_TimestampProvider_Module__diagsIncluded__C)
                  0000d16c    00000004     rtos_pem4f.oem4f (.const:ti_sysbios_family_arm_lm4_TimestampProvider_Module__diagsMask__C)
                  0000d170    00000004     rtos_pem4f.oem4f (.const:ti_sysbios_family_arm_m3_Hwi_E_NMI__C)
                  0000d174    00000004     rtos_pem4f.oem4f (.const:ti_sysbios_family_arm_m3_Hwi_E_busFault__C)
                  0000d178    00000004     rtos_pem4f.oem4f (.const:ti_sysbios_family_arm_m3_Hwi_E_debugMon__C)
                  0000d17c    00000004     rtos_pem4f.oem4f (.const:ti_sysbios_family_arm_m3_Hwi_E_hardFault__C)
                  0000d180    00000004     rtos_pem4f.oem4f (.const:ti_sysbios_family_arm_m3_Hwi_E_memFault__C)
                  0000d184    00000004     rtos_pem4f.oem4f (.const:ti_sysbios_family_arm_m3_Hwi_E_noIsr__C)
                  0000d188    00000004     rtos_pem4f.oem4f (.const:ti_sysbios_family_arm_m3_Hwi_E_reserved__C)
                  0000d18c    00000004     rtos_pem4f.oem4f (.const:ti_sysbios_family_arm_m3_Hwi_E_svCall__C)
                  0000d190    00000004     rtos_pem4f.oem4f (.const:ti_sysbios_family_arm_m3_Hwi_E_usageFault__C)
                  0000d194    00000004     rtos_pem4f.oem4f (.const:ti_sysbios_family_arm_m3_Hwi_NUM_INTERRUPTS__C)
                  0000d198    00000004     rtos_pem4f.oem4f (.const:ti_sysbios_family_arm_m3_Hwi_Object__count__C)
                  0000d19c    00000004     rtos_pem4f.oem4f (.const:ti_sysbios_family_arm_m3_Hwi_ccr__C)
                  0000d1a0    00000004     rtos_pem4f.oem4f (.const:ti_sysbios_family_arm_m3_Hwi_excHandlerFunc__C)
                  0000d1a4    00000004     rtos_pem4f.oem4f (.const:ti_sysbios_family_arm_m3_Hwi_excHookFuncs__C)
                  0000d1a8    00000004     rtos_pem4f.oem4f (.const:ti_sysbios_family_arm_m3_Hwi_nullIsrFunc__C)
                  0000d1ac    00000004     rtos_pem4f.oem4f (.const:ti_sysbios_family_arm_m3_Hwi_priGroup__C)
                  0000d1b0    00000004     rtos_pem4f.oem4f (.const:ti_sysbios_gates_GateMutex_A_badContext__C)
                  0000d1b4    00000004     rtos_pem4f.oem4f (.const:ti_sysbios_gates_GateMutex_Instance_State_sem__O)
                  0000d1b8    00000004     rtos_pem4f.oem4f (.const:ti_sysbios_gates_GateMutex_Module__diagsEnabled__C)
                  0000d1bc    00000004     rtos_pem4f.oem4f (.const:ti_sysbios_gates_GateMutex_Module__diagsIncluded__C)
                  0000d1c0    00000004     rtos_pem4f.oem4f (.const:ti_sysbios_gates_GateMutex_Module__diagsMask__C)
                  0000d1c4    00000004     rtos_pem4f.oem4f (.const:ti_sysbios_hal_Hwi_E_stackOverflow__C)
                  0000d1c8    00000004     rtos_pem4f.oem4f (.const:ti_sysbios_heaps_HeapMem_A_align__C)
                  0000d1cc    00000004     rtos_pem4f.oem4f (.const:ti_sysbios_heaps_HeapMem_A_heapSize__C)
                  0000d1d0    00000004     rtos_pem4f.oem4f (.const:ti_sysbios_heaps_HeapMem_A_invalidFree__C)
                  0000d1d4    00000004     rtos_pem4f.oem4f (.const:ti_sysbios_heaps_HeapMem_A_zeroBlock__C)
                  0000d1d8    00000004     rtos_pem4f.oem4f (.const:ti_sysbios_heaps_HeapMem_E_memory__C)
                  0000d1dc    00000004     rtos_pem4f.oem4f (.const:ti_sysbios_heaps_HeapMem_Module__diagsEnabled__C)
                  0000d1e0    00000004     rtos_pem4f.oem4f (.const:ti_sysbios_heaps_HeapMem_Module__diagsIncluded__C)
                  0000d1e4    00000004     rtos_pem4f.oem4f (.const:ti_sysbios_heaps_HeapMem_Module__diagsMask__C)
                  0000d1e8    00000004     rtos_pem4f.oem4f (.const:ti_sysbios_heaps_HeapMem_Module__gateObj__C)
                  0000d1ec    00000004     rtos_pem4f.oem4f (.const:ti_sysbios_heaps_HeapMem_Object__count__C)
                  0000d1f0    00000004     rtos_pem4f.oem4f (.const:ti_sysbios_heaps_HeapMem_reqAlign__C)
                  0000d1f4    00000004     rtos_pem4f.oem4f (.const:ti_sysbios_knl_Clock_Module_State_clockQ__O)
                  0000d1f8    00000004     rtos_pem4f.oem4f (.const:ti_sysbios_knl_Idle_funcList__A)
                  0000d1fc    00000004     rtos_pem4f.oem4f (.const:ti_sysbios_knl_Mailbox_Instance_State_dataQue__O)
                  0000d200    00000004     rtos_pem4f.oem4f (.const:ti_sysbios_knl_Mailbox_Instance_State_dataSem__O)
                  0000d204    00000004     rtos_pem4f.oem4f (.const:ti_sysbios_knl_Mailbox_Instance_State_freeQue__O)
                  0000d208    00000004     rtos_pem4f.oem4f (.const:ti_sysbios_knl_Mailbox_Instance_State_freeSem__O)
                  0000d20c    00000004     rtos_pem4f.oem4f (.const:ti_sysbios_knl_Mailbox_Object__count__C)
                  0000d210    00000004     rtos_pem4f.oem4f (.const:ti_sysbios_knl_Mailbox_maxTypeAlign__C)
                  0000d214    00000004     rtos_pem4f.oem4f (.const:ti_sysbios_knl_Semaphore_A_badContext__C)
                  0000d218    00000004     rtos_pem4f.oem4f (.const:ti_sysbios_knl_Semaphore_A_noEvents__C)
                  0000d21c    00000004     rtos_pem4f.oem4f (.const:ti_sysbios_knl_Semaphore_A_overflow__C)
                  0000d220    00000004     rtos_pem4f.oem4f (.const:ti_sysbios_knl_Semaphore_A_pendTaskDisabled__C)
                  0000d224    00000004     rtos_pem4f.oem4f (.const:ti_sysbios_knl_Semaphore_Instance_State_pendQ__O)
                  0000d228    00000004     rtos_pem4f.oem4f (.const:ti_sysbios_knl_Semaphore_Module__diagsEnabled__C)
                  0000d22c    00000004     rtos_pem4f.oem4f (.const:ti_sysbios_knl_Semaphore_Module__diagsIncluded__C)
                  0000d230    00000004     rtos_pem4f.oem4f (.const:ti_sysbios_knl_Semaphore_Module__diagsMask__C)
                  0000d234    00000004     rtos_pem4f.oem4f (.const:ti_sysbios_knl_Swi_Object__count__C)
                  0000d238    00000004     rtos_pem4f.oem4f (.const:ti_sysbios_knl_Task_E_spOutOfBounds__C)
                  0000d23c    00000004     rtos_pem4f.oem4f (.const:ti_sysbios_knl_Task_E_stackOverflow__C)
                  0000d240    00000004     rtos_pem4f.oem4f (.const:ti_sysbios_knl_Task_Module_State_inactiveQ__O)
                  0000d244    00000004     rtos_pem4f.oem4f (.const:ti_sysbios_knl_Task_Object__count__C)
                  0000d248    00000004     rtos_pem4f.oem4f (.const:ti_sysbios_knl_Task_allBlockedFunc__C)
                  0000d24c    00000004     rtos_pem4f.oem4f (.const:ti_sysbios_knl_Task_numConstructedTasks__C)
                  0000d250    00000004     rtos_pem4f.oem4f (.const:xdc_runtime_Assert_E_assertFailed__C)
                  0000d254    00000004     rtos_pem4f.oem4f (.const:xdc_runtime_Core_A_initializedParams__C)
                  0000d258    00000004     rtos_pem4f.oem4f (.const:xdc_runtime_Core_Module__diagsEnabled__C)
                  0000d25c    00000004     rtos_pem4f.oem4f (.const:xdc_runtime_Core_Module__diagsIncluded__C)
                  0000d260    00000004     rtos_pem4f.oem4f (.const:xdc_runtime_Core_Module__diagsMask__C)
                  0000d264    00000004     rtos_pem4f.oem4f (.const:xdc_runtime_Error_E_memory__C)
                  0000d268    00000004     rtos_pem4f.oem4f (.const:xdc_runtime_Error_Module__diagsEnabled__C)
                  0000d26c    00000004     rtos_pem4f.oem4f (.const:xdc_runtime_Error_Module__diagsIncluded__C)
                  0000d270    00000004     rtos_pem4f.oem4f (.const:xdc_runtime_Error_Module__diagsMask__C)
                  0000d274    00000004     rtos_pem4f.oem4f (.const:xdc_runtime_Error_Module__loggerFxn8__C)
                  0000d278    00000004     rtos_pem4f.oem4f (.const:xdc_runtime_Error_Module__loggerObj__C)
                  0000d27c    00000004     rtos_pem4f.oem4f (.const:xdc_runtime_Error_policyFxn__C)
                  0000d280    00000004     rtos_pem4f.oem4f (.const:xdc_runtime_Error_raiseHook__C)
                  0000d284    00000004     rtos_pem4f.oem4f (.const:xdc_runtime_IGateProvider_Interface__BASE__C)
                  0000d288    00000004     rtos_pem4f.oem4f (.const:xdc_runtime_IHeap_Interface__BASE__C)
                  0000d28c    00000004     rtos_pem4f.oem4f (.const:xdc_runtime_IModule_Interface__BASE__C)
                  0000d290    00000004     rtos_pem4f.oem4f (.const:xdc_runtime_Log_L_error__C)
                  0000d294    00000004     rtos_pem4f.oem4f (.const:xdc_runtime_Memory_defaultHeapInstance__C)
                  0000d298    00000004     rtos_pem4f.oem4f (.const:xdc_runtime_Startup_execImpl__C)
                  0000d29c    00000004     rtos_pem4f.oem4f (.const:xdc_runtime_Startup_maxPasses__C)
                  0000d2a0    00000004     rtos_pem4f.oem4f (.const:xdc_runtime_Startup_sfxnRts__C)
                  0000d2a4    00000004     rtos_pem4f.oem4f (.const:xdc_runtime_Startup_sfxnTab__C)
                  0000d2a8    00000004     rtos_pem4f.oem4f (.const:xdc_runtime_SysMin_bufSize__C)
                  0000d2ac    00000004     rtos_pem4f.oem4f (.const:xdc_runtime_SysMin_outputFunc__C)
                  0000d2b0    00000004     rtos_pem4f.oem4f (.const:xdc_runtime_System_Module__gateObj__C)
                  0000d2b4    00000004     rtos_pem4f.oem4f (.const:xdc_runtime_System_abortFxn__C)
                  0000d2b8    00000004     rtos_pem4f.oem4f (.const:xdc_runtime_System_exitFxn__C)
                  0000d2bc    00000004     rtos_pem4f.oem4f (.const:xdc_runtime_System_extendFxn__C)
                  0000d2c0    00000004     rtos_pem4f.oem4f (.const:xdc_runtime_System_maxAtexitHandlers__C)
                  0000d2c4    00000004     rtos_pem4f.oem4f (.const:xdc_runtime_Text_charTab__C)
                  0000d2c8    00000004     rtos_pem4f.oem4f (.const:xdc_runtime_Text_nameEmpty__C)
                  0000d2cc    00000004     rtos_pem4f.oem4f (.const:xdc_runtime_Text_nameStatic__C)
                  0000d2d0    00000004     rtos_pem4f.oem4f (.const:xdc_runtime_Text_nameUnknown__C)
                  0000d2d4    00000004     rtos_pem4f.oem4f (.const:xdc_runtime_Text_nodeTab__C)
                  0000d2d8    00000004     rtos_pem4f.oem4f (.const:xdc_runtime_Text_visitRopeFxn__C)
                  0000d2dc    00000002     rtos_pem4f.oem4f (.const:ti_sysbios_family_arm_lm4_TimestampProvider_useClockTimer__C)
                  0000d2de    00000002     rtos_pem4f.oem4f (.const:ti_sysbios_family_arm_m3_Hwi_Module__id__C)
                  0000d2e0    00000002     rtos_pem4f.oem4f (.const:ti_sysbios_gates_GateMutex_Module__id__C)
                  0000d2e2    00000002     rtos_pem4f.oem4f (.const:ti_sysbios_hal_Hwi_Module__id__C)
                  0000d2e4    00000002     rtos_pem4f.oem4f (.const:ti_sysbios_heaps_HeapMem_Module__id__C)
                  0000d2e6    00000002     rtos_pem4f.oem4f (.const:ti_sysbios_knl_Semaphore_Module__id__C)
                  0000d2e8    00000002     rtos_pem4f.oem4f (.const:ti_sysbios_knl_Task_Module__id__C)
                  0000d2ea    00000002     rtos_pem4f.oem4f (.const:xdc_runtime_Core_Module__id__C)
                  0000d2ec    00000002     rtos_pem4f.oem4f (.const:xdc_runtime_Error_Module__loggerDefined__C)
                  0000d2ee    00000002     rtos_pem4f.oem4f (.const:xdc_runtime_Error_maxDepth__C)
                  0000d2f0    00000002     rtos_pem4f.oem4f (.const:xdc_runtime_Memory_Module__id__C)
                  0000d2f2    00000002     rtos_pem4f.oem4f (.const:xdc_runtime_SysMin_flushAtExit__C)
                  0000d2f4    00000002     rtos_pem4f.oem4f (.const:xdc_runtime_Text_charCnt__C)
                  0000d2f6    00000002     rtos_pem4f.oem4f (.const:xdc_runtime_Text_isLoaded__C)
                  0000d2f8    00000002     rtos_pem4f.oem4f (.const:xdc_runtime_Text_registryModsLastId__C)
                  0000d2fa    00000002     rtos_pem4f.oem4f (.const:xdc_runtime_Text_unnamedModsLastId__C)

.cinit     0    0000d300    000002c8     
                  0000d300    00000293     (.cinit..data.load) [load image, compression = lzss]
                  0000d593    00000001     --HOLE-- [fill = 0]
                  0000d594    0000000c     (__TI_handler_table)
                  0000d5a0    00000008     (.cinit..bss.load) [load image, compression = zero_init]
                  0000d5a8    00000008     (.cinit..vecs.load) [load image, compression = zero_init]
                  0000d5b0    00000018     (__TI_cinit_table)

.init_array 
*          0    00000000    00000000     UNINITIALIZED

.resetVecs 
*          0    00000000    0000003c     
                  00000000    0000003c     rtos_pem4f.oem4f (.resetVecs)

.bss       0    20000360    0000aaee     UNINITIALIZED
                  20000360    00002108     main.obj (.bss:kiss_fft_cfg_buffer)
                  20002468    00002000     main.obj (.bss:in)
                  20004468    00002000     main.obj (.bss:out)
                  20006468    00001c00     rtos_pem4f.oem4f (.bss:taskStackSection)
                  20008068    00001000     (.common:gADCBuffer)
                  20009068    00001000     (.common:gFFTBuffer)
                  2000a068    00000400     (.common:ti_sysbios_heaps_HeapMem_Instance_State_0_buf__A)
                  2000a468    00000360     (.common:ti_sysbios_family_arm_m3_Hwi_dispatchTable)
                  2000a7c8    00000200     (.common:gPixelBuffer)
                  2000a9c8    00000200     (.common:gWaveformBuffer)
                  2000abc8    00000120     rtsv7M4_T_le_v4SPD16_eabi.lib : trgmsg.c.obj (.bss:_CIOBUF_)
                  2000ace8    000000a0     (.common:ti_sysbios_knl_Mailbox_Instance_State_0_allocBuf__A)
                  2000ad88    00000080     (.common:xdc_runtime_SysMin_Module_State_0_outbuf__A)
                  2000ae08    0000002c     (.common:gContext)
                  2000ae34    00000008     (.common:parmbuf)
                  2000ae3c    00000004     (.common:cfg)
                  2000ae40    00000004     (.common:g_psGrLibDefaults)
                  2000ae44    00000002     (.common:Lcd_ScreenHeigth)
                  2000ae46    00000002     (.common:Lcd_ScreenWidth)
                  2000ae48    00000002     (.common:Lcd_TouchTrim)
                  2000ae4a    00000001     (.common:Lcd_FlagRead)
                  2000ae4b    00000001     (.common:Lcd_FontSolid)
                  2000ae4c    00000001     (.common:Lcd_Orientation)
                  2000ae4d    00000001     (.common:Lcd_PenSolid)

.data      0    2000ae50    0000866a     UNINITIALIZED
                  2000ae50    00008000     Crystalfontz128x128_ST7735.obj (.data:Lcd_buffer)
                  20012e50    000001c8     rtos_pem4f.oem4f (.data:ti_sysbios_knl_Task_Object__table__V)
                  20013018    00000080     rtos_pem4f.oem4f (.data:ti_sysbios_knl_Swi_Module_State_0_readyQ__A)
                  20013098    00000080     rtos_pem4f.oem4f (.data:ti_sysbios_knl_Task_Module_State_0_readyQ__A)
                  20013118    00000050     rtos_pem4f.oem4f (.data:ti_sysbios_knl_Mailbox_Object__table__V)
                  20013168    00000050     rtos_pem4f.oem4f (.data:ti_sysbios_knl_Semaphore_Object__table__V)
                  200131b8    00000044     rtos_pem4f.oem4f (.data:ti_sysbios_knl_Task_Module__state__V)
                  200131fc    00000040     rtos_pem4f.oem4f (.data:ti_sysbios_family_arm_lm4_Timer_Module_State_0_device__A)
                  2001323c    00000040     rtos_pem4f.oem4f (.data:ti_sysbios_family_arm_lm4_Timer_Object__table__V)
                  2001327c    00000038     rtos_pem4f.oem4f (.data:ti_sysbios_gates_GateMutex_Object__table__V)
                  200132b4    00000034     rtos_pem4f.oem4f (.data:ti_sysbios_family_arm_m3_Hwi_Module__state__V)
                  200132e8    00000030     rtos_pem4f.oem4f (.data:ti_sysbios_family_arm_m3_Hwi_Object__table__V)
                  20013318    00000030     rtos_pem4f.oem4f (.data:ti_sysbios_knl_Swi_Object__table__V)
                  20013348    0000002c     rtos_pem4f.oem4f (.data:ti_sysbios_knl_Clock_Module__state__V)
                  20013374    00000024     rtos_pem4f.oem4f (.data:ti_sysbios_BIOS_Module__state__V)
                  20013398    00000020     rtos_pem4f.oem4f (.data:ti_sysbios_family_arm_lm4_Timer_Module_State_0_handles__A)
                  200133b8    00000020     rtos_pem4f.oem4f (.data:ti_sysbios_knl_Clock_Object__table__V)
                  200133d8    0000001d     main.obj (.data)
                  200133f5    00000001     --HOLE--
                  200133f6    00000002     rtos_pem4f.oem4f (.data:ti_sysbios_family_arm_m3_Hwi_Module_State_0_excActive__A)
                  200133f8    0000001c     rtos_pem4f.oem4f (.data:ti_sysbios_knl_Swi_Module__state__V)
                  20013414    00000018     rtos_pem4f.oem4f (.data:ti_sysbios_heaps_HeapMem_Object__table__V)
                  2001342c    0000000c     rtos_pem4f.oem4f (.data:ti_sysbios_family_arm_lm4_Timer_Module__state__V)
                  20013438    0000000c     rtos_pem4f.oem4f (.data:xdc_runtime_SysMin_Module__state__V)
                  20013444    00000008     rtsv7M4_T_le_v4SPD16_eabi.lib : _lock.c.obj (.data:$O1$$)
                  2001344c    00000008     rtos_pem4f.oem4f (.data:ti_sysbios_family_arm_lm4_TimestampProvider_Module__state__V)
                  20013454    00000008     rtos_pem4f.oem4f (.data:ti_sysbios_gates_GateHwi_Module__root__V)
                  2001345c    00000008     rtos_pem4f.oem4f (.data:ti_sysbios_gates_GateMutex_Module__root__V)
                  20013464    00000008     rtos_pem4f.oem4f (.data:ti_sysbios_heaps_HeapMem_Module__root__V)
                  2001346c    00000008     rtos_pem4f.oem4f (.data:ti_sysbios_knl_Queue_Module__root__V)
                  20013474    00000008     rtos_pem4f.oem4f (.data:ti_sysbios_knl_Semaphore_Module__root__V)
                  2001347c    00000008     rtos_pem4f.oem4f (.data:xdc_runtime_Registry_Module__state__V)
                  20013484    00000008     rtos_pem4f.oem4f (.data:xdc_runtime_Startup_Module__state__V)
                  2001348c    00000008     rtos_pem4f.oem4f (.data:xdc_runtime_System_Module_State_0_atexitHandlers__A)
                  20013494    00000008     rtos_pem4f.oem4f (.data:xdc_runtime_System_Module__state__V)
                  2001349c    00000004     rtsv7M4_T_le_v4SPD16_eabi.lib : errno.c.obj (.data)
                  200134a0    00000004                                   : stkdepth_vars.c.obj (.data)
                  200134a4    00000004     rtos_pem4f.oem4f (.data:ti_sysbios_family_arm_m3_Hwi_Module_State_0_excContext__A)
                  200134a8    00000004     rtos_pem4f.oem4f (.data:ti_sysbios_family_arm_m3_Hwi_Module_State_0_excStack__A)
                  200134ac    00000004     rtos_pem4f.oem4f (.data:ti_sysbios_gates_GateHwi_Object__table__V)
                  200134b0    00000004     rtos_pem4f.oem4f (.data:ti_sysbios_knl_Task_Module_State_0_idleTask__A)
                  200134b4    00000004     rtos_pem4f.oem4f (.data:xdc_runtime_Memory_Module__state__V)
                  200134b8    00000002     rtos_pem4f.oem4f (.data:xdc_runtime_Error_Module__state__V)

.stack     0    200134c0    00000300     UNINITIALIZED
                  200134c0    00000300     --HOLE--

.bootVecs 
*          0    00000000    00000008     DSECT
                  00000000    00000008     boot.aem4f : boot.oem4f (.bootVecs)

.vecs      0    20000000    00000360     UNINITIALIZED
                  20000000    00000360     rtos_pem4f.oem4f (.vecs)

xdc.meta   0    00000000    00000104     COPY SECTION
                  00000000    00000104     rtos_pem4f.oem4f (xdc.meta)

MODULE SUMMARY

       Module                                             code    ro data   rw data
       ------                                             ----    -------   -------
    .\
       main.obj                                           2270    0         34133  
       Crystalfontz128x128_ST7735.obj                     958     40        32778  
       kiss_fft.obj                                       2602    0         0      
       HAL_EK_TM4C1294XL_Crystalfontz128x128_ST7735.obj   324     0         0      
       sysctl_pll.obj                                     72      0         0      
    +--+--------------------------------------------------+-------+---------+---------+
       Total:                                             6226    40        66911  
                                                                                   
    C:\Users\doate\Desktop\ECE-3849\ECE-3849-Labs\ece3849d19_lab2_mrhagan_doates\Debug\configPkg\package\cfg\
       rtos_pem4f.oem4f                                   1546    7950      11804  
    +--+--------------------------------------------------+-------+---------+---------+
       Total:                                             1546    7950      11804  
                                                                                   
    C:/TI/tirtos_tivac_2_16_00_08/products/TivaWare_C_Series-2.1.1.71b/driverlib/ccs/Debug/driverlib.lib
       sysctl.obj                                         674     452       0      
       gpio.obj                                           508     144       0      
       adc.obj                                            362     0         0      
       ssi.obj                                            88      0         0      
       interrupt.obj                                      32      0         0      
       cpu.obj                                            24      0         0      
    +--+--------------------------------------------------+-------+---------+---------+
       Total:                                             1688    596       0      
                                                                                   
    C:/TI/tirtos_tivac_2_16_00_08/products/TivaWare_C_Series-2.1.1.71b/grlib/ccs/Debug/grlib.lib
       string.obj                                         1192    0         0      
       fontfixed6x8.obj                                   0       960       0      
       line.obj                                           648     0         0      
       rectangle.obj                                      134     0         0      
       context.obj                                        104     16        4      
       charmap.obj                                        8       0         0      
    +--+--------------------------------------------------+-------+---------+---------+
       Total:                                             2086    976       4      
                                                                                   
    C:\Users\doate\Desktop\ECE-3849\ECE-3849-Labs\ece3849d19_lab2_mrhagan_doates\src\sysbios\sysbios.aem4f
       BIOS.obj                                           10612   0         0      
       m3_Hwi_asm.obj                                     314     0         0      
       m3_TaskSupport_asm.obj                             180     0         0      
       m3_Hwi_asm_switch.obj                              118     0         0      
    +--+--------------------------------------------------+-------+---------+---------+
       Total:                                             11224   0         0      
                                                                                   
    C:\ti\tirtos_tivac_2_16_00_08\products\bios_6_45_01_29\packages\ti\catalog\arm\cortexm4\tiva\ce\lib\Boot.aem4f
       Boot_sysctl.oem4f                                  628     452       0      
       Boot.oem4f                                         152     0         0      
    +--+--------------------------------------------------+-------+---------+---------+
       Total:                                             780     452       0      
                                                                                   
    C:\ti\tirtos_tivac_2_16_00_08\products\bios_6_45_01_29\packages\ti\targets\arm\rtsarm\lib\auto_init.aem4f
       auto_init.oem4f                                    160     0         0      
    +--+--------------------------------------------------+-------+---------+---------+
       Total:                                             160     0         0      
                                                                                   
[...]
0000cb1c  g_sFontFixed6x8                                                      
0000cbe4  xdc_runtime_Text_nodeTab__A                                          
0000cebc  AdcHwi                                                               
0000cec0  ButtonClock                                                          
0000cec4  semTriggerButtonScan                                                 
0000cec8  ButtonTask                                                           
0000cecc  WaveformTask                                                         
0000ced0  semTriggerWaveformTask                                               
0000ced4  ButtonMailbox                                                        
0000ced8  semTriggerProcessingTask                                             
0000cedc  ProcessingTask                                                       
0000cee0  semTriggerDisplayTask                                                
0000cee4  DisplayTask                                                          
0000cee8  UserInputTask                                                        
0000ceec  g_sCrystalfontz128x128                                               
0000cf14  ti_sysbios_heaps_HeapMem_Module__FXNS__C                             
0000cf3c  xdc_runtime_Startup_sfxnTab__A                                       
0000cf64  ti_sysbios_gates_GateHwi_Module__FXNS__C                             
0000cf88  ti_sysbios_gates_GateMutex_Module__FXNS__C                           
0000cfac  ti_sysbios_heaps_HeapMem_Object__PARAMS__C                           
0000cfd0  ti_sysbios_knl_Semaphore_Object__PARAMS__C                           
0000cff4  ti_sysbios_gates_GateHwi_Object__DESC__C                             
0000d014  ti_sysbios_gates_GateMutex_Object__DESC__C                           
0000d034  ti_sysbios_heaps_HeapMem_Object__DESC__C                             
0000d054  ti_sysbios_knl_Queue_Object__DESC__C                                 
0000d074  ti_sysbios_knl_Semaphore_Object__DESC__C                             
0000d094  ti_sysbios_gates_GateHwi_Object__PARAMS__C                           
0000d0ac  ti_sysbios_gates_GateMutex_Object__PARAMS__C                         
0000d0c4  ti_sysbios_knl_Queue_Object__PARAMS__C                               
0000d0dc  xdc_runtime_Startup_firstFxns__A                                     
0000d0f4  xdc_runtime_Startup_sfxnRts__A                                       
0000d108  g_psDefaultCodePointMapTable                                         
0000d128  ti_sysbios_family_arm_m3_Hwi_excHookFuncs__A                         
0000d130  ti_sysbios_knl_Idle_funcList__C                                      
0000d138  xdc_runtime_Startup_firstFxns__C                                     
0000d140  xdc_runtime_Startup_lastFxns__C                                      
0000d148  ti_catalog_arm_cortexm4_tiva_ce_Boot_A_mustNotUseEnhancedClockMode__C
0000d14c  ti_catalog_arm_cortexm4_tiva_ce_Boot_Module__diagsEnabled__C         
0000d150  ti_catalog_arm_cortexm4_tiva_ce_Boot_Module__diagsIncluded__C        
0000d154  ti_catalog_arm_cortexm4_tiva_ce_Boot_Module__diagsMask__C            
0000d158  ti_sysbios_family_arm_lm4_Timer_enableFunc__C                        
0000d15c  ti_sysbios_family_arm_lm4_Timer_numTimerDevices__C                   
0000d160  ti_sysbios_family_arm_lm4_Timer_startupNeeded__C                     
0000d164  ti_sysbios_family_arm_lm4_TimestampProvider_Module__diagsEnabled__C  
0000d168  ti_sysbios_family_arm_lm4_TimestampProvider_Module__diagsIncluded__C 
0000d16c  ti_sysbios_family_arm_lm4_TimestampProvider_Module__diagsMask__C     
0000d170  ti_sysbios_family_arm_m3_Hwi_E_NMI__C                                
0000d174  ti_sysbios_family_arm_m3_Hwi_E_busFault__C                           
0000d178  ti_sysbios_family_arm_m3_Hwi_E_debugMon__C                           
0000d17c  ti_sysbios_family_arm_m3_Hwi_E_hardFault__C                          
0000d180  ti_sysbios_family_arm_m3_Hwi_E_memFault__C                           
0000d184  ti_sysbios_family_arm_m3_Hwi_E_noIsr__C                              
0000d188  ti_sysbios_family_arm_m3_Hwi_E_reserved__C                           
0000d18c  ti_sysbios_family_arm_m3_Hwi_E_svCall__C                             
0000d190  ti_sysbios_family_arm_m3_Hwi_E_usageFault__C                         
0000d194  ti_sysbios_family_arm_m3_Hwi_NUM_INTERRUPTS__C                       
0000d198  ti_sysbios_family_arm_m3_Hwi_Object__count__C                        
0000d19c  ti_sysbios_family_arm_m3_Hwi_ccr__C                                  
0000d1a0  ti_sysbios_family_arm_m3_Hwi_excHandlerFunc__C                       
0000d1a4  ti_sysbios_family_arm_m3_Hwi_excHookFuncs__C                         
0000d1a8  ti_sysbios_family_arm_m3_Hwi_nullIsrFunc__C                          
0000d1ac  ti_sysbios_family_arm_m3_Hwi_priGroup__C                             
0000d1b0  ti_sysbios_gates_GateMutex_A_badContext__C                           
0000d1b4  ti_sysbios_gates_GateMutex_Instance_State_sem__O                     
0000d1b8  ti_sysbios_gates_GateMutex_Module__diagsEnabled__C                   
0000d1bc  ti_sysbios_gates_GateMutex_Module__diagsIncluded__C                  
0000d1c0  ti_sysbios_gates_GateMutex_Module__diagsMask__C                      
0000d1c4  ti_sysbios_hal_Hwi_E_stackOverflow__C                                
0000d1c8  ti_sysbios_heaps_HeapMem_A_align__C                                  
0000d1cc  ti_sysbios_heaps_HeapMem_A_heapSize__C                               
0000d1d0  ti_sysbios_heaps_HeapMem_A_invalidFree__C                            
0000d1d4  ti_sysbios_heaps_HeapMem_A_zeroBlock__C                              
0000d1d8  ti_sysbios_heaps_HeapMem_E_memory__C                                 
0000d1dc  ti_sysbios_heaps_HeapMem_Module__diagsEnabled__C                     
0000d1e0  ti_sysbios_heaps_HeapMem_Module__diagsIncluded__C                    
0000d1e4  ti_sysbios_heaps_HeapMem_Module__diagsMask__C                        
0000d1e8  ti_sysbios_heaps_HeapMem_Module__gateObj__C                          
0000d1ec  ti_sysbios_heaps_HeapMem_Object__count__C                            
0000d1f0  ti_sysbios_heaps_HeapMem_reqAlign__C                                 
0000d1f4  ti_sysbios_knl_Clock_Module_State_clockQ__O                          
0000d1f8  ti_sysbios_knl_Idle_funcList__A                                      
0000d1fc  ti_sysbios_knl_Mailbox_Instance_State_dataQue__O                     
0000d200  ti_sysbios_knl_Mailbox_Instance_State_dataSem__O                     
0000d204  ti_sysbios_knl_Mailbox_Instance_State_freeQue__O                     
0000d208  ti_sysbios_knl_Mailbox_Instance_State_freeSem__O                     
0000d20c  ti_sysbios_knl_Mailbox_Object__count__C                              
0000d210  ti_sysbios_knl_Mailbox_maxTypeAlign__C                               
0000d214  ti_sysbios_knl_Semaphore_A_badContext__C                             
0000d218  ti_sysbios_knl_Semaphore_A_noEvents__C                               
0000d21c  ti_sysbios_knl_Semaphore_A_overflow__C                               
0000d220  ti_sysbios_knl_Semaphore_A_pendTaskDisabled__C                       
0000d224  ti_sysbios_knl_Semaphore_Instance_State_pendQ__O                     
0000d228  ti_sysbios_knl_Semaphore_Module__diagsEnabled__C                     
0000d22c  ti_sysbios_knl_Semaphore_Module__diagsIncluded__C                    
0000d230  ti_sysbios_knl_Semaphore_Module__diagsMask__C                        
0000d234  ti_sysbios_knl_Swi_Object__count__C                                  
0000d238  ti_sysbios_knl_Task_E_spOutOfBounds__C                               
0000d23c  ti_sysbios_knl_Task_E_stackOverflow__C                               
0000d240  ti_sysbios_knl_Task_Module_State_inactiveQ__O                        
0000d244  ti_sysbios_knl_Task_Object__count__C                                 
0000d248  ti_sysbios_knl_Task_allBlockedFunc__C                                
0000d24c  ti_sysbios_knl_Task_numConstructedTasks__C                           
0000d250  xdc_runtime_Assert_E_assertFailed__C                                 
0000d254  xdc_runtime_Core_A_initializedParams__C                              
0000d258  xdc_runtime_Core_Module__diagsEnabled__C                             
0000d25c  xdc_runtime_Core_Module__diagsIncluded__C                            
0000d260  xdc_runtime_Core_Module__diagsMask__C                                
0000d264  xdc_runtime_Error_E_memory__C                                        
0000d268  xdc_runtime_Error_Module__diagsEnabled__C                            
0000d26c  xdc_runtime_Error_Module__diagsIncluded__C                           
0000d270  xdc_runtime_Error_Module__diagsMask__C                               
0000d274  xdc_runtime_Error_Module__loggerFxn8__C                              
0000d278  xdc_runtime_Error_Module__loggerObj__C                               
0000d27c  xdc_runtime_Error_policyFxn__C                                       
0000d280  xdc_runtime_Error_raiseHook__C                                       
0000d284  xdc_runtime_IGateProvider_Interface__BASE__C                         
0000d288  xdc_runtime_IHeap_Interface__BASE__C                                 
0000d28c  xdc_runtime_IModule_Interface__BASE__C                               
0000d290  xdc_runtime_Log_L_error__C                                           
0000d294  xdc_runtime_Memory_defaultHeapInstance__C                            
0000d298  xdc_runtime_Startup_execImpl__C                                      
0000d29c  xdc_runtime_Startup_maxPasses__C                                     
0000d2a0  xdc_runtime_Startup_sfxnRts__C                                       
0000d2a4  xdc_runtime_Startup_sfxnTab__C                                       
0000d2a8  xdc_runtime_SysMin_bufSize__C                                        
0000d2ac  xdc_runtime_SysMin_outputFunc__C                                     
0000d2b0  xdc_runtime_System_Module__gateObj__C                                
0000d2b4  xdc_runtime_System_abortFxn__C                                       
0000d2b8  xdc_runtime_System_exitFxn__C                                        
0000d2bc  xdc_runtime_System_extendFxn__C                                      
0000d2c0  xdc_runtime_System_maxAtexitHandlers__C                              
0000d2c4  xdc_runtime_Text_charTab__C                                          
0000d2c8  xdc_runtime_Text_nameEmpty__C                                        
0000d2cc  xdc_runtime_Text_nameStatic__C                                       
0000d2d0  xdc_runtime_Text_nameUnknown__C                                      
0000d2d4  xdc_runtime_Text_nodeTab__C                                          
0000d2d8  xdc_runtime_Text_visitRopeFxn__C                                     
0000d2dc  ti_sysbios_family_arm_lm4_TimestampProvider_useClockTimer__C         
0000d2de  ti_sysbios_family_arm_m3_Hwi_Module__id__C                           
0000d2e0  ti_sysbios_gates_GateMutex_Module__id__C                             
0000d2e2  ti_sysbios_hal_Hwi_Module__id__C                                     
0000d2e4  ti_sysbios_heaps_HeapMem_Module__id__C                               
0000d2e6  ti_sysbios_knl_Semaphore_Module__id__C                               
0000d2e8  ti_sysbios_knl_Task_Module__id__C                                    
0000d2ea  xdc_runtime_Core_Module__id__C                                       
0000d2ec  xdc_runtime_Error_Module__loggerDefined__C                           
0000d2ee  xdc_runtime_Error_maxDepth__C                                        
0000d2f0  xdc_runtime_Memory_Module__id__C                                     
0000d2f2  xdc_runtime_SysMin_flushAtExit__C                                    
0000d2f4  xdc_runtime_Text_charCnt__C                                          
0000d2f6  xdc_runtime_Text_isLoaded__C                                         
0000d2f8  xdc_runtime_Text_registryModsLastId__C                               
0000d2fa  xdc_runtime_Text_unnamedModsLastId__C                                
0000d300  __TI_static_base__                                                   
0000d594  __TI_Handler_Table_Base                                              
0000d5a0  __TI_Handler_Table_Limit                                             
0000d5b0  __TI_CINIT_Base                                                      
0000d5c8  __TI_CINIT_Limit                                                     
20000000  ti_sysbios_family_arm_m3_Hwi_ramVectors                              
20006468  ti_sysbios_knl_Task_Instance_State_0_stack__A                        
20006868  ti_sysbios_knl_Task_Instance_State_1_stack__A                        
20007068  ti_sysbios_knl_Task_Instance_State_2_stack__A                        
20007468  ti_sysbios_knl_Task_Instance_State_3_stack__A                        
20007c68  ti_sysbios_knl_Task_Instance_State_4_stack__A                        
20007e68  ti_sysbios_knl_Task_Instance_State_5_stack__A                        
20008068  gADCBuffer                                                           
20009068  gFFTBuffer                                                           
2000a068  ti_sysbios_heaps_HeapMem_Instance_State_0_buf__A                     
2000a468  ti_sysbios_family_arm_m3_Hwi_dispatchTable                           
2000a7c8  gPixelBuffer                                                         
2000a9c8  gWaveformBuffer                                                      
2000abc8  __CIOBUF_                                                            
2000ace8  ti_sysbios_knl_Mailbox_Instance_State_0_allocBuf__A                  
2000ad88  xdc_runtime_SysMin_Module_State_0_outbuf__A                          
2000ae08  gContext                                                             
2000ae34  parmbuf                                                              
2000ae3c  cfg                                                                  
2000ae44  Lcd_ScreenHeigth                                                     
2000ae46  Lcd_ScreenWidth                                                      
2000ae48  Lcd_TouchTrim                                                        
2000ae4a  Lcd_FlagRead                                                         
2000ae4b  Lcd_FontSolid                                                        
2000ae4c  Lcd_Orientation                                                      
2000ae4d  Lcd_PenSolid                                                         
2000ae50  Lcd_buffer                                                           
20012e50  ti_sysbios_knl_Task_Object__table__V                                 
20013018  ti_sysbios_knl_Swi_Module_State_0_readyQ__A                          
20013098  ti_sysbios_knl_Task_Module_State_0_readyQ__A                         
20013118  ti_sysbios_knl_Mailbox_Object__table__V                              
20013168  ti_sysbios_knl_Semaphore_Object__table__V                            
200131b8  ti_sysbios_knl_Task_Module__state__V                                 
200131fc  ti_sysbios_family_arm_lm4_Timer_Module_State_0_device__A             
2001323c  ti_sysbios_family_arm_lm4_Timer_Object__table__V                     
2001327c  ti_sysbios_gates_GateMutex_Object__table__V                          
200132b4  ti_sysbios_family_arm_m3_Hwi_Module__state__V                        
200132e8  ti_sysbios_family_arm_m3_Hwi_Object__table__V                        
20013318  ti_sysbios_knl_Swi_Object__table__V                                  
20013348  ti_sysbios_knl_Clock_Module__state__V                                
20013374  ti_sysbios_BIOS_Module__state__V                                     
20013398  ti_sysbios_family_arm_lm4_Timer_Module_State_0_handles__A            
200133b8  ti_sysbios_knl_Clock_Object__table__V                                
200133d8  gSystemClockFrequency                                                
200133dc  gTimeMilliseconds                                                    
200133e0  gADCBufferIndex                                                      
200133e4  gADCErrors                                                           
200133e8  gButtonPressCount                                                    
200133ec  gTrigState                                                           
200133ed  gVoltScaleState                                                      
200133ee  gDisplayState                                                        
200133f0  buffer_size                                                          
200133f6  ti_sysbios_family_arm_m3_Hwi_Module_State_0_excActive__A             
200133f8  ti_sysbios_knl_Swi_Module__state__V                                  
20013414  ti_sysbios_heaps_HeapMem_Object__table__V                            
2001342c  ti_sysbios_family_arm_lm4_Timer_Module__state__V                     
20013438  xdc_runtime_SysMin_Module__state__V                                  
20013444  _lock                                                                
20013448  _unlock                                                              
2001344c  ti_sysbios_family_arm_lm4_TimestampProvider_Module__state__V         
20013454  ti_sysbios_gates_GateHwi_Module__root__V                             
2001345c  ti_sysbios_gates_GateMutex_Module__root__V                           
20013464  ti_sysbios_heaps_HeapMem_Module__root__V                             
2001346c  ti_sysbios_knl_Queue_Module__root__V                                 
20013474  ti_sysbios_knl_Semaphore_Module__root__V                             
2001347c  xdc_runtime_Registry_Module__state__V                                
20013484  xdc_runtime_Startup_Module__state__V                                 
2001348c  xdc_runtime_System_Module_State_0_atexitHandlers__A                  
20013494  xdc_runtime_System_Module__state__V                                  
2001349c  errno                                                                
200134a0  main_func_sp                                                         
200134a4  ti_sysbios_family_arm_m3_Hwi_Module_State_0_excContext__A            
200134a8  ti_sysbios_family_arm_m3_Hwi_Module_State_0_excStack__A              
200134ac  ti_sysbios_gates_GateHwi_Object__table__V                            
200134b0  ti_sysbios_knl_Task_Module_State_0_idleTask__A                       
200134b4  xdc_runtime_Memory_Module__state__V                                  
200134b8  xdc_runtime_Error_Module__state__V                                   
200134c0  __stack                                                              
200137c0  __STACK_END                                                          
e000e000  ti_sysbios_family_arm_m3_Hwi_nvic                                    
ffffffff  __TI_pprof_out_hndl                                                  
ffffffff  __TI_prof_data_size                                                  
ffffffff  __TI_prof_data_start                                                 
ffffffff  __binit__                                                            
ffffffff  __c_args__                                                           
ffffffff  binit                                                                
UNDEFED   SHT$$INIT_ARRAY$$Base                                                
UNDEFED   SHT$$INIT_ARRAY$$Limit                                               

[660 symbols]
